Archive member included to satisfy reference by file (symbol)

C:/devkitPro/libctru-master/libctru/lib\libctru.a(console.o)
                              main.o (consoleInit)
C:/devkitPro/libctru-master/libctru/lib\libctru.a(gfx.o)
                              C:/devkitPro/libctru-master/libctru/lib\libctru.a(console.o) (gfxIsWide)
C:/devkitPro/libctru-master/libctru/lib\libctru.a(apt.o)
                              main.o (aptMainLoop)
C:/devkitPro/libctru-master/libctru/lib\libctru.a(gspgpu.o)
                              C:/devkitPro/libctru-master/libctru/lib\libctru.a(gfx.o) (gspInit)
C:/devkitPro/libctru-master/libctru/lib\libctru.a(hid.o)
                              main.o (hidScanInput)
C:/devkitPro/libctru-master/libctru/lib\libctru.a(irrst.o)
                              C:/devkitPro/libctru-master/libctru/lib\libctru.a(hid.o) (irrstInit)
C:/devkitPro/libctru-master/libctru/lib\libctru.a(soc_connect.o)
                              main.o (connect)
C:/devkitPro/libctru-master/libctru/lib\libctru.a(soc_inet_pton.o)
                              main.o (inet_pton)
C:/devkitPro/libctru-master/libctru/lib\libctru.a(soc_init.o)
                              main.o (socInit)
C:/devkitPro/libctru-master/libctru/lib\libctru.a(soc_recv.o)
                              main.o (recv)
C:/devkitPro/libctru-master/libctru/lib\libctru.a(soc_recvfrom.o)
                              C:/devkitPro/libctru-master/libctru/lib\libctru.a(soc_init.o) (soc_recvfrom)
C:/devkitPro/libctru-master/libctru/lib\libctru.a(soc_send.o)
                              main.o (send)
C:/devkitPro/libctru-master/libctru/lib\libctru.a(soc_sendto.o)
                              C:/devkitPro/libctru-master/libctru/lib\libctru.a(soc_init.o) (soc_sendto)
C:/devkitPro/libctru-master/libctru/lib\libctru.a(soc_shutdown.o)
                              main.o (shutdown)
C:/devkitPro/libctru-master/libctru/lib\libctru.a(soc_socket.o)
                              main.o (socket)
C:/devkitPro/libctru-master/libctru/lib\libctru.a(swkbd.o)
                              main.o (swkbdInit)
C:/devkitPro/libctru-master/libctru/lib\libctru.a(utf16_to_utf8.o)
                              C:/devkitPro/libctru-master/libctru/lib\libctru.a(swkbd.o) (utf16_to_utf8)
C:/devkitPro/libctru-master/libctru/lib\libctru.a(utf8_to_utf16.o)
                              C:/devkitPro/libctru-master/libctru/lib\libctru.a(swkbd.o) (utf8_to_utf16)
C:/devkitPro/libctru-master/libctru/lib\libctru.a(ctru_init.o)
                              C:/devkitPro/libctru-master/libctru/lib\libctru.a(apt.o) (__system_retAddr)
C:/devkitPro/libctru-master/libctru/lib\libctru.a(initArgv.o)
                              C:/devkitPro/libctru-master/libctru/lib\libctru.a(ctru_init.o) (__system_initArgv)
C:/devkitPro/libctru-master/libctru/lib\libctru.a(syscalls.o)
                              C:/devkitPro/libctru-master/libctru/lib\libctru.a(ctru_init.o) (__system_initSyscalls)
C:/devkitPro/libctru-master/libctru/lib\libctru.a(svc.o)
                              C:/devkitPro/libctru-master/libctru/lib\libctru.a(apt.o) (svcSleepThread)
C:/devkitPro/libctru-master/libctru/lib\libctru.a(stack_adjust.o)
                              C:/devkitPro/devkitARM/bin/../lib/gcc/arm-none-eabi/15.2.0/../../../../arm-none-eabi/lib/armv6k/fpu/3dsx_crt0.o (initSystem)
C:/devkitPro/libctru-master/libctru/lib\libctru.a(default_font.bin.o)
                              C:/devkitPro/libctru-master/libctru/lib\libctru.a(console.o) (default_font_bin)
C:/devkitPro/libctru-master/libctru/lib\libctru.a(linear.o)
                              C:/devkitPro/libctru-master/libctru/lib\libctru.a(gfx.o) (linearAlloc)
C:/devkitPro/libctru-master/libctru/lib\libctru.a(mem_pool.o)
                              C:/devkitPro/libctru-master/libctru/lib\libctru.a(linear.o) (_ZN7MemPool8AllocateER8MemChunkmi)
C:/devkitPro/libctru-master/libctru/lib\libctru.a(vram.o)
                              C:/devkitPro/libctru-master/libctru/lib\libctru.a(gfx.o) (vramAlloc)
C:/devkitPro/libctru-master/libctru/lib\libctru.a(3dslink.o)
                              C:/devkitPro/libctru-master/libctru/lib\libctru.a(initArgv.o) (__3dslink_host)
C:/devkitPro/libctru-master/libctru/lib\libctru.a(env.o)
                              C:/devkitPro/libctru-master/libctru/lib\libctru.a(irrst.o) (envGetHandle)
C:/devkitPro/libctru-master/libctru/lib\libctru.a(os.o)
                              C:/devkitPro/libctru-master/libctru/lib\libctru.a(syscalls.o) (osGetTime)
C:/devkitPro/libctru-master/libctru/lib\libctru.a(srv.o)
                              C:/devkitPro/libctru-master/libctru/lib\libctru.a(apt.o) (srvInit)
C:/devkitPro/libctru-master/libctru/lib\libctru.a(synchronization.o)
                              C:/devkitPro/libctru-master/libctru/lib\libctru.a(ctru_init.o) (__sync_init)
C:/devkitPro/libctru-master/libctru/lib\libctru.a(thread.o)
[...]
Memory Configuration

Name             Origin             Length             Attributes
*default*        0x00000000         0xffffffff

Linker script and memory map

                0x00000000                        __sync_synchronize = __sync_synchronize_dmb
                0x00100000                        PROVIDE (__start__ = 0x100000)
                0x00100000                        . = __start__

.text           0x00100000    0x2406c
 *(.crt0)
 .crt0          0x00100000       0x94 C:/devkitPro/devkitARM/bin/../lib/gcc/arm-none-eabi/15.2.0/../../../../arm-none-eabi/lib/armv6k/fpu/3dsx_crt0.o
                0x00100000                _start
                0x00100008                __service_ptr
                0x0010000c                __apt_appid
                0x00100010                __heap_size
                0x00100014                __linear_heap_size
                0x00100018                __system_arglist
                0x0010001c                __system_runflags
 *(.init)
 .init          0x00100094        0xc C:/devkitPro/devkitARM/bin/../lib/gcc/arm-none-eabi/15.2.0/armv6k/fpu/crti.o
                0x00100094                _init
 .init          0x001000a0        0xc C:/devkitPro/devkitARM/bin/../lib/gcc/arm-none-eabi/15.2.0/armv6k/fpu/crtn.o
                0x001000ac                        . = ALIGN (0x4)
 *(.text)
 .text          0x001000ac      0x240 C:/devkitPro/devkitARM/bin/../lib/gcc/arm-none-eabi/15.2.0/armv6k/fpu\libgcc.a(_divsi3.o)
                0x001000ac                __divsi3
                0x001000ac                __aeabi_idiv
                0x001002cc                __aeabi_idivmod
 .text          0x001002ec        0x4 C:/devkitPro/devkitARM/bin/../lib/gcc/arm-none-eabi/15.2.0/armv6k/fpu\libgcc.a(_dvmd_tls.o)
                0x001002ec                __aeabi_idiv0
                0x001002ec                __aeabi_ldiv0
 .text          0x001002f0       0x3c C:/devkitPro/devkitARM/bin/../lib/gcc/arm-none-eabi/15.2.0/armv6k/fpu\libgcc.a(_aeabi_uldivmod.o)
                0x001002f0                __aeabi_uldivmod
 *fill*         0x0010032c       0x14 
 .text          0x00100340      0x390 C:/devkitPro/devkitARM/bin/../lib/gcc/arm-none-eabi/15.2.0/../../../../arm-none-eabi/lib/armv6k/fpu\libg.a(libc_a-strcmp.o)
                0x00100348                strcmp
 .text          0x001006d0      0x20c C:/devkitPro/devkitARM/bin/../lib/gcc/arm-none-eabi/15.2.0/armv6k/fpu\libgcc.a(_udivsi3.o)
                0x001006d0                __aeabi_uidiv
                0x001006d0                __udivsi3
                0x001008bc                __aeabi_uidivmod
 .text          0x001008dc      0x3c0 C:/devkitPro/devkitARM/bin/../lib/gcc/arm-none-eabi/15.2.0/armv6k/fpu\libgcc.a(_arm_addsubdf3.o)
                0x001008dc                __aeabi_drsub
                0x001008e4                __aeabi_dsub
                0x001008e4                __subdf3
                0x001008e8                __aeabi_dadd
                0x001008e8                __adddf3
                0x00100b94                __floatunsidf
                0x00100b94                __aeabi_ui2d
                0x00100bb8                __floatsidf
                0x00100bb8                __aeabi_i2d
                0x00100be0                __aeabi_f2d
                0x00100be0                __extendsfdf2
                0x00100c28                __floatundidf
                0x00100c28                __aeabi_ul2d
                0x00100c3c                __floatdidf
                0x00100c3c                __aeabi_l2d
 *(.text.*)
 .text.__do_global_dtors_aux
                0x00100c9c       0x50 C:/devkitPro/devkitARM/bin/../lib/gcc/arm-none-eabi/15.2.0/armv6k/fpu/crtbegin.o
 .text.frame_dummy
                0x00100cec       0x2c C:/devkitPro/devkitARM/bin/../lib/gcc/arm-none-eabi/15.2.0/armv6k/fpu/crtbegin.o
 .text.create_key_mask.part.0
                0x00100d18       0x54 main.o
 .text.prompt_ip.constprop.0
                0x00100d6c       0xd0 main.o
 .text.startup.main
                0x00100e3c      0x37c main.o
                0x00100e3c                main
 .text.consoleDrawChar
                0x001011b8      0x1c8 C:/devkitPro/libctru-master/libctru/lib\libctru.a(console.o)
                0x001011b8                consoleDrawChar
 .text.consolePrintChar
                0x00101380      0x170 C:/devkitPro/libctru-master/libctru/lib\libctru.a(console.o)
                0x00101380                consolePrintChar
 .text.con_write
                0x001014f0      0xcc8 C:/devkitPro/libctru-master/libctru/lib\libctru.a(console.o)
                0x001014f0                con_write
 .text.newRow   0x001021b8       0xfc C:/devkitPro/libctru-master/libctru/lib\libctru.a(console.o)
 .text.consoleInit
                0x001022b4      0x180 C:/devkitPro/libctru-master/libctru/lib\libctru.a(console.o)
                0x001022b4                consoleInit
 .text.gfxPresentFramebuffer
                0x00102434       0xcc C:/devkitPro/libctru-master/libctru/lib\libctru.a(gfx.o)
 .text.gfxIsWide
                0x00102500       0x1c C:/devkitPro/libctru-master/libctru/lib\libctru.a(gfx.o)
                0x00102500                gfxIsWide
 .text.gfxSetScreenFormat
                0x0010251c       0xf8 C:/devkitPro/libctru-master/libctru/lib\libctru.a(gfx.o)
                0x0010251c                gfxSetScreenFormat
 .text.gfxSetDoubleBuffering
                0x00102614       0x10 C:/devkitPro/libctru-master/libctru/lib\libctru.a(gfx.o)
                0x00102614                gfxSetDoubleBuffering
 .text.gfxInit  0x00102624       0xd8 C:/devkitPro/libctru-master/libctru/lib\libctru.a(gfx.o)
                0x00102624                gfxInit
 .text.gfxInitDefault
                0x001026fc       0x10 C:/devkitPro/libctru-master/libctru/lib\libctru.a(gfx.o)
                0x001026fc                gfxInitDefault
 .text.gfxExit  0x0010270c       0xb8 C:/devkitPro/libctru-master/libctru/lib\libctru.a(gfx.o)
                0x0010270c                gfxExit
 .text.gfxGetFramebuffer
                0x001027c4       0xa0 C:/devkitPro/libctru-master/libctru/lib\libctru.a(gfx.o)
                0x001027c4                gfxGetFramebuffer
 .text.gfxFlushBuffers
                0x00102864      0x100 C:/devkitPro/libctru-master/libctru/lib\libctru.a(gfx.o)
                0x00102864                gfxFlushBuffers
 .text.gfxSwapBuffersGpu
                0x00102964       0x50 C:/devkitPro/libctru-master/libctru/lib\libctru.a(gfx.o)
                0x00102964                gfxSwapBuffersGpu
 .text.aptConvertScreenForCapture
                0x001029b4      0x180 C:/devkitPro/libctru-master/libctru/lib\libctru.a(apt.o)
 .text.aptDspSleep
                0x00102b34        0x8 C:/devkitPro/libctru-master/libctru/lib\libctru.a(apt.o)
                0x00102b34                aptDspSleep
 .text.aptDspWakeup
                0x00102b3c        0x4 C:/devkitPro/libctru-master/libctru/lib\libctru.a(apt.o)
                0x00102b3c                aptDspWakeup
 .text.aptDspCancel
                0x00102b40        0x4 C:/devkitPro/libctru-master/libctru/lib\libctru.a(apt.o)
                0x00102b40                aptDspCancel
 .text.aptSendCommand
                0x00102b44      0x138 C:/devkitPro/libctru-master/libctru/lib\libctru.a(apt.o)
                0x00102b44                aptSendCommand
 *fill*         0x00102c7c        0x4 
 .text.aptExitProcess
                0x00102c80       0x44 C:/devkitPro/libctru-master/libctru/lib\libctru.a(apt.o)
 .text.aptExit  0x00102cc4      0x394 C:/devkitPro/libctru-master/libctru/lib\libctru.a(apt.o)
                0x00102cc4                aptExit
 .text.aptHandleSleep
                0x00103058       0xd8 C:/devkitPro/libctru-master/libctru/lib\libctru.a(apt.o)
                0x00103058                aptHandleSleep
 .text.aptSetMessageCallback
                0x00103130       0x1c C:/devkitPro/libctru-master/libctru/lib\libctru.a(apt.o)
                0x00103130                aptSetMessageCallback
 .text.APT_SleepIfShellClosed
                0x0010314c       0x84 C:/devkitPro/libctru-master/libctru/lib\libctru.a(apt.o)
                0x0010314c                APT_SleepIfShellClosed
 .text.aptSetSleepAllowed
                0x001031d0       0x78 C:/devkitPro/libctru-master/libctru/lib\libctru.a(apt.o)
                0x001031d0                aptSetSleepAllowed
 .text.APT_UnlockTransition
                0x00103248       0x84 C:/devkitPro/libctru-master/libctru/lib\libctru.a(apt.o)
                0x00103248                APT_UnlockTransition
 *fill*         0x001032cc        0x4 
 .text.aptEventHandler
                0x001032d0      0x470 C:/devkitPro/libctru-master/libctru/lib\libctru.a(apt.o)
 .text.APT_ReceiveParameter
                0x00103740       0xbc C:/devkitPro/libctru-master/libctru/lib\libctru.a(apt.o)
                0x00103740                APT_ReceiveParameter
 .text.aptReceiveParameter.constprop.0
                0x001037fc       0xb0 C:/devkitPro/libctru-master/libctru/lib\libctru.a(apt.o)
 *fill*         0x001038ac        0x4 
 .text.aptScreenTransfer
                0x001038b0      0x294 C:/devkitPro/libctru-master/libctru/lib\libctru.a(apt.o)
 .text.aptWaitForWakeUp.isra.0
                0x00103b44      0x2d0 C:/devkitPro/libctru-master/libctru/lib\libctru.a(apt.o)
 .text.aptLaunchLibraryApplet
                0x00103e14      0x114 C:/devkitPro/libctru-master/libctru/lib\libctru.a(apt.o)
                0x00103e14                aptLaunchLibraryApplet
 .text.aptJumpToHomeMenu
                0x00103f28       0xf4 C:/devkitPro/libctru-master/libctru/lib\libctru.a(apt.o)
                0x00103f28                aptJumpToHomeMenu
 .text.aptMainLoop
                0x0010401c       0x58 C:/devkitPro/libctru-master/libctru/lib\libctru.a(apt.o)
                0x0010401c                aptMainLoop
 .text.aptInit  0x00104074      0x240 C:/devkitPro/libctru-master/libctru/lib\libctru.a(apt.o)
                0x00104074                aptInit
 .text.APT_SendParameter
                0x001042b4       0x5c C:/devkitPro/libctru-master/libctru/lib\libctru.a(apt.o)
                0x001042b4                APT_SendParameter
 .text.APT_CheckNew3DS
                0x00104310       0x90 C:/devkitPro/libctru-master/libctru/lib\libctru.a(apt.o)
                0x00104310                APT_CheckNew3DS
 .text.gspHardwareInit
                0x001043a0      0xc70 C:/devkitPro/libctru-master/libctru/lib\libctru.a(gspgpu.o)
 .text.gspInit  0x00105010      0x288 C:/devkitPro/libctru-master/libctru/lib\libctru.a(gspgpu.o)
                0x00105010                gspInit
 .text.gspExit  0x00105298      0x104 C:/devkitPro/libctru-master/libctru/lib\libctru.a(gspgpu.o)
                0x00105298                gspExit
 .text.gspHasGpuRight
                0x0010539c       0x10 C:/devkitPro/libctru-master/libctru/lib\libctru.a(gspgpu.o)
                0x0010539c                gspHasGpuRight
 .text.gspPresentBuffer
                0x001053ac       0xa4 C:/devkitPro/libctru-master/libctru/lib\libctru.a(gspgpu.o)
                0x001053ac                gspPresentBuffer
 .text.gspWaitForEvent
                0x00105450       0x50 C:/devkitPro/libctru-master/libctru/lib\libctru.a(gspgpu.o)
                0x00105450                gspWaitForEvent
 .text.gxCmdQueueInterrupt
                0x001054a0        0x4 C:/devkitPro/libctru-master/libctru/lib\libctru.a(gspgpu.o)
                0x001054a0                gxCmdQueueInterrupt
 .text.gspEventThreadMain
                0x001054a4      0x154 C:/devkitPro/libctru-master/libctru/lib\libctru.a(gspgpu.o)
 .text.GSPGPU_FlushDataCache
                0x001055f8       0x50 C:/devkitPro/libctru-master/libctru/lib\libctru.a(gspgpu.o)
                0x001055f8                GSPGPU_FlushDataCache
 .text.GSPGPU_SetLcdForceBlack
                0x00105648       0x34 C:/devkitPro/libctru-master/libctru/lib\libctru.a(gspgpu.o)
                0x00105648                GSPGPU_SetLcdForceBlack
 .text.GSPGPU_AcquireRight
                0x0010567c       0x84 C:/devkitPro/libctru-master/libctru/lib\libctru.a(gspgpu.o)
                0x0010567c                GSPGPU_AcquireRight
 .text.GSPGPU_ReleaseRight
                0x00105700       0x64 C:/devkitPro/libctru-master/libctru/lib\libctru.a(gspgpu.o)
                0x00105700                GSPGPU_ReleaseRight
 .text.GSPGPU_ImportDisplayCaptureInfo
                0x00105764       0x7c C:/devkitPro/libctru-master/libctru/lib\libctru.a(gspgpu.o)
                0x00105764                GSPGPU_ImportDisplayCaptureInfo
 .text.GSPGPU_SaveVramSysArea
                0x001057e0       0x2c C:/devkitPro/libctru-master/libctru/lib\libctru.a(gspgpu.o)
                0x001057e0                GSPGPU_SaveVramSysArea
 .text.GSPGPU_RestoreVramSysArea
                0x0010580c       0x2c C:/devkitPro/libctru-master/libctru/lib\libctru.a(gspgpu.o)
                0x0010580c                GSPGPU_RestoreVramSysArea
 .text.hidShouldUseIrrst
                0x00105838       0x24 C:/devkitPro/libctru-master/libctru/lib\libctru.a(hid.o)
                0x00105838                hidShouldUseIrrst
 .text.hidInit  0x0010585c      0x1cc C:/devkitPro/libctru-master/libctru/lib\libctru.a(hid.o)
                0x0010585c                hidInit
 .text.hidExit  0x00105a28       0xe8 C:/devkitPro/libctru-master/libctru/lib\libctru.a(hid.o)
                0x00105a28                hidExit
 .text.hidScanInput
                0x00105b10      0x2a0 C:/devkitPro/libctru-master/libctru/lib\libctru.a(hid.o)
                0x00105b10                hidScanInput
 .text.hidKeysHeld
                0x00105db0       0x10 C:/devkitPro/libctru-master/libctru/lib\libctru.a(hid.o)
                0x00105db0                hidKeysHeld
 .text.hidKeysDown
                0x00105dc0       0x10 C:/devkitPro/libctru-master/libctru/lib\libctru.a(hid.o)
                0x00105dc0                hidKeysDown
 .text.irrstInit
                0x00105dd0      0x1a4 C:/devkitPro/libctru-master/libctru/lib\libctru.a(irrst.o)
                0x00105dd0                irrstInit
 .text.irrstExit
                0x00105f74       0xdc C:/devkitPro/libctru-master/libctru/lib\libctru.a(irrst.o)
                0x00105f74                irrstExit
 .text.irrstScanInput
                0x00106050       0xb4 C:/devkitPro/libctru-master/libctru/lib\libctru.a(irrst.o)
                0x00106050                irrstScanInput
 .text.irrstKeysHeld
                0x00106104       0x24 C:/devkitPro/libctru-master/libctru/lib\libctru.a(irrst.o)
                0x00106104                irrstKeysHeld
 .text.connect  0x00106128      0x174 C:/devkitPro/libctru-master/libctru/lib\libctru.a(soc_connect.o)
                0x00106128                connect
 .text.inet_pton
                0x0010629c       0x70 C:/devkitPro/libctru-master/libctru/lib\libctru.a(soc_inet_pton.o)
                0x0010629c                inet_pton
 .text.soc_read
                0x0010630c       0x34 C:/devkitPro/libctru-master/libctru/lib\libctru.a(soc_init.o)
 .text.soc_write
                0x00106340       0x34 C:/devkitPro/libctru-master/libctru/lib\libctru.a(soc_init.o)
 .text.soc_close
                0x00106374       0xb0 C:/devkitPro/libctru-master/libctru/lib\libctru.a(soc_init.o)
 .text.socInit  0x00106424      0x190 C:/devkitPro/libctru-master/libctru/lib\libctru.a(soc_init.o)
                0x00106424                socInit
 .text.socExit  0x001065b4       0x88 C:/devkitPro/libctru-master/libctru/lib\libctru.a(soc_init.o)
                0x001065b4                socExit
 .text.recv     0x0010663c       0x20 C:/devkitPro/libctru-master/libctru/lib\libctru.a(soc_recv.o)
                0x0010663c                recv
 .text.socuipc_cmd7
                0x0010665c      0x148 C:/devkitPro/libctru-master/libctru/lib\libctru.a(soc_recvfrom.o)
                0x0010665c                socuipc_cmd7
 .text.socuipc_cmd8
                0x001067a4      0x168 C:/devkitPro/libctru-master/libctru/lib\libctru.a(soc_recvfrom.o)
                0x001067a4                socuipc_cmd8
 .text.soc_recvfrom
                0x0010690c       0x10 C:/devkitPro/libctru-master/libctru/lib\libctru.a(soc_recvfrom.o)
                0x0010690c                soc_recvfrom
 .text.recvfrom
                0x0010691c       0xa4 C:/devkitPro/libctru-master/libctru/lib\libctru.a(soc_recvfrom.o)
                0x0010691c                recvfrom
 .text.send     0x001069c0       0x20 C:/devkitPro/libctru-master/libctru/lib\libctru.a(soc_send.o)
                0x001069c0                send
 .text.socuipc_cmd9
                0x001069e0      0x15c C:/devkitPro/libctru-master/libctru/lib\libctru.a(soc_sendto.o)
                0x001069e0                socuipc_cmd9
 .text.socuipc_cmda
                0x00106b3c      0x160 C:/devkitPro/libctru-master/libctru/lib\libctru.a(soc_sendto.o)
                0x00106b3c                socuipc_cmda
 .text.soc_sendto
                0x00106c9c       0x10 C:/devkitPro/libctru-master/libctru/lib\libctru.a(soc_sendto.o)
                0x00106c9c                soc_sendto
 .text.sendto   0x00106cac       0xa4 C:/devkitPro/libctru-master/libctru/lib\libctru.a(soc_sendto.o)
                0x00106cac                sendto
 .text.shutdown
                0x00106d50      0x108 C:/devkitPro/libctru-master/libctru/lib\libctru.a(soc_shutdown.o)
                0x00106d50                shutdown
 .text.socket   0x00106e58      0x16c C:/devkitPro/libctru-master/libctru/lib\libctru.a(soc_socket.o)
                0x00106e58                socket
 .text.swkbdMessageCallback
                0x00106fc4      0x190 C:/devkitPro/libctru-master/libctru/lib\libctru.a(swkbd.o)
 .text.swkbdInit
                0x00107154       0x84 C:/devkitPro/libctru-master/libctru/lib\libctru.a(swkbd.o)
                0x00107154                swkbdInit
 .text.swkbdSetHintText
                0x001071d8       0x64 C:/devkitPro/libctru-master/libctru/lib\libctru.a(swkbd.o)
                0x001071d8                swkbdSetHintText
 .text.swkbdSetButton
                0x0010723c       0x88 C:/devkitPro/libctru-master/libctru/lib\libctru.a(swkbd.o)
                0x0010723c                swkbdSetButton
 .text.swkbdInputText
                0x001072c4      0x3a8 C:/devkitPro/libctru-master/libctru/lib\libctru.a(swkbd.o)
                0x001072c4                swkbdInputText
 .text.utf16_to_utf8
                0x0010766c       0xe8 C:/devkitPro/libctru-master/libctru/lib\libctru.a(utf16_to_utf8.o)
                0x0010766c                utf16_to_utf8
 .text.utf8_to_utf16
                0x00107754       0xc0 C:/devkitPro/libctru-master/libctru/lib\libctru.a(utf8_to_utf16.o)
                0x00107754                utf8_to_utf16
 .text.__libctru_init
                0x00107814       0x38 C:/devkitPro/libctru-master/libctru/lib\libctru.a(ctru_init.o)
                0x00107814                __libctru_init
 .text.__system_initArgv
                0x0010784c      0x16c C:/devkitPro/libctru-master/libctru/lib\libctru.a(initArgv.o)
                0x0010784c                __system_initArgv
 .text.__syscall_getreent
                0x001079b8       0x30 C:/devkitPro/libctru-master/libctru/lib\libctru.a(syscalls.o)
                0x001079b8                __syscall_getreent
 .text.__syscall_lock_acquire
                0x001079e8        0x4 C:/devkitPro/libctru-master/libctru/lib\libctru.a(syscalls.o)
                0x001079e8                __syscall_lock_acquire
 .text.__syscall_lock_release
                0x001079ec        0x4 C:/devkitPro/libctru-master/libctru/lib\libctru.a(syscalls.o)
                0x001079ec                __syscall_lock_release
 .text.__syscall_lock_acquire_recursive
                0x001079f0        0x4 C:/devkitPro/libctru-master/libctru/lib\libctru.a(syscalls.o)
                0x001079f0                __syscall_lock_acquire_recursive
 .text.__syscall_lock_release_recursive
                0x001079f4        0x4 C:/devkitPro/libctru-master/libctru/lib\libctru.a(syscalls.o)
                0x001079f4                __syscall_lock_release_recursive
 .text.__syscall_exit
                0x001079f8        0x4 C:/devkitPro/libctru-master/libctru/lib\libctru.a(syscalls.o)
                0x001079f8                __syscall_exit
 .text.initThreadVars
                0x001079fc       0x54 C:/devkitPro/libctru-master/libctru/lib\libctru.a(syscalls.o)
                0x001079fc                initThreadVars
 .text.__system_initSyscalls
                0x00107a50       0x80 C:/devkitPro/libctru-master/libctru/lib\libctru.a(syscalls.o)
                0x00107a50                __system_initSyscalls
 .text.svcControlMemory
                0x00107ad0       0x20 C:/devkitPro/libctru-master/libctru/lib\libctru.a(svc.o)
                0x00107ad0                svcControlMemory
 .text.svcQueryMemory
                0x00107af0       0x30 C:/devkitPro/libctru-master/libctru/lib\libctru.a(svc.o)
                0x00107af0                svcQueryMemory
 .text.svcExitProcess
                0x00107b20        0x8 C:/devkitPro/libctru-master/libctru/lib\libctru.a(svc.o)
                0x00107b20                svcExitProcess
 .text.svcCreateThread
                0x00107b28       0x20 C:/devkitPro/libctru-master/libctru/lib\libctru.a(svc.o)
                0x00107b28                svcCreateThread
 .text.svcExitThread
                0x00107b48        0x8 C:/devkitPro/libctru-master/libctru/lib\libctru.a(svc.o)
                0x00107b48                svcExitThread
 .text.svcSleepThread
                0x00107b50        0x8 C:/devkitPro/libctru-master/libctru/lib\libctru.a(svc.o)
                0x00107b50                svcSleepThread
 .text.svcReleaseMutex
                0x00107b58        0x8 C:/devkitPro/libctru-master/libctru/lib\libctru.a(svc.o)
                0x00107b58                svcReleaseMutex
 .text.svcCreateEvent
                0x00107b60       0x14 C:/devkitPro/libctru-master/libctru/lib\libctru.a(svc.o)
                0x00107b60                svcCreateEvent
 .text.svcSignalEvent
                0x00107b74        0x8 C:/devkitPro/libctru-master/libctru/lib\libctru.a(svc.o)
                0x00107b74                svcSignalEvent
 .text.svcClearEvent
                0x00107b7c        0x8 C:/devkitPro/libctru-master/libctru/lib\libctru.a(svc.o)
                0x00107b7c                svcClearEvent
 .text.svcCreateMemoryBlock
                0x00107b84       0x18 C:/devkitPro/libctru-master/libctru/lib\libctru.a(svc.o)
                0x00107b84                svcCreateMemoryBlock
 .text.svcMapMemoryBlock
                0x00107b9c        0x8 C:/devkitPro/libctru-master/libctru/lib\libctru.a(svc.o)
                0x00107b9c                svcMapMemoryBlock
 .text.svcUnmapMemoryBlock
                0x00107ba4        0x8 C:/devkitPro/libctru-master/libctru/lib\libctru.a(svc.o)
                0x00107ba4                svcUnmapMemoryBlock
 .text.svcCreateAddressArbiter
                0x00107bac       0x14 C:/devkitPro/libctru-master/libctru/lib\libctru.a(svc.o)
                0x00107bac                svcCreateAddressArbiter
 .text.svcArbitrateAddressNoTimeout
                0x00107bc0        0x8 C:/devkitPro/libctru-master/libctru/lib\libctru.a(svc.o)
                0x00107bc0                svcArbitrateAddressNoTimeout
 .text.svcCloseHandle
                0x00107bc8        0x8 C:/devkitPro/libctru-master/libctru/lib\libctru.a(svc.o)
                0x00107bc8                svcCloseHandle
 .text.svcWaitSynchronization
                0x00107bd0        0x8 C:/devkitPro/libctru-master/libctru/lib\libctru.a(svc.o)
                0x00107bd0                svcWaitSynchronization
 .text.svcWaitSynchronizationN
                0x00107bd8       0x28 C:/devkitPro/libctru-master/libctru/lib\libctru.a(svc.o)
                0x00107bd8                svcWaitSynchronizationN
 .text.svcDuplicateHandle
                0x00107c00       0x14 C:/devkitPro/libctru-master/libctru/lib\libctru.a(svc.o)
                0x00107c00                svcDuplicateHandle
 .text.svcConnectToPort
                0x00107c14       0x14 C:/devkitPro/libctru-master/libctru/lib\libctru.a(svc.o)
                0x00107c14                svcConnectToPort
 .text.svcSendSyncRequest
                0x00107c28        0x8 C:/devkitPro/libctru-master/libctru/lib\libctru.a(svc.o)
                0x00107c28                svcSendSyncRequest
 .text.svcGetResourceLimit
                0x00107c30       0x14 C:/devkitPro/libctru-master/libctru/lib\libctru.a(svc.o)
                0x00107c30                svcGetResourceLimit
 .text.svcGetResourceLimitLimitValues
                0x00107c44        0x8 C:/devkitPro/libctru-master/libctru/lib\libctru.a(svc.o)
                0x00107c44                svcGetResourceLimitLimitValues
 .text.svcGetResourceLimitCurrentValues
                0x00107c4c        0x8 C:/devkitPro/libctru-master/libctru/lib\libctru.a(svc.o)
                0x00107c4c                svcGetResourceLimitCurrentValues
 .text.svcBreak
                0x00107c54        0x8 C:/devkitPro/libctru-master/libctru/lib\libctru.a(svc.o)
                0x00107c54                svcBreak
 .text.initSystem
                0x00107c5c       0x50 C:/devkitPro/libctru-master/libctru/lib\libctru.a(stack_adjust.o)
                0x00107c5c                initSystem
 .text.__ctru_exit
                0x00107cac       0x14 C:/devkitPro/libctru-master/libctru/lib\libctru.a(stack_adjust.o)
                0x00107cac                __ctru_exit
 .text._ZL21addrMapNodeComparatorPK11rbtree_nodeS1_
                0x00107cc0       0x24 C:/devkitPro/libctru-master/libctru/lib\libctru.a(linear.o)
 .text._ZL21addrMapNodeDestructorP11rbtree_node
                0x00107ce4        0x4 C:/devkitPro/libctru-master/libctru/lib\libctru.a(linear.o)
 .text.linearMemAlign
                0x00107ce8      0x12c C:/devkitPro/libctru-master/libctru/lib\libctru.a(linear.o)
                0x00107ce8                linearMemAlign
 .text.linearAlloc
                0x00107e14        0x8 C:/devkitPro/libctru-master/libctru/lib\libctru.a(linear.o)
                0x00107e14                linearAlloc
 .text.linearFree
                0x00107e1c       0x5c C:/devkitPro/libctru-master/libctru/lib\libctru.a(linear.o)
                0x00107e1c                linearFree
 .text._ZN7MemPool13CoalesceRightEP8MemBlock
                0x00107e78       0x88 C:/devkitPro/libctru-master/libctru/lib\libctru.a(mem_pool.o)
                0x00107e78                _ZN7MemPool13CoalesceRightEP8MemBlock
 .text._ZN7MemPool8AllocateER8MemChunkmi
                0x00107f00      0x178 C:/devkitPro/libctru-master/libctru/lib\libctru.a(mem_pool.o)
                0x00107f00                _ZN7MemPool8AllocateER8MemChunkmi
 .text._ZN7MemPool10DeallocateERK8MemChunk
                0x00108078      0x118 C:/devkitPro/libctru-master/libctru/lib\libctru.a(mem_pool.o)
                0x00108078                _ZN7MemPool10DeallocateERK8MemChunk
 .text._ZN7MemPool12GetFreeSpaceEv
                0x00108190       0x30 C:/devkitPro/libctru-master/libctru/lib\libctru.a(mem_pool.o)
                0x00108190                _ZN7MemPool12GetFreeSpaceEv
 .text._ZL21addrMapNodeComparatorPK11rbtree_nodeS1_
                0x001081c0       0x24 C:/devkitPro/libctru-master/libctru/lib\libctru.a(vram.o)
 .text._ZL21addrMapNodeDestructorP11rbtree_node
                0x001081e4        0x4 C:/devkitPro/libctru-master/libctru/lib\libctru.a(vram.o)
 .text.vramMemAlignAt
                0x001081e8      0x248 C:/devkitPro/libctru-master/libctru/lib\libctru.a(vram.o)
                0x001081e8                vramMemAlignAt
 .text.vramAlloc
                0x00108430        0xc C:/devkitPro/libctru-master/libctru/lib\libctru.a(vram.o)
                0x00108430                vramAlloc
 .text.vramFree
                0x0010843c       0x94 C:/devkitPro/libctru-master/libctru/lib\libctru.a(vram.o)
                0x0010843c                vramFree
 .text.envGetHandle
                0x001084d0       0x8c C:/devkitPro/libctru-master/libctru/lib\libctru.a(env.o)
                0x001084d0                envGetHandle
 .text.envDestroyHandles
                0x0010855c       0x50 C:/devkitPro/libctru-master/libctru/lib\libctru.a(env.o)
                0x0010855c                envDestroyHandles
 .text.__ctru_speedup_config
                0x001085ac       0x34 C:/devkitPro/libctru-master/libctru/lib\libctru.a(os.o)
                0x001085ac                __ctru_speedup_config
 .text.srvInit  0x001085e0      0x164 C:/devkitPro/libctru-master/libctru/lib\libctru.a(srv.o)
                0x001085e0                srvInit
 .text.srvExit  0x00108744       0x64 C:/devkitPro/libctru-master/libctru/lib\libctru.a(srv.o)
                0x00108744                srvExit
 .text.srvEnableNotification
                0x001087a8       0x60 C:/devkitPro/libctru-master/libctru/lib\libctru.a(srv.o)
                0x001087a8                srvEnableNotification
 .text.srvGetServiceHandleDirect
                0x00108808       0xa0 C:/devkitPro/libctru-master/libctru/lib\libctru.a(srv.o)
                0x00108808                srvGetServiceHandleDirect
 .text.srvGetServiceHandle
                0x001088a8       0x48 C:/devkitPro/libctru-master/libctru/lib\libctru.a(srv.o)
                0x001088a8                srvGetServiceHandle
 .text.srvSubscribe
                0x001088f0       0x34 C:/devkitPro/libctru-master/libctru/lib\libctru.a(srv.o)
                0x001088f0                srvSubscribe
 .text.srvReceiveNotification
                0x00108924       0x60 C:/devkitPro/libctru-master/libctru/lib\libctru.a(srv.o)
                0x00108924                srvReceiveNotification
 .text.srvPublishToSubscriber
                0x00108984       0x38 C:/devkitPro/libctru-master/libctru/lib\libctru.a(srv.o)
                0x00108984                srvPublishToSubscriber
 .text.__sync_init
                0x001089bc        0xc C:/devkitPro/libctru-master/libctru/lib\libctru.a(synchronization.o)
                0x001089bc                __sync_init
 .text.__sync_fini
                0x001089c8       0x18 C:/devkitPro/libctru-master/libctru/lib\libctru.a(synchronization.o)
                0x001089c8                __sync_fini
 .text.syncArbitrateAddress
                0x001089e0       0x28 C:/devkitPro/libctru-master/libctru/lib\libctru.a(synchronization.o)
                0x001089e0                syncArbitrateAddress
 .text.LightLock_Lock
                0x00108a08       0xac C:/devkitPro/libctru-master/libctru/lib\libctru.a(synchronization.o)
                0x00108a08                LightLock_Lock
 .text.LightLock_Unlock
                0x00108ab4       0x40 C:/devkitPro/libctru-master/libctru/lib\libctru.a(synchronization.o)
                0x00108ab4                LightLock_Unlock
 .text.RecursiveLock_Lock
                0x00108af4       0x54 C:/devkitPro/libctru-master/libctru/lib\libctru.a(synchronization.o)
                0x00108af4                RecursiveLock_Lock
 .text.RecursiveLock_Unlock
                0x00108b48       0x54 C:/devkitPro/libctru-master/libctru/lib\libctru.a(synchronization.o)
                0x00108b48                RecursiveLock_Unlock
 .text.LightEvent_Init
                0x00108b9c       0x44 C:/devkitPro/libctru-master/libctru/lib\libctru.a(synchronization.o)
                0x00108b9c                LightEvent_Init
 .text.LightEvent_Clear
                0x00108be0       0xb8 C:/devkitPro/libctru-master/libctru/lib\libctru.a(synchronization.o)
                0x00108be0                LightEvent_Clear
 .text.LightEvent_Signal
                0x00108c98       0xdc C:/devkitPro/libctru-master/libctru/lib\libctru.a(synchronization.o)
                0x00108c98                LightEvent_Signal
 .text.LightEvent_TryWait
                0x00108d74       0x50 C:/devkitPro/libctru-master/libctru/lib\libctru.a(synchronization.o)
                0x00108d74                LightEvent_TryWait
 .text.LightEvent_Wait
                0x00108dc4       0xac C:/devkitPro/libctru-master/libctru/lib\libctru.a(synchronization.o)
                0x00108dc4                LightEvent_Wait
 .text.threadCreate
                0x00108e70      0x1fc C:/devkitPro/libctru-master/libctru/lib\libctru.a(thread.o)
                0x00108e70                threadCreate
 .text.threadFree
                0x0010906c       0x38 C:/devkitPro/libctru-master/libctru/lib\libctru.a(thread.o)
                0x0010906c                threadFree
 .text.threadJoin
                0x001090a4       0x24 C:/devkitPro/libctru-master/libctru/lib\libctru.a(thread.o)
                0x001090a4                threadJoin
 .text.threadGetCurrent
                0x001090c8       0x30 C:/devkitPro/libctru-master/libctru/lib\libctru.a(thread.o)
                0x001090c8                threadGetCurrent
 .text.threadExit
                0x001090f8       0x40 C:/devkitPro/libctru-master/libctru/lib\libctru.a(thread.o)
                0x001090f8                threadExit
 .text._thread_begin
                0x00109138       0x20 C:/devkitPro/libctru-master/libctru/lib\libctru.a(thread.o)
 .text.mappableFindAddressWithin
                0x00109158       0x90 C:/devkitPro/libctru-master/libctru/lib\libctru.a(mappable.o)
 .text.mappableInit
                0x001091e8       0x28 C:/devkitPro/libctru-master/libctru/lib\libctru.a(mappable.o)
                0x001091e8                mappableInit
 .text.mappableAlloc
                0x00109210       0x7c C:/devkitPro/libctru-master/libctru/lib\libctru.a(mappable.o)
                0x00109210                mappableAlloc
 .text.mappableFree
                0x0010928c        0x4 C:/devkitPro/libctru-master/libctru/lib\libctru.a(mappable.o)
                0x0010928c                mappableFree
 .text.ptmSysmInit
                0x00109290       0x78 C:/devkitPro/libctru-master/libctru/lib\libctru.a(ptmsysm.o)
                0x00109290                ptmSysmInit
 .text.ptmSysmExit
                0x00109308       0x3c C:/devkitPro/libctru-master/libctru/lib\libctru.a(ptmsysm.o)
                0x00109308                ptmSysmExit
 .text.PTMSYSM_ConfigureNew3DSCPU
                0x00109344       0x34 C:/devkitPro/libctru-master/libctru/lib\libctru.a(ptmsysm.o)
                0x00109344                PTMSYSM_ConfigureNew3DSCPU
 .text.srvPmGetSessionHandle
                0x00109378        0xc C:/devkitPro/libctru-master/libctru/lib\libctru.a(srvpm.o)
                0x00109378                srvPmGetSessionHandle
 .text._net_convert_error
                0x00109384       0x3c C:/devkitPro/libctru-master/libctru/lib\libctru.a(soc_common.o)
                0x00109384                _net_convert_error
 .text.rbtree_find
                0x001093c0       0x74 C:/devkitPro/libctru-master/libctru/lib\libctru.a(rbtree_find.o)
                0x001093c0                rbtree_find
 .text.rbtree_init
                0x00109434       0x10 C:/devkitPro/libctru-master/libctru/lib\libctru.a(rbtree_init.o)
                0x00109434                rbtree_init
 .text.do_insert
                0x00109444      0x198 C:/devkitPro/libctru-master/libctru/lib\libctru.a(rbtree_insert.o)
 .text.rbtree_insert
                0x001095dc        0x8 C:/devkitPro/libctru-master/libctru/lib\libctru.a(rbtree_insert.o)
                0x001095dc                rbtree_insert
 .text.rbtree_remove
                0x001095e4      0x310 C:/devkitPro/libctru-master/libctru/lib\libctru.a(rbtree_remove.o)
                0x001095e4                rbtree_remove
 .text.rbtree_rotate
                0x001098f4       0x90 C:/devkitPro/libctru-master/libctru/lib\libctru.a(rbtree_rotate.o)
                0x001098f4                rbtree_rotate
 .text.decode_utf16
                0x00109984       0x54 C:/devkitPro/libctru-master/libctru/lib\libctru.a(decode_utf16.o)
                0x00109984                decode_utf16
 .text.decode_utf8
                0x001099d8      0x140 C:/devkitPro/libctru-master/libctru/lib\libctru.a(decode_utf8.o)
                0x001099d8                decode_utf8
 .text.encode_utf16
                0x00109b18       0x54 C:/devkitPro/libctru-master/libctru/lib\libctru.a(encode_utf16.o)
                0x00109b18                encode_utf16
 .text.encode_utf8
                0x00109b6c       0xe0 C:/devkitPro/libctru-master/libctru/lib\libctru.a(encode_utf8.o)
                0x00109b6c                encode_utf8
 *fill*         0x00109c4c        0x4 
 .text.__system_allocateHeaps
                0x00109c50      0x1e8 C:/devkitPro/libctru-master/libctru/lib\libctru.a(allocateHeaps.o)
                0x00109c50                __system_allocateHeaps
 .text.__appExit
                0x00109e38       0x30 C:/devkitPro/libctru-master/libctru/lib\libctru.a(appExit.o)
                0x00109e38                __appExit
 .text.__appInit
                0x00109e68       0x30 C:/devkitPro/libctru-master/libctru/lib\libctru.a(appInit.o)
                0x00109e68                __appInit
 .text.__libctru_exit
                0x00109e98       0x90 C:/devkitPro/libctru-master/libctru/lib\libctru.a(ctru_exit.o)
                0x00109e98                __libctru_exit
 .text.error_cmp
                0x00109f28       0x24 C:/devkitPro/libctru-master/libctru/lib\libctru.a(archive_dev.o)
 .text.archive_translate_error
                0x00109f4c       0x50 C:/devkitPro/libctru-master/libctru/lib\libctru.a(archive_dev.o)
 .text.archive_seek
                0x00109f9c       0xc0 C:/devkitPro/libctru-master/libctru/lib\libctru.a(archive_dev.o)
 .text._archiveInit.part.0
                0x0010a05c       0x78 C:/devkitPro/libctru-master/libctru/lib\libctru.a(archive_dev.o)
 .text.archiveFindDevice.part.0
                0x0010a0d4      0x110 C:/devkitPro/libctru-master/libctru/lib\libctru.a(archive_dev.o)
 .text.archive_utf16path
                0x0010a1e4      0x298 C:/devkitPro/libctru-master/libctru/lib\libctru.a(archive_dev.o)
 .text._archiveUnmountDeviceStruct.part.0
                0x0010a47c       0x98 C:/devkitPro/libctru-master/libctru/lib\libctru.a(archive_dev.o)
 .text._archiveMountDevice
                0x0010a514      0x178 C:/devkitPro/libctru-master/libctru/lib\libctru.a(archive_dev.o)
 .text.archive_diropen
                0x0010a68c       0xf8 C:/devkitPro/libctru-master/libctru/lib\libctru.a(archive_dev.o)
 .text.archive_fstat
                0x0010a784       0xac C:/devkitPro/libctru-master/libctru/lib\libctru.a(archive_dev.o)
 .text.archive_fsync
                0x0010a830       0x74 C:/devkitPro/libctru-master/libctru/lib\libctru.a(archive_dev.o)
 .text.archive_close
                0x0010a8a4       0x74 C:/devkitPro/libctru-master/libctru/lib\libctru.a(archive_dev.o)
 .text.archive_dirclose
                0x0010a918       0x78 C:/devkitPro/libctru-master/libctru/lib\libctru.a(archive_dev.o)
 .text.sdmc_statvfs
                0x0010a990       0xec C:/devkitPro/libctru-master/libctru/lib\libctru.a(archive_dev.o)
 .text.archive_chdir
                0x0010aa7c       0xf8 C:/devkitPro/libctru-master/libctru/lib\libctru.a(archive_dev.o)
 .text.archive_ftruncate
                0x0010ab74       0x8c C:/devkitPro/libctru-master/libctru/lib\libctru.a(archive_dev.o)
 .text.archive_read
                0x0010ac00       0xbc C:/devkitPro/libctru-master/libctru/lib\libctru.a(archive_dev.o)
 .text.archive_unlink
                0x0010acbc       0xa8 C:/devkitPro/libctru-master/libctru/lib\libctru.a(archive_dev.o)
 .text.archive_rmdir
                0x0010ad64       0xc0 C:/devkitPro/libctru-master/libctru/lib\libctru.a(archive_dev.o)
 .text.archive_mkdir
                0x0010ae24       0xd8 C:/devkitPro/libctru-master/libctru/lib\libctru.a(archive_dev.o)
 .text.archive_stat
                0x0010aefc      0x1a0 C:/devkitPro/libctru-master/libctru/lib\libctru.a(archive_dev.o)
 .text.archive_dirnext
                0x0010b09c      0x164 C:/devkitPro/libctru-master/libctru/lib\libctru.a(archive_dev.o)
 .text.archive_write
                0x0010b200      0x13c C:/devkitPro/libctru-master/libctru/lib\libctru.a(archive_dev.o)
 *fill*         0x0010b33c        0x4 
 .text.archive_open
                0x0010b340      0x254 C:/devkitPro/libctru-master/libctru/lib\libctru.a(archive_dev.o)
 .text.archive_rename
                0x0010b594      0x270 C:/devkitPro/libctru-master/libctru/lib\libctru.a(archive_dev.o)
 .text.archiveMountSdmc
                0x0010b804      0x1c8 C:/devkitPro/libctru-master/libctru/lib\libctru.a(archive_dev.o)
                0x0010b804                archiveMountSdmc
 .text.archiveUnmountAll
                0x0010b9cc       0x54 C:/devkitPro/libctru-master/libctru/lib\libctru.a(archive_dev.o)
                0x0010b9cc                archiveUnmountAll
 .text.fsInit   0x0010ba20      0x104 C:/devkitPro/libctru-master/libctru/lib\libctru.a(fs.o)
                0x0010ba20                fsInit
 .text.fsExit   0x0010bb24       0x3c C:/devkitPro/libctru-master/libctru/lib\libctru.a(fs.o)
                0x0010bb24                fsExit
 .text.fsExemptFromSession
                0x0010bb60       0x68 C:/devkitPro/libctru-master/libctru/lib\libctru.a(fs.o)
                0x0010bb60                fsExemptFromSession
 .text.fsUnexemptFromSession
                0x0010bbc8       0x50 C:/devkitPro/libctru-master/libctru/lib\libctru.a(fs.o)
                0x0010bbc8                fsUnexemptFromSession
 .text.FSUSER_OpenFile
                0x0010bc18       0xcc C:/devkitPro/libctru-master/libctru/lib\libctru.a(fs.o)
                0x0010bc18                FSUSER_OpenFile
 .text.FSUSER_DeleteFile
                0x0010bce4       0xb8 C:/devkitPro/libctru-master/libctru/lib\libctru.a(fs.o)
                0x0010bce4                FSUSER_DeleteFile
 .text.FSUSER_RenameFile
                0x0010bd9c       0xf4 C:/devkitPro/libctru-master/libctru/lib\libctru.a(fs.o)
                0x0010bd9c                FSUSER_RenameFile
 .text.FSUSER_DeleteDirectory
                0x0010be90       0xb8 C:/devkitPro/libctru-master/libctru/lib\libctru.a(fs.o)
                0x0010be90                FSUSER_DeleteDirectory
 .text.FSUSER_CreateFile
                0x0010bf48       0xd0 C:/devkitPro/libctru-master/libctru/lib\libctru.a(fs.o)
                0x0010bf48                FSUSER_CreateFile
 .text.FSUSER_CreateDirectory
                0x0010c018       0xc0 C:/devkitPro/libctru-master/libctru/lib\libctru.a(fs.o)
                0x0010c018                FSUSER_CreateDirectory
 .text.FSUSER_RenameDirectory
                0x0010c0d8       0xf4 C:/devkitPro/libctru-master/libctru/lib\libctru.a(fs.o)
                0x0010c0d8                FSUSER_RenameDirectory
 .text.FSUSER_OpenDirectory
                0x0010c1cc       0xb4 C:/devkitPro/libctru-master/libctru/lib\libctru.a(fs.o)
                0x0010c1cc                FSUSER_OpenDirectory
 .text.FSUSER_OpenArchive
                0x0010c280       0x90 C:/devkitPro/libctru-master/libctru/lib\libctru.a(fs.o)
                0x0010c280                FSUSER_OpenArchive
 .text.FSUSER_CloseArchive
                0x0010c310       0x8c C:/devkitPro/libctru-master/libctru/lib\libctru.a(fs.o)
                0x0010c310                FSUSER_CloseArchive
 .text.FSUSER_GetSdmcArchiveResource
                0x0010c39c       0x74 C:/devkitPro/libctru-master/libctru/lib\libctru.a(fs.o)
                0x0010c39c                FSUSER_GetSdmcArchiveResource
 .text.FSUSER_IsSdmcWritable
                0x0010c410       0x64 C:/devkitPro/libctru-master/libctru/lib\libctru.a(fs.o)
                0x0010c410                FSUSER_IsSdmcWritable
 .text.FSFILE_Read
                0x0010c474       0x64 C:/devkitPro/libctru-master/libctru/lib\libctru.a(fs.o)
                0x0010c474                FSFILE_Read
 .text.FSFILE_Write
                0x0010c4d8       0x6c C:/devkitPro/libctru-master/libctru/lib\libctru.a(fs.o)
                0x0010c4d8                FSFILE_Write
 .text.FSFILE_GetSize
                0x0010c544       0x44 C:/devkitPro/libctru-master/libctru/lib\libctru.a(fs.o)
                0x0010c544                FSFILE_GetSize
 .text.FSFILE_SetSize
                0x0010c588       0x28 C:/devkitPro/libctru-master/libctru/lib\libctru.a(fs.o)
                0x0010c588                FSFILE_SetSize
 .text.FSFILE_Close
                0x0010c5b0       0x3c C:/devkitPro/libctru-master/libctru/lib\libctru.a(fs.o)
                0x0010c5b0                FSFILE_Close
 .text.FSFILE_Flush
                0x0010c5ec       0x24 C:/devkitPro/libctru-master/libctru/lib\libctru.a(fs.o)
                0x0010c5ec                FSFILE_Flush
 .text.FSDIR_Read
                0x0010c610       0x60 C:/devkitPro/libctru-master/libctru/lib\libctru.a(fs.o)
                0x0010c610                FSDIR_Read
 .text.FSDIR_Close
                0x0010c670       0x3c C:/devkitPro/libctru-master/libctru/lib\libctru.a(fs.o)
                0x0010c670                FSDIR_Close
 .text.rbtree_node_next
                0x0010c6ac       0x60 C:/devkitPro/libctru-master/libctru/lib\libctru.a(rbtree_iterator.o)
                0x0010c6ac                rbtree_node_next
 .text.__aeabi_read_tp
                0x0010c70c        0xc C:/devkitPro/libctru-master/libctru/lib\libctru.a(readtp.o)
                0x0010c70c                __aeabi_read_tp
 .text.__fixdfdi
                0x0010c718       0x2c C:/devkitPro/devkitARM/bin/../lib/gcc/arm-none-eabi/15.2.0/armv6k/fpu\libgcc.a(_fixdfdi.o)
                0x0010c718                __fixdfdi
                0x0010c718                __aeabi_d2lz
 *fill*         0x0010c744        0x4 
 .text.__fixunsdfdi
                0x0010c748       0x40 C:/devkitPro/devkitARM/bin/../lib/gcc/arm-none-eabi/15.2.0/armv6k/fpu\libgcc.a(_fixunsdfdi.o)
                0x0010c748                __fixunsdfdi
                0x0010c748                __aeabi_d2ulz
 .text.__udivmoddi4
                0x0010c788      0x130 C:/devkitPro/devkitARM/bin/../lib/gcc/arm-none-eabi/15.2.0/armv6k/fpu\libgcc.a(_udivmoddi4.o)
                0x0010c788                __udivmoddi4
 .text.strncat  0x0010c8b8       0xe4 C:/devkitPro/devkitARM/bin/../lib/gcc/arm-none-eabi/15.2.0/../../../../arm-none-eabi/lib/armv6k/fpu\libg.a(libc_a-strncat.o)
                0x0010c8b8                strncat
 .text.sscanf   0x0010c99c       0x78 C:/devkitPro/devkitARM/bin/../lib/gcc/arm-none-eabi/15.2.0/../../../../arm-none-eabi/lib/armv6k/fpu\libg.a(libc_a-sscanf.o)
                0x0010c99c                sscanf
 .text.critical_factorization
                0x0010ca14      0x130 C:/devkitPro/devkitARM/bin/../lib/gcc/arm-none-eabi/15.2.0/../../../../arm-none-eabi/lib/armv6k/fpu\libg.a(libc_a-strstr.o)
 .text.two_way_long_needle
                0x0010cb44      0x33c C:/devkitPro/devkitARM/bin/../lib/gcc/arm-none-eabi/15.2.0/../../../../arm-none-eabi/lib/armv6k/fpu\libg.a(libc_a-strstr.o)
 .text.strstr   0x0010ce80      0x238 C:/devkitPro/devkitARM/bin/../lib/gcc/arm-none-eabi/15.2.0/../../../../arm-none-eabi/lib/armv6k/fpu\libg.a(libc_a-strstr.o)
                0x0010ce80                strstr
 .text.memcpy   0x0010d0b8      0x128 C:/devkitPro/devkitARM/bin/../lib/gcc/arm-none-eabi/15.2.0/../../../../arm-none-eabi/lib/armv6k/fpu\libg.a(libc_a-memcpy-stub.o)
                0x0010d0b8                memcpy
 .text.strlen   0x0010d1e0       0x8c C:/devkitPro/devkitARM/bin/../lib/gcc/arm-none-eabi/15.2.0/../../../../arm-none-eabi/lib/armv6k/fpu\libg.a(libc_a-strlen.o)
                0x0010d1e0                strlen
 .text.bsearch  0x0010d26c       0x78 C:/devkitPro/devkitARM/bin/../lib/gcc/arm-none-eabi/15.2.0/../../../../arm-none-eabi/lib/armv6k/fpu\libg.a(libc_a-bsearch.o)
                0x0010d26c                bsearch
 .text.get_arg  0x0010d2e4       0x50 C:/devkitPro/devkitARM/bin/../lib/gcc/arm-none-eabi/15.2.0/../../../../arm-none-eabi/lib/armv6k/fpu\libg.a(libc_a-svfscanf.o)
 .text.__ssvfscanf_r
                0x0010d334     0x2b88 C:/devkitPro/devkitARM/bin/../lib/gcc/arm-none-eabi/15.2.0/../../../../arm-none-eabi/lib/armv6k/fpu\libg.a(libc_a-svfscanf.o)
                0x0010d334                __ssvfscanf_r
 .text.sulp     0x0010febc       0x60 C:/devkitPro/devkitARM/bin/../lib/gcc/arm-none-eabi/15.2.0/../../../../arm-none-eabi/lib/armv6k/fpu\libg.a(libc_a-strtod.o)
 *fill*         0x0010ff1c        0x4 
 .text._strtod_l
                0x0010ff20     0x1428 C:/devkitPro/devkitARM/bin/../lib/gcc/arm-none-eabi/15.2.0/../../../../arm-none-eabi/lib/armv6k/fpu\libg.a(libc_a-strtod.o)
                0x0010ff20                _strtod_l
 .text._strtod_r
                0x00111348       0x44 C:/devkitPro/devkitARM/bin/../lib/gcc/arm-none-eabi/15.2.0/../../../../arm-none-eabi/lib/armv6k/fpu\libg.a(libc_a-strtod.o)
                0x00111348                _strtod_r
 .text.close    0x0011138c       0x20 C:/devkitPro/devkitARM/bin/../lib/gcc/arm-none-eabi/15.2.0/../../../../arm-none-eabi/lib/armv6k/fpu\libg.a(libc_a-sysclose.o)
                0x0011138c                close
 .text.memalign
                0x001113ac       0x28 C:/devkitPro/devkitARM/bin/../lib/gcc/arm-none-eabi/15.2.0/../../../../arm-none-eabi/lib/armv6k/fpu\libg.a(libc_a-malign.o)
                0x001113ac                memalign
 .text._strtoull_l.isra.0
                0x001113d4      0x264 C:/devkitPro/devkitARM/bin/../lib/gcc/arm-none-eabi/15.2.0/../../../../arm-none-eabi/lib/armv6k/fpu\libg.a(libc_a-strtoull.o)
 .text._strtoull_r
                0x00111638       0x38 C:/devkitPro/devkitARM/bin/../lib/gcc/arm-none-eabi/15.2.0/../../../../arm-none-eabi/lib/armv6k/fpu\libg.a(libc_a-strtoull.o)
                0x00111638                _strtoull_r
 .text.rshift   0x00111670       0xf4 C:/devkitPro/devkitARM/bin/../lib/gcc/arm-none-eabi/15.2.0/../../../../arm-none-eabi/lib/armv6k/fpu\libg.a(libc_a-gdtoa-gethex.o)
 .text.__gethex
                0x00111764      0x8b4 C:/devkitPro/devkitARM/bin/../lib/gcc/arm-none-eabi/15.2.0/../../../../arm-none-eabi/lib/armv6k/fpu\libg.a(libc_a-gdtoa-gethex.o)
                0x00111764                __gethex
 .text.printf   0x00112018       0x34 C:/devkitPro/devkitARM/bin/../lib/gcc/arm-none-eabi/15.2.0/../../../../arm-none-eabi/lib/armv6k/fpu\libg.a(libc_a-printf.o)
                0x00112018                printf
 .text._strtoul_l.isra.0
                0x0011204c      0x1ec C:/devkitPro/devkitARM/bin/../lib/gcc/arm-none-eabi/15.2.0/../../../../arm-none-eabi/lib/armv6k/fpu\libg.a(libc_a-strtoul.o)
 .text._strtoul_r
                0x00112238       0x38 C:/devkitPro/devkitARM/bin/../lib/gcc/arm-none-eabi/15.2.0/../../../../arm-none-eabi/lib/armv6k/fpu\libg.a(libc_a-strtoul.o)
                0x00112238                _strtoul_r
 .text.strtoul  0x00112270       0x3c C:/devkitPro/devkitARM/bin/../lib/gcc/arm-none-eabi/15.2.0/../../../../arm-none-eabi/lib/armv6k/fpu\libg.a(libc_a-strtoul.o)
                0x00112270                strtoul
 .text._mbrtowc_r
                0x001122ac       0xc4 C:/devkitPro/devkitARM/bin/../lib/gcc/arm-none-eabi/15.2.0/../../../../arm-none-eabi/lib/armv6k/fpu\libg.a(libc_a-mbrtowc.o)
                0x001122ac                _mbrtowc_r
 .text.strchr   0x00112370      0x140 C:/devkitPro/devkitARM/bin/../lib/gcc/arm-none-eabi/15.2.0/../../../../arm-none-eabi/lib/armv6k/fpu\libg.a(libc_a-strchr.o)
                0x00112370                strchr
 .text.memcmp   0x001124b0       0xd8 C:/devkitPro/devkitARM/bin/../lib/gcc/arm-none-eabi/15.2.0/../../../../arm-none-eabi/lib/armv6k/fpu\libg.a(libc_a-memcmp.o)
                0x001124b0                memcmp
 .text.__sccl   0x00112588       0xf8 C:/devkitPro/devkitARM/bin/../lib/gcc/arm-none-eabi/15.2.0/../../../../arm-none-eabi/lib/armv6k/fpu\libg.a(libc_a-sccl.o)
                0x00112588                __sccl
 .text._memalign_r
                0x00112680      0x16c C:/devkitPro/devkitARM/bin/../lib/gcc/arm-none-eabi/15.2.0/../../../../arm-none-eabi/lib/armv6k/fpu\libg.a(libc_a-malignr.o)
                0x00112680                _memalign_r
 .text.__errno  0x001127ec        0xc C:/devkitPro/devkitARM/bin/../lib/gcc/arm-none-eabi/15.2.0/../../../../arm-none-eabi/lib/armv6k/fpu\libg.a(libc_a-errno.o)
                0x001127ec                __errno
 .text._strtoll_l.isra.0
                0x001127f8      0x47c C:/devkitPro/devkitARM/bin/../lib/gcc/arm-none-eabi/15.2.0/../../../../arm-none-eabi/lib/armv6k/fpu\libg.a(libc_a-strtoll.o)
 .text._strtoll_r
                0x00112c74       0x38 C:/devkitPro/devkitARM/bin/../lib/gcc/arm-none-eabi/15.2.0/../../../../arm-none-eabi/lib/armv6k/fpu\libg.a(libc_a-strtoll.o)
                0x00112c74                _strtoll_r
 .text.__locale_mb_cur_max
                0x00112cac       0x24 C:/devkitPro/devkitARM/bin/../lib/gcc/arm-none-eabi/15.2.0/../../../../arm-none-eabi/lib/armv6k/fpu\libg.a(libc_a-locale.o)
                0x00112cac                __locale_mb_cur_max
 .text.memset   0x00112cd0       0xe4 C:/devkitPro/devkitARM/bin/../lib/gcc/arm-none-eabi/15.2.0/../../../../arm-none-eabi/lib/armv6k/fpu\libg.a(libc_a-memset.o)
                0x00112cd0                memset
 .text.__sflush_r
                0x00112db4      0x22c C:/devkitPro/devkitARM/bin/../lib/gcc/arm-none-eabi/15.2.0/../../../../arm-none-eabi/lib/armv6k/fpu\libg.a(libc_a-fflush.o)
                0x00112db4                __sflush_r
 .text._fflush_r
                0x00112fe0       0xc4 C:/devkitPro/devkitARM/bin/../lib/gcc/arm-none-eabi/15.2.0/../../../../arm-none-eabi/lib/armv6k/fpu\libg.a(libc_a-fflush.o)
                0x00112fe0                _fflush_r
 .text.realloc  0x001130a4       0x28 C:/devkitPro/devkitARM/bin/../lib/gcc/arm-none-eabi/15.2.0/../../../../arm-none-eabi/lib/armv6k/fpu\libg.a(libc_a-realloc.o)
                0x001130a4                realloc
 .text._malloc_r
                0x001130cc      0x82c C:/devkitPro/devkitARM/bin/../lib/gcc/arm-none-eabi/15.2.0/../../../../arm-none-eabi/lib/armv6k/fpu\libg.a(libc_a-mallocr.o)
                0x001130cc                _malloc_r
 .text._malloc_trim_r
                0x001138f8      0x114 C:/devkitPro/devkitARM/bin/../lib/gcc/arm-none-eabi/15.2.0/../../../../arm-none-eabi/lib/armv6k/fpu\libg.a(libc_a-freer.o)
                0x001138f8                _malloc_trim_r
 .text._free_r  0x00113a0c      0x314 C:/devkitPro/devkitARM/bin/../lib/gcc/arm-none-eabi/15.2.0/../../../../arm-none-eabi/lib/armv6k/fpu\libg.a(libc_a-freer.o)
                0x00113a0c                _free_r
 .text.setvbuf  0x00113d20      0x294 C:/devkitPro/devkitARM/bin/../lib/gcc/arm-none-eabi/15.2.0/../../../../arm-none-eabi/lib/armv6k/fpu\libg.a(libc_a-setvbuf.o)
                0x00113d20                setvbuf
 .text._sungetc_r
                0x00113fb4       0xe4 C:/devkitPro/devkitARM/bin/../lib/gcc/arm-none-eabi/15.2.0/../../../../arm-none-eabi/lib/armv6k/fpu\libg.a(libc_a-svfiscanf.o)
                0x00113fb4                _sungetc_r
 .text.__ssrefill_r
                0x00114098       0x6c C:/devkitPro/devkitARM/bin/../lib/gcc/arm-none-eabi/15.2.0/../../../../arm-none-eabi/lib/armv6k/fpu\libg.a(libc_a-svfiscanf.o)
                0x00114098                __ssrefill_r
 .text._sfread_r
                0x00114104       0xb4 C:/devkitPro/devkitARM/bin/../lib/gcc/arm-none-eabi/15.2.0/../../../../arm-none-eabi/lib/armv6k/fpu\libg.a(libc_a-svfiscanf.o)
                0x00114104                _sfread_r
 .text.stdio_exit_handler
                0x001141b8       0x1c C:/devkitPro/devkitARM/bin/../lib/gcc/arm-none-eabi/15.2.0/../../../../arm-none-eabi/lib/armv6k/fpu\libg.a(libc_a-findfp.o)
 .text.cleanup_stdio
                0x001141d4       0x5c C:/devkitPro/devkitARM/bin/../lib/gcc/arm-none-eabi/15.2.0/../../../../arm-none-eabi/lib/armv6k/fpu\libg.a(libc_a-findfp.o)
 .text.global_stdio_init.part.0
                0x00114230      0x154 C:/devkitPro/devkitARM/bin/../lib/gcc/arm-none-eabi/15.2.0/../../../../arm-none-eabi/lib/armv6k/fpu\libg.a(libc_a-findfp.o)
 .text.__sinit  0x00114384       0x5c C:/devkitPro/devkitARM/bin/../lib/gcc/arm-none-eabi/15.2.0/../../../../arm-none-eabi/lib/armv6k/fpu\libg.a(libc_a-findfp.o)
                0x00114384                __sinit
 .text.__sfp_lock_acquire
                0x001143e0        0xc C:/devkitPro/devkitARM/bin/../lib/gcc/arm-none-eabi/15.2.0/../../../../arm-none-eabi/lib/armv6k/fpu\libg.a(libc_a-findfp.o)
                0x001143e0                __sfp_lock_acquire
 .text.__sfp_lock_release
                0x001143ec        0xc C:/devkitPro/devkitARM/bin/../lib/gcc/arm-none-eabi/15.2.0/../../../../arm-none-eabi/lib/armv6k/fpu\libg.a(libc_a-findfp.o)
                0x001143ec                __sfp_lock_release
 .text._strtol_l.part.0
                0x001143f8      0x384 C:/devkitPro/devkitARM/bin/../lib/gcc/arm-none-eabi/15.2.0/../../../../arm-none-eabi/lib/armv6k/fpu\libg.a(libc_a-strtol.o)
 .text._strtol_r
                0x0011477c       0x6c C:/devkitPro/devkitARM/bin/../lib/gcc/arm-none-eabi/15.2.0/../../../../arm-none-eabi/lib/armv6k/fpu\libg.a(libc_a-strtol.o)
                0x0011477c                _strtol_r
 .text.__libc_init_array
                0x001147e8       0x84 C:/devkitPro/devkitARM/bin/../lib/gcc/arm-none-eabi/15.2.0/../../../../arm-none-eabi/lib/armv6k/fpu\libg.a(libc_a-init.o)
                0x001147e8                __libc_init_array
 .text.strncpy  0x0011486c       0xd4 C:/devkitPro/devkitARM/bin/../lib/gcc/arm-none-eabi/15.2.0/../../../../arm-none-eabi/lib/armv6k/fpu\libg.a(libc_a-strncpy.o)
                0x0011486c                strncpy
 .text.malloc   0x00114940       0x40 C:/devkitPro/devkitARM/bin/../lib/gcc/arm-none-eabi/15.2.0/../../../../arm-none-eabi/lib/armv6k/fpu\libg.a(libc_a-malloc.o)
                0x00114940                malloc
 .text.free     0x00114980       0x20 C:/devkitPro/devkitARM/bin/../lib/gcc/arm-none-eabi/15.2.0/../../../../arm-none-eabi/lib/armv6k/fpu\libg.a(libc_a-malloc.o)
                0x00114980                free
 .text._puts_r  0x001149a0       0xe0 C:/devkitPro/devkitARM/bin/../lib/gcc/arm-none-eabi/15.2.0/../../../../arm-none-eabi/lib/armv6k/fpu\libg.a(libc_a-puts.o)
                0x001149a0                _puts_r
 .text.puts     0x00114a80       0x20 C:/devkitPro/devkitARM/bin/../lib/gcc/arm-none-eabi/15.2.0/../../../../arm-none-eabi/lib/armv6k/fpu\libg.a(libc_a-puts.o)
                0x00114a80                puts
 .text._localeconv_r
                0x00114aa0       0x24 C:/devkitPro/devkitARM/bin/../lib/gcc/arm-none-eabi/15.2.0/../../../../arm-none-eabi/lib/armv6k/fpu\libg.a(libc_a-localeconv.o)
                0x00114aa0                _localeconv_r
 .text.__sread  0x00114ac4       0x44 C:/devkitPro/devkitARM/bin/../lib/gcc/arm-none-eabi/15.2.0/../../../../arm-none-eabi/lib/armv6k/fpu\libg.a(libc_a-stdio.o)
                0x00114ac4                __sread
 .text.__seofread
                0x00114b08        0x8 C:/devkitPro/devkitARM/bin/../lib/gcc/arm-none-eabi/15.2.0/../../../../arm-none-eabi/lib/armv6k/fpu\libg.a(libc_a-stdio.o)
                0x00114b08                __seofread
 .text.__swrite
                0x00114b10       0x68 C:/devkitPro/devkitARM/bin/../lib/gcc/arm-none-eabi/15.2.0/../../../../arm-none-eabi/lib/armv6k/fpu\libg.a(libc_a-stdio.o)
                0x00114b10                __swrite
 .text.__sseek  0x00114b78       0x40 C:/devkitPro/devkitARM/bin/../lib/gcc/arm-none-eabi/15.2.0/../../../../arm-none-eabi/lib/armv6k/fpu\libg.a(libc_a-stdio.o)
                0x00114b78                __sseek
 .text.__sclose
                0x00114bb8        0x8 C:/devkitPro/devkitARM/bin/../lib/gcc/arm-none-eabi/15.2.0/../../../../arm-none-eabi/lib/armv6k/fpu\libg.a(libc_a-stdio.o)
                0x00114bb8                __sclose
 .text._realloc_r
                0x00114bc0      0x4f0 C:/devkitPro/devkitARM/bin/../lib/gcc/arm-none-eabi/15.2.0/../../../../arm-none-eabi/lib/armv6k/fpu\libg.a(libc_a-reallocr.o)
                0x00114bc0                _realloc_r
 .text.__malloc_lock
                0x001150b0        0xc C:/devkitPro/devkitARM/bin/../lib/gcc/arm-none-eabi/15.2.0/../../../../arm-none-eabi/lib/armv6k/fpu\libg.a(libc_a-mlock.o)
                0x001150b0                __malloc_lock
 .text.__malloc_unlock
                0x001150bc        0xc C:/devkitPro/devkitARM/bin/../lib/gcc/arm-none-eabi/15.2.0/../../../../arm-none-eabi/lib/armv6k/fpu\libg.a(libc_a-mlock.o)
                0x001150bc                __malloc_unlock
 .text._fclose_r
                0x001150c8      0x148 C:/devkitPro/devkitARM/bin/../lib/gcc/arm-none-eabi/15.2.0/../../../../arm-none-eabi/lib/armv6k/fpu\libg.a(libc_a-fclose.o)
                0x001150c8                _fclose_r
 .text.__call_exitprocs
                0x00115210        0x4 C:/devkitPro/devkitARM/bin/../lib/gcc/arm-none-eabi/15.2.0/../../../../arm-none-eabi/lib/armv6k/fpu\libg.a(libc_a-exit.o)
                0x00115210                __call_exitprocs
 .text.exit     0x00115214       0x30 C:/devkitPro/devkitARM/bin/../lib/gcc/arm-none-eabi/15.2.0/../../../../arm-none-eabi/lib/armv6k/fpu\libg.a(libc_a-exit.o)
                0x00115214                exit
 .text.__utf8_wctomb
                0x00115244       0xf8 C:/devkitPro/devkitARM/bin/../lib/gcc/arm-none-eabi/15.2.0/../../../../arm-none-eabi/lib/armv6k/fpu\libg.a(libc_a-wctomb_r.o)
                0x00115244                __utf8_wctomb
 .text.__libc_fini_array
                0x0011533c       0x3c C:/devkitPro/devkitARM/bin/../lib/gcc/arm-none-eabi/15.2.0/../../../../arm-none-eabi/lib/armv6k/fpu\libg.a(libc_a-fini.o)
                0x0011533c                __libc_fini_array
 .text.strnlen  0x00115378       0x3c C:/devkitPro/devkitARM/bin/../lib/gcc/arm-none-eabi/15.2.0/../../../../arm-none-eabi/lib/armv6k/fpu\libg.a(libc_a-strnlen.o)
                0x00115378                strnlen
 .text.strncmp  0x001153b4       0xd8 C:/devkitPro/devkitARM/bin/../lib/gcc/arm-none-eabi/15.2.0/../../../../arm-none-eabi/lib/armv6k/fpu\libg.a(libc_a-strncmp.o)
                0x001153b4                strncmp
 .text.__match  0x0011548c       0x70 C:/devkitPro/devkitARM/bin/../lib/gcc/arm-none-eabi/15.2.0/../../../../arm-none-eabi/lib/armv6k/fpu\libg.a(libc_a-gdtoa-hexnan.o)
                0x0011548c                __match
 .text.__hexnan
                0x001154fc      0x2a8 C:/devkitPro/devkitARM/bin/../lib/gcc/arm-none-eabi/15.2.0/../../../../arm-none-eabi/lib/armv6k/fpu\libg.a(libc_a-gdtoa-hexnan.o)
                0x001154fc                __hexnan
 .text.sprintf  0x001157a4       0x68 C:/devkitPro/devkitARM/bin/../lib/gcc/arm-none-eabi/15.2.0/../../../../arm-none-eabi/lib/armv6k/fpu\libg.a(libc_a-sprintf.o)
                0x001157a4                sprintf
 *fill*         0x0011580c        0x4 
 .text.nan      0x00115810       0x10 C:/devkitPro/devkitARM/bin/../lib/gcc/arm-none-eabi/15.2.0/../../../../arm-none-eabi/lib/armv6k/fpu\libg.a(libm_a-s_nan.o)
                0x00115810                nan
 .text.nanf     0x00115820        0xc C:/devkitPro/devkitARM/bin/../lib/gcc/arm-none-eabi/15.2.0/../../../../arm-none-eabi/lib/armv6k/fpu\libg.a(libm_a-sf_nan.o)
                0x00115820                nanf
 .text.stpncpy  0x0011582c       0xdc C:/devkitPro/devkitARM/bin/../lib/gcc/arm-none-eabi/15.2.0/../../../../arm-none-eabi/lib/armv6k/fpu\libg.a(libc_a-stpncpy.o)
                0x0011582c                stpncpy
 .text.__assert_func
                0x00115908       0x5c C:/devkitPro/devkitARM/bin/../lib/gcc/arm-none-eabi/15.2.0/../../../../arm-none-eabi/lib/armv6k/fpu\libg.a(libc_a-assert.o)
                0x00115908                __assert_func
 .text.iswspace
                0x00115964        0x8 C:/devkitPro/devkitARM/bin/../lib/gcc/arm-none-eabi/15.2.0/../../../../arm-none-eabi/lib/armv6k/fpu\libg.a(libc_a-iswspace.o)
                0x00115964                iswspace
 .text._Balloc  0x0011596c       0x88 C:/devkitPro/devkitARM/bin/../lib/gcc/arm-none-eabi/15.2.0/../../../../arm-none-eabi/lib/armv6k/fpu\libg.a(libc_a-mprec.o)
                0x0011596c                _Balloc
 .text._Bfree   0x001159f4       0x1c C:/devkitPro/devkitARM/bin/../lib/gcc/arm-none-eabi/15.2.0/../../../../arm-none-eabi/lib/armv6k/fpu\libg.a(libc_a-mprec.o)
                0x001159f4                _Bfree
 .text.__multadd
                0x00115a10       0xf4 C:/devkitPro/devkitARM/bin/../lib/gcc/arm-none-eabi/15.2.0/../../../../arm-none-eabi/lib/armv6k/fpu\libg.a(libc_a-mprec.o)
                0x00115a10                __multadd
 .text.__s2b    0x00115b04      0x10c C:/devkitPro/devkitARM/bin/../lib/gcc/arm-none-eabi/15.2.0/../../../../arm-none-eabi/lib/armv6k/fpu\libg.a(libc_a-mprec.o)
                0x00115b04                __s2b
 .text.__hi0bits
                0x00115c10       0x80 C:/devkitPro/devkitARM/bin/../lib/gcc/arm-none-eabi/15.2.0/../../../../arm-none-eabi/lib/armv6k/fpu\libg.a(libc_a-mprec.o)
                0x00115c10                __hi0bits
 .text.__lo0bits
                0x00115c90       0xf0 C:/devkitPro/devkitARM/bin/../lib/gcc/arm-none-eabi/15.2.0/../../../../arm-none-eabi/lib/armv6k/fpu\libg.a(libc_a-mprec.o)
                0x00115c90                __lo0bits
 .text.__i2b    0x00115d80       0xa4 C:/devkitPro/devkitARM/bin/../lib/gcc/arm-none-eabi/15.2.0/../../../../arm-none-eabi/lib/armv6k/fpu\libg.a(libc_a-mprec.o)
                0x00115d80                __i2b
 .text.__multiply
                0x00115e24      0x230 C:/devkitPro/devkitARM/bin/../lib/gcc/arm-none-eabi/15.2.0/../../../../arm-none-eabi/lib/armv6k/fpu\libg.a(libc_a-mprec.o)
                0x00115e24                __multiply
 .text.__pow5mult
                0x00116054      0x130 C:/devkitPro/devkitARM/bin/../lib/gcc/arm-none-eabi/15.2.0/../../../../arm-none-eabi/lib/armv6k/fpu\libg.a(libc_a-mprec.o)
                0x00116054                __pow5mult
 .text.__lshift
                0x00116184      0x138 C:/devkitPro/devkitARM/bin/../lib/gcc/arm-none-eabi/15.2.0/../../../../arm-none-eabi/lib/armv6k/fpu\libg.a(libc_a-mprec.o)
                0x00116184                __lshift
 .text.__mcmp   0x001162bc       0x58 C:/devkitPro/devkitARM/bin/../lib/gcc/arm-none-eabi/15.2.0/../../../../arm-none-eabi/lib/armv6k/fpu\libg.a(libc_a-mprec.o)
                0x001162bc                __mcmp
 .text.__mdiff  0x00116314      0x218 C:/devkitPro/devkitARM/bin/../lib/gcc/arm-none-eabi/15.2.0/../../../../arm-none-eabi/lib/armv6k/fpu\libg.a(libc_a-mprec.o)
                0x00116314                __mdiff
 .text.__ulp    0x0011652c       0x68 C:/devkitPro/devkitARM/bin/../lib/gcc/arm-none-eabi/15.2.0/../../../../arm-none-eabi/lib/armv6k/fpu\libg.a(libc_a-mprec.o)
                0x0011652c                __ulp
 .text.__b2d    0x00116594       0xd4 C:/devkitPro/devkitARM/bin/../lib/gcc/arm-none-eabi/15.2.0/../../../../arm-none-eabi/lib/armv6k/fpu\libg.a(libc_a-mprec.o)
                0x00116594                __b2d
 .text.__d2b    0x00116668      0x120 C:/devkitPro/devkitARM/bin/../lib/gcc/arm-none-eabi/15.2.0/../../../../arm-none-eabi/lib/armv6k/fpu\libg.a(libc_a-mprec.o)
                0x00116668                __d2b
 .text.__ratio  0x00116788       0x78 C:/devkitPro/devkitARM/bin/../lib/gcc/arm-none-eabi/15.2.0/../../../../arm-none-eabi/lib/armv6k/fpu\libg.a(libc_a-mprec.o)
                0x00116788                __ratio
 .text.__copybits
                0x00116800       0x8c C:/devkitPro/devkitARM/bin/../lib/gcc/arm-none-eabi/15.2.0/../../../../arm-none-eabi/lib/armv6k/fpu\libg.a(libc_a-mprec.o)
                0x00116800                __copybits
 .text.__any_on
                0x0011688c       0x5c C:/devkitPro/devkitARM/bin/../lib/gcc/arm-none-eabi/15.2.0/../../../../arm-none-eabi/lib/armv6k/fpu\libg.a(libc_a-mprec.o)
                0x0011688c                __any_on
 .text._fwalk_sglue
                0x001168e8       0x70 C:/devkitPro/devkitARM/bin/../lib/gcc/arm-none-eabi/15.2.0/../../../../arm-none-eabi/lib/armv6k/fpu\libg.a(libc_a-fwalk.o)
                0x001168e8                _fwalk_sglue
 .text.get_arg  0x00116958      0x5e0 C:/devkitPro/devkitARM/bin/../lib/gcc/arm-none-eabi/15.2.0/../../../../arm-none-eabi/lib/armv6k/fpu\libg.a(libc_a-vfprintf.o)
 .text._vfprintf_r
                0x00116f38     0x3554 C:/devkitPro/devkitARM/bin/../lib/gcc/arm-none-eabi/15.2.0/../../../../arm-none-eabi/lib/armv6k/fpu\libg.a(libc_a-vfprintf.o)
                0x00116f38                _vfprintf_r
 .text.__sbprintf
                0x0011a48c       0xb4 C:/devkitPro/devkitARM/bin/../lib/gcc/arm-none-eabi/15.2.0/../../../../arm-none-eabi/lib/armv6k/fpu\libg.a(libc_a-vfprintf.o)
 .text._wcrtomb_r
                0x0011a540       0xa0 C:/devkitPro/devkitARM/bin/../lib/gcc/arm-none-eabi/15.2.0/../../../../arm-none-eabi/lib/armv6k/fpu\libg.a(libc_a-wcrtomb.o)
                0x0011a540                _wcrtomb_r
 .text.__submore
                0x0011a5e0       0xb8 C:/devkitPro/devkitARM/bin/../lib/gcc/arm-none-eabi/15.2.0/../../../../arm-none-eabi/lib/armv6k/fpu\libg.a(libc_a-ungetc.o)
                0x0011a5e0                __submore
 .text.__ssprint_r
                0x0011a698       0xa4 C:/devkitPro/devkitARM/bin/../lib/gcc/arm-none-eabi/15.2.0/../../../../arm-none-eabi/lib/armv6k/fpu\libg.a(libc_a-ssprint_r.o)
                0x0011a698                __ssprint_r
 .text.__utf8_mbtowc
                0x0011a73c      0x340 C:/devkitPro/devkitARM/bin/../lib/gcc/arm-none-eabi/15.2.0/../../../../arm-none-eabi/lib/armv6k/fpu\libg.a(libc_a-mbtowc_r.o)
                0x0011a73c                __utf8_mbtowc
 .text.fiprintf
                0x0011aa7c       0x3c C:/devkitPro/devkitARM/bin/../lib/gcc/arm-none-eabi/15.2.0/../../../../arm-none-eabi/lib/armv6k/fpu\libg.a(libc_a-fiprintf.o)
                0x0011aa7c                fiprintf
 .text.__sfvwrite_r
                0x0011aab8      0x4a4 C:/devkitPro/devkitARM/bin/../lib/gcc/arm-none-eabi/15.2.0/../../../../arm-none-eabi/lib/armv6k/fpu\libg.a(libc_a-fvwrite.o)
                0x0011aab8                __sfvwrite_r
 .text.abort    0x0011af5c       0x14 C:/devkitPro/devkitARM/bin/../lib/gcc/arm-none-eabi/15.2.0/../../../../arm-none-eabi/lib/armv6k/fpu\libg.a(libc_a-abort.o)
                0x0011af5c                abort
 .text.__smakebuf_r
                0x0011af70      0x164 C:/devkitPro/devkitARM/bin/../lib/gcc/arm-none-eabi/15.2.0/../../../../arm-none-eabi/lib/armv6k/fpu\libg.a(libc_a-makebuf.o)
                0x0011af70                __smakebuf_r
 .text.__swhatbuf_r
                0x0011b0d4       0x90 C:/devkitPro/devkitARM/bin/../lib/gcc/arm-none-eabi/15.2.0/../../../../arm-none-eabi/lib/armv6k/fpu\libg.a(libc_a-makebuf.o)
                0x0011b0d4                __swhatbuf_r
 .text._calloc_r
                0x0011b164       0xd8 C:/devkitPro/devkitARM/bin/../lib/gcc/arm-none-eabi/15.2.0/../../../../arm-none-eabi/lib/armv6k/fpu\libg.a(libc_a-callocr.o)
                0x0011b164                _calloc_r
 .text.__sprint_r
                0x0011b23c       0x30 C:/devkitPro/devkitARM/bin/../lib/gcc/arm-none-eabi/15.2.0/../../../../arm-none-eabi/lib/armv6k/fpu\libg.a(libc_a-sprint_r.o)
                0x0011b23c                __sprint_r
 .text.quorem   0x0011b26c      0x1c0 C:/devkitPro/devkitARM/bin/../lib/gcc/arm-none-eabi/15.2.0/../../../../arm-none-eabi/lib/armv6k/fpu\libg.a(libc_a-dtoa.o)
 *fill*         0x0011b42c        0x4 
 .text._dtoa_r  0x0011b430     0x1420 C:/devkitPro/devkitARM/bin/../lib/gcc/arm-none-eabi/15.2.0/../../../../arm-none-eabi/lib/armv6k/fpu\libg.a(libc_a-dtoa.o)
                0x0011b430                _dtoa_r
 .text.memchr   0x0011c850       0xe8 C:/devkitPro/devkitARM/bin/../lib/gcc/arm-none-eabi/15.2.0/../../../../arm-none-eabi/lib/armv6k/fpu\libg.a(libc_a-memchr-stub.o)
                0x0011c850                memchr
 .text._wcsrtombs_r
                0x0011c938       0x28 C:/devkitPro/devkitARM/bin/../lib/gcc/arm-none-eabi/15.2.0/../../../../arm-none-eabi/lib/armv6k/fpu\libg.a(libc_a-wcsrtombs.o)
                0x0011c938                _wcsrtombs_r
 .text.__swsetup_r
                0x0011c960      0x140 C:/devkitPro/devkitARM/bin/../lib/gcc/arm-none-eabi/15.2.0/../../../../arm-none-eabi/lib/armv6k/fpu\libg.a(libc_a-wsetup.o)
                0x0011c960                __swsetup_r
 .text.memmove  0x0011caa0      0x1a8 C:/devkitPro/devkitARM/bin/../lib/gcc/arm-none-eabi/15.2.0/../../../../arm-none-eabi/lib/armv6k/fpu\libg.a(libc_a-memmove.o)
                0x0011caa0                memmove
 .text.iswspace_l
                0x0011cc48       0x38 C:/devkitPro/devkitARM/bin/../lib/gcc/arm-none-eabi/15.2.0/../../../../arm-none-eabi/lib/armv6k/fpu\libg.a(libc_a-iswspace_l.o)
                0x0011cc48                iswspace_l
 .text.get_arg  0x0011cc80      0x5e0 C:/devkitPro/devkitARM/bin/../lib/gcc/arm-none-eabi/15.2.0/../../../../arm-none-eabi/lib/armv6k/fpu\libg.a(libc_a-svfprintf.o)
 .text._svfprintf_r
                0x0011d260     0x345c C:/devkitPro/devkitARM/bin/../lib/gcc/arm-none-eabi/15.2.0/../../../../arm-none-eabi/lib/armv6k/fpu\libg.a(libc_a-svfprintf.o)
                0x0011d260                _svfprintf_r
 .text.__ssputs_r
                0x001206bc      0x12c C:/devkitPro/devkitARM/bin/../lib/gcc/arm-none-eabi/15.2.0/../../../../arm-none-eabi/lib/armv6k/fpu\libg.a(libc_a-ssputs_r.o)
                0x001206bc                __ssputs_r
 .text.get_arg  0x001207e8      0x5e0 C:/devkitPro/devkitARM/bin/../lib/gcc/arm-none-eabi/15.2.0/../../../../arm-none-eabi/lib/armv6k/fpu\libg.a(libc_a-vfiprintf.o)
 .text._vfiprintf_r
                0x00120dc8     0x22f8 C:/devkitPro/devkitARM/bin/../lib/gcc/arm-none-eabi/15.2.0/../../../../arm-none-eabi/lib/armv6k/fpu\libg.a(libc_a-vfiprintf.o)
                0x00120dc8                _vfiprintf_r
 .text.__sbprintf
                0x001230c0       0xb4 C:/devkitPro/devkitARM/bin/../lib/gcc/arm-none-eabi/15.2.0/../../../../arm-none-eabi/lib/armv6k/fpu\libg.a(libc_a-vfiprintf.o)
 .text._wcsnrtombs_l
                0x00123174      0x15c C:/devkitPro/devkitARM/bin/../lib/gcc/arm-none-eabi/15.2.0/../../../../arm-none-eabi/lib/armv6k/fpu\libg.a(libc_a-wcsnrtombs.o)
                0x00123174                _wcsnrtombs_l
 .text._wcsnrtombs_r
                0x001232d0       0x64 C:/devkitPro/devkitARM/bin/../lib/gcc/arm-none-eabi/15.2.0/../../../../arm-none-eabi/lib/armv6k/fpu\libg.a(libc_a-wcsnrtombs.o)
                0x001232d0                _wcsnrtombs_r
 *fill*         0x00123334        0x4 
 .text.frexp    0x00123338       0x88 C:/devkitPro/devkitARM/bin/../lib/gcc/arm-none-eabi/15.2.0/../../../../arm-none-eabi/lib/armv6k/fpu\libg.a(libm_a-s_frexp.o)
                0x00123338                frexp
 .text._raise_r
                0x001233c0       0x9c C:/devkitPro/devkitARM/bin/../lib/gcc/arm-none-eabi/15.2.0/../../../../arm-none-eabi/lib/armv6k/fpu\libg.a(libc_a-signal.o)
                0x001233c0                _raise_r
 .text.raise    0x0012345c       0x20 C:/devkitPro/devkitARM/bin/../lib/gcc/arm-none-eabi/15.2.0/../../../../arm-none-eabi/lib/armv6k/fpu\libg.a(libc_a-signal.o)
                0x0012345c                raise
 .text.category
                0x0012347c       0x90 C:/devkitPro/devkitARM/bin/../lib/gcc/arm-none-eabi/15.2.0/../../../../arm-none-eabi/lib/armv6k/fpu\libg.a(libc_a-categories.o)
                0x0012347c                category
 .text._exit    0x0012350c       0x20 C:/devkitPro/devkitARM/bin/../lib/gcc/arm-none-eabi/15.2.0/../../../../arm-none-eabi/lib/armv6k/fpu\libsysbase.a(libsysbase_libsysbase_a-_exit.o)
                0x0012350c                _exit
 .text.chdir    0x0012352c      0x140 C:/devkitPro/devkitARM/bin/../lib/gcc/arm-none-eabi/15.2.0/../../../../arm-none-eabi/lib/armv6k/fpu\libsysbase.a(libsysbase_libsysbase_a-chdir.o)
                0x0012352c                chdir
 .text._concatenate_path
                0x0012366c      0x1c8 C:/devkitPro/devkitARM/bin/../lib/gcc/arm-none-eabi/15.2.0/../../../../arm-none-eabi/lib/armv6k/fpu\libsysbase.a(libsysbase_libsysbase_a-concatenate.o)
                0x0012366c                _concatenate_path
 .text._fstat_r
                0x00123834       0x9c C:/devkitPro/devkitARM/bin/../lib/gcc/arm-none-eabi/15.2.0/../../../../arm-none-eabi/lib/armv6k/fpu\libsysbase.a(libsysbase_libsysbase_a-fstat.o)
                0x00123834                _fstat_r
 .text._getpid_r
                0x001238d0       0x14 C:/devkitPro/devkitARM/bin/../lib/gcc/arm-none-eabi/15.2.0/../../../../arm-none-eabi/lib/armv6k/fpu\libsysbase.a(libsysbase_libsysbase_a-getpid.o)
                0x001238d0                _getpid_r
 .text.__getreent
                0x001238e4       0x2c C:/devkitPro/devkitARM/bin/../lib/gcc/arm-none-eabi/15.2.0/../../../../arm-none-eabi/lib/armv6k/fpu\libsysbase.a(libsysbase_libsysbase_a-getreent.o)
                0x001238e4                __getreent
 .text.__release_handle
                0x00123910       0xa0 C:/devkitPro/devkitARM/bin/../lib/gcc/arm-none-eabi/15.2.0/../../../../arm-none-eabi/lib/armv6k/fpu\libsysbase.a(libsysbase_libsysbase_a-handle_manager.o)
                0x00123910                __release_handle
 .text.__alloc_handle
                0x001239b0       0xb0 C:/devkitPro/devkitARM/bin/../lib/gcc/arm-none-eabi/15.2.0/../../../../arm-none-eabi/lib/armv6k/fpu\libsysbase.a(libsysbase_libsysbase_a-handle_manager.o)
                0x001239b0                __alloc_handle
 .text.__get_handle
                0x00123a60       0x58 C:/devkitPro/devkitARM/bin/../lib/gcc/arm-none-eabi/15.2.0/../../../../arm-none-eabi/lib/armv6k/fpu\libsysbase.a(libsysbase_libsysbase_a-handle_manager.o)
                0x00123a60                __get_handle
 .text._close_r
                0x00123ab8      0x110 C:/devkitPro/devkitARM/bin/../lib/gcc/arm-none-eabi/15.2.0/../../../../arm-none-eabi/lib/armv6k/fpu\libsysbase.a(libsysbase_libsysbase_a-handle_manager.o)
                0x00123ab8                _close_r
 .text.null_write
                0x00123bc8        0x8 C:/devkitPro/devkitARM/bin/../lib/gcc/arm-none-eabi/15.2.0/../../../../arm-none-eabi/lib/armv6k/fpu\libsysbase.a(libsysbase_libsysbase_a-iosupport.o)
 .text.setDefaultDevice
                0x00123bd0       0x18 C:/devkitPro/devkitARM/bin/../lib/gcc/arm-none-eabi/15.2.0/../../../../arm-none-eabi/lib/armv6k/fpu\libsysbase.a(libsysbase_libsysbase_a-iosupport.o)
                0x00123bd0                setDefaultDevice
 .text.FindDevice
                0x00123be8       0x98 C:/devkitPro/devkitARM/bin/../lib/gcc/arm-none-eabi/15.2.0/../../../../arm-none-eabi/lib/armv6k/fpu\libsysbase.a(libsysbase_libsysbase_a-iosupport.o)
                0x00123be8                FindDevice
 .text.RemoveDevice
                0x00123c80       0x24 C:/devkitPro/devkitARM/bin/../lib/gcc/arm-none-eabi/15.2.0/../../../../arm-none-eabi/lib/armv6k/fpu\libsysbase.a(libsysbase_libsysbase_a-iosupport.o)
                0x00123c80                RemoveDevice
 .text.AddDevice
                0x00123ca4       0x88 C:/devkitPro/devkitARM/bin/../lib/gcc/arm-none-eabi/15.2.0/../../../../arm-none-eabi/lib/armv6k/fpu\libsysbase.a(libsysbase_libsysbase_a-iosupport.o)
                0x00123ca4                AddDevice
 .text.GetDeviceOpTab
                0x00123d2c       0x20 C:/devkitPro/devkitARM/bin/../lib/gcc/arm-none-eabi/15.2.0/../../../../arm-none-eabi/lib/armv6k/fpu\libsysbase.a(libsysbase_libsysbase_a-iosupport.o)
                0x00123d2c                GetDeviceOpTab
 .text._isatty_r
                0x00123d4c        0x8 C:/devkitPro/devkitARM/bin/../lib/gcc/arm-none-eabi/15.2.0/../../../../arm-none-eabi/lib/armv6k/fpu\libsysbase.a(libsysbase_libsysbase_a-isatty.o)
                0x00123d4c                _isatty_r
 .text._kill_r  0x00123d54       0x14 C:/devkitPro/devkitARM/bin/../lib/gcc/arm-none-eabi/15.2.0/../../../../arm-none-eabi/lib/armv6k/fpu\libsysbase.a(libsysbase_libsysbase_a-kill.o)
                0x00123d54                _kill_r
 .text._lseek_r
                0x00123d68       0x94 C:/devkitPro/devkitARM/bin/../lib/gcc/arm-none-eabi/15.2.0/../../../../arm-none-eabi/lib/armv6k/fpu\libsysbase.a(libsysbase_libsysbase_a-lseek.o)
                0x00123d68                _lseek_r
 .text._read_r  0x00123dfc       0x94 C:/devkitPro/devkitARM/bin/../lib/gcc/arm-none-eabi/15.2.0/../../../../arm-none-eabi/lib/armv6k/fpu\libsysbase.a(libsysbase_libsysbase_a-read.o)
                0x00123dfc                _read_r
 .text._sbrk_r  0x00123e90       0x78 C:/devkitPro/devkitARM/bin/../lib/gcc/arm-none-eabi/15.2.0/../../../../arm-none-eabi/lib/armv6k/fpu\libsysbase.a(libsysbase_libsysbase_a-sbrk.o)
                0x00123e90                _sbrk_r
 .text.__libc_lock_acquire
                0x00123f08       0x1c C:/devkitPro/devkitARM/bin/../lib/gcc/arm-none-eabi/15.2.0/../../../../arm-none-eabi/lib/armv6k/fpu\libsysbase.a(libsysbase_libsysbase_a-syscall_support.o)
                0x00123f08                __libc_lock_acquire
 .text.__libc_lock_release
                0x00123f24       0x1c C:/devkitPro/devkitARM/bin/../lib/gcc/arm-none-eabi/15.2.0/../../../../arm-none-eabi/lib/armv6k/fpu\libsysbase.a(libsysbase_libsysbase_a-syscall_support.o)
                0x00123f24                __libc_lock_release
 .text.__libc_lock_acquire_recursive
                0x00123f40       0x1c C:/devkitPro/devkitARM/bin/../lib/gcc/arm-none-eabi/15.2.0/../../../../arm-none-eabi/lib/armv6k/fpu\libsysbase.a(libsysbase_libsysbase_a-syscall_support.o)
                0x00123f40                __libc_lock_acquire_recursive
 .text.__libc_lock_release_recursive
                0x00123f5c       0x1c C:/devkitPro/devkitARM/bin/../lib/gcc/arm-none-eabi/15.2.0/../../../../arm-none-eabi/lib/armv6k/fpu\libsysbase.a(libsysbase_libsysbase_a-syscall_support.o)
                0x00123f5c                __libc_lock_release_recursive
 .text._write_r
                0x00123f78       0x94 C:/devkitPro/devkitARM/bin/../lib/gcc/arm-none-eabi/15.2.0/../../../../arm-none-eabi/lib/armv6k/fpu\libsysbase.a(libsysbase_libsysbase_a-write.o)
                0x00123f78                _write_r
 .text.strrchr  0x0012400c       0x48 C:/devkitPro/devkitARM/bin/../lib/gcc/arm-none-eabi/15.2.0/../../../../arm-none-eabi/lib/armv6k/fpu\libg.a(libc_a-strrchr.o)
                0x0012400c                strrchr
 *(.glue_7)
 .glue_7        0x00124054        0x0 linker stubs
 *(.glue_7t)
 .glue_7t       0x00124054        0x0 linker stubs
 *(.stub)
 *(.gnu.warning)
 *(.gnu.linkonce.t*)
                0x00124054                        . = ALIGN (0x4)
 *(.fini)
 .fini          0x00124054        0xc C:/devkitPro/devkitARM/bin/../lib/gcc/arm-none-eabi/15.2.0/armv6k/fpu/crti.o
                0x00124054                _fini
 .fini          0x00124060        0xc C:/devkitPro/devkitARM/bin/../lib/gcc/arm-none-eabi/15.2.0/armv6k/fpu/crtn.o
                0x0012406c                        . = ALIGN (0x4)

.vfp11_veneer   0x0012406c        0x0
 .vfp11_veneer  0x0012406c        0x0 linker stubs

.v4_bx          0x0012406c        0x0
 .v4_bx         0x0012406c        0x0 linker stubs

.iplt           0x0012406c        0x0
 .iplt          0x0012406c        0x0 C:/devkitPro/devkitARM/bin/../lib/gcc/arm-none-eabi/15.2.0/../../../../arm-none-eabi/lib/armv6k/fpu/3dsx_crt0.o
                0x00125000                        . = ALIGN (0x1000)

.rodata         0x00125000     0x53a8
 *(.rodata)
 .rodata        0x00125000        0xc C:/devkitPro/libctru-master/libctru/lib\libctru.a(archive_dev.o)
 *(.roda)
 *(.rodata.*)
 .rodata.str1.4
                0x0012500c      0x49c main.o
                                0x1b4 (size before relaxing)
 .rodata.consolePrintChar
                0x001254a8        0x6 C:/devkitPro/libctru-master/libctru/lib\libctru.a(console.o)
 .rodata.con_write
                0x001254ae      0x23c C:/devkitPro/libctru-master/libctru/lib\libctru.a(console.o)
 .rodata.str1.4
                0x001256ea        0x0 C:/devkitPro/libctru-master/libctru/lib\libctru.a(console.o)
                                 0x10 (size before relaxing)
 *fill*         0x001256ea        0x2 
 .rodata.dotab_stdout
                0x001256ec       0x80 C:/devkitPro/libctru-master/libctru/lib\libctru.a(console.o)
 .rodata.grayScale
                0x0012576c       0x18 C:/devkitPro/libctru-master/libctru/lib\libctru.a(console.o)
 .rodata.colorCube
                0x00125784        0x6 C:/devkitPro/libctru-master/libctru/lib\libctru.a(console.o)
 *fill*         0x0012578a        0x2 
 .rodata.colorTable
                0x0012578c       0x30 C:/devkitPro/libctru-master/libctru/lib\libctru.a(console.o)
 .rodata.aptEventHandler
                0x001257bc        0xb C:/devkitPro/libctru-master/libctru/lib\libctru.a(apt.o)
 .rodata.aptWaitForWakeUp.isra.0
                0x001257c7       0x11 C:/devkitPro/libctru-master/libctru/lib\libctru.a(apt.o)
 .rodata.morton_y.2
                0x001257d8        0x8 C:/devkitPro/libctru-master/libctru/lib\libctru.a(apt.o)
 .rodata.morton_x.3
                0x001257e0        0x8 C:/devkitPro/libctru-master/libctru/lib\libctru.a(apt.o)
 .rodata.s_sleepWakeEvents.4
                0x001257e8        0x8 C:/devkitPro/libctru-master/libctru/lib\libctru.a(apt.o)
 .rodata.str1.4
                0x001257f0        0x0 C:/devkitPro/libctru-master/libctru/lib\libctru.a(apt.o)
                                 0x16 (size before relaxing)
 .rodata.serviceNameTable.5
                0x001257f0        0xc C:/devkitPro/libctru-master/libctru/lib\libctru.a(apt.o)
 .rodata.gspInit.str1.4
                0x001257fc        0x0 C:/devkitPro/libctru-master/libctru/lib\libctru.a(gspgpu.o)
                                  0x9 (size before relaxing)
 .rodata.hidInit.str1.4
                0x001257fc        0x0 C:/devkitPro/libctru-master/libctru/lib\libctru.a(hid.o)
                                 0x15 (size before relaxing)
 .rodata.irrstInit.str1.4
                0x001257fc        0x0 C:/devkitPro/libctru-master/libctru/lib\libctru.a(irrst.o)
                                  0x7 (size before relaxing)
 .rodata.connect.str1.4
                0x001257fc        0x0 C:/devkitPro/libctru-master/libctru/lib\libctru.a(soc_connect.o)
                                  0x4 (size before relaxing)
 .rodata.inet_pton.str1.4
                0x001257fc        0x0 C:/devkitPro/libctru-master/libctru/lib\libctru.a(soc_inet_pton.o)
                                 0x14 (size before relaxing)
 .rodata.socInit.str1.4
                0x001257fc        0x0 C:/devkitPro/libctru-master/libctru/lib\libctru.a(soc_init.o)
                                  0xe (size before relaxing)
 .rodata.str1.4
                0x001257fc        0x0 C:/devkitPro/libctru-master/libctru/lib\libctru.a(soc_init.o)
                                  0x4 (size before relaxing)
 .rodata.recvfrom.str1.4
                0x001257fc        0x0 C:/devkitPro/libctru-master/libctru/lib\libctru.a(soc_recvfrom.o)
                                  0x4 (size before relaxing)
 .rodata.sendto.str1.4
                0x001257fc        0x0 C:/devkitPro/libctru-master/libctru/lib\libctru.a(soc_sendto.o)
                                  0x4 (size before relaxing)
 .rodata.shutdown.str1.4
                0x001257fc        0x0 C:/devkitPro/libctru-master/libctru/lib\libctru.a(soc_shutdown.o)
                                  0x4 (size before relaxing)
 .rodata.socket.str1.4
                0x001257fc        0x0 C:/devkitPro/libctru-master/libctru/lib\libctru.a(soc_socket.o)
                                  0x5 (size before relaxing)
 .rodata.__system_initArgv.str1.4
                0x001257fc        0x0 C:/devkitPro/libctru-master/libctru/lib\libctru.a(initArgv.o)
                                  0xa (size before relaxing)
 .rodata.default_font_bin
                0x001257fc      0x800 C:/devkitPro/libctru-master/libctru/lib\libctru.a(default_font.bin.o)
                0x001257fc                default_font_bin
                0x00125ffc                default_font_bin_end
 .rodata.srvInit.str1.4
                0x00125ffc        0x0 C:/devkitPro/libctru-master/libctru/lib\libctru.a(srv.o)
                                  0x5 (size before relaxing)
 .rodata.ptmSysmInit.str1.4
                0x00125ffc        0x0 C:/devkitPro/libctru-master/libctru/lib\libctru.a(ptmsysm.o)
                                  0x9 (size before relaxing)
 .rodata._net_error_code_map
                0x00125ffc       0x4d C:/devkitPro/libctru-master/libctru/lib\libctru.a(soc_common.o)
 .rodata.archive_utf16path.str1.4
                0x00126049        0x0 C:/devkitPro/libctru-master/libctru/lib\libctru.a(archive_dev.o)
                                  0x2 (size before relaxing)
 .rodata._archiveUnmountDeviceStruct.part.0.str1.4
                0x00126049        0x0 C:/devkitPro/libctru-master/libctru/lib\libctru.a(archive_dev.o)
                                  0x2 (size before relaxing)
 .rodata._archiveMountDevice.str1.4
                0x00126049        0x0 C:/devkitPro/libctru-master/libctru/lib\libctru.a(archive_dev.o)
                                  0xc (size before relaxing)
 .rodata.archiveMountSdmc.str1.4
                0x00126049        0x0 C:/devkitPro/libctru-master/libctru/lib\libctru.a(archive_dev.o)
                                  0x5 (size before relaxing)
 *fill*         0x00126049        0x3 
 .rodata.error_table
                0x0012604c       0x30 C:/devkitPro/libctru-master/libctru/lib\libctru.a(archive_dev.o)
 .rodata.str1.4
                0x0012607c        0x0 C:/devkitPro/libctru-master/libctru/lib\libctru.a(archive_dev.o)
                                  0x8 (size before relaxing)
 .rodata.archive_devoptab
                0x0012607c       0x80 C:/devkitPro/libctru-master/libctru/lib\libctru.a(archive_dev.o)
 .rodata.fsInit.str1.4
                0x001260fc        0x0 C:/devkitPro/libctru-master/libctru/lib\libctru.a(fs.o)
                                  0x8 (size before relaxing)
 .rodata.__ssvfscanf_r.str1.1
                0x001260fc       0x40 C:/devkitPro/devkitARM/bin/../lib/gcc/arm-none-eabi/15.2.0/../../../../arm-none-eabi/lib/armv6k/fpu\libg.a(libc_a-svfscanf.o)
                                  0x6 (size before relaxing)
 .rodata.__ssvfscanf_r
                0x0012613c      0x114 C:/devkitPro/devkitARM/bin/../lib/gcc/arm-none-eabi/15.2.0/../../../../arm-none-eabi/lib/armv6k/fpu\libg.a(libc_a-svfscanf.o)
 .rodata.basefix.0
                0x00126250       0x22 C:/devkitPro/devkitARM/bin/../lib/gcc/arm-none-eabi/15.2.0/../../../../arm-none-eabi/lib/armv6k/fpu\libg.a(libc_a-svfscanf.o)
 .rodata._strtod_l.str1.4
                0x00126272        0x0 C:/devkitPro/devkitARM/bin/../lib/gcc/arm-none-eabi/15.2.0/../../../../arm-none-eabi/lib/armv6k/fpu\libg.a(libc_a-strtod.o)
                                 0x15 (size before relaxing)
 .rodata._strtod_l
                0x00126272       0x61 C:/devkitPro/devkitARM/bin/../lib/gcc/arm-none-eabi/15.2.0/../../../../arm-none-eabi/lib/armv6k/fpu\libg.a(libc_a-strtod.o)
 *fill*         0x001262d3        0x1 
 .rodata.fpinan.0
                0x001262d4       0x14 C:/devkitPro/devkitARM/bin/../lib/gcc/arm-none-eabi/15.2.0/../../../../arm-none-eabi/lib/armv6k/fpu\libg.a(libc_a-strtod.o)
 .rodata.fpi.1  0x001262e8       0x14 C:/devkitPro/devkitARM/bin/../lib/gcc/arm-none-eabi/15.2.0/../../../../arm-none-eabi/lib/armv6k/fpu\libg.a(libc_a-strtod.o)
 *fill*         0x001262fc        0x4 
 .rodata.tinytens
                0x00126300       0x28 C:/devkitPro/devkitARM/bin/../lib/gcc/arm-none-eabi/15.2.0/../../../../arm-none-eabi/lib/armv6k/fpu\libg.a(libc_a-strtod.o)
 .rodata.__gethex.str1.4
                0x00126328        0x0 C:/devkitPro/devkitARM/bin/../lib/gcc/arm-none-eabi/15.2.0/../../../../arm-none-eabi/lib/armv6k/fpu\libg.a(libc_a-gdtoa-gethex.o)
                                 0x94 (size before relaxing)
 .rodata.__hexdig
                0x00126328      0x100 C:/devkitPro/devkitARM/bin/../lib/gcc/arm-none-eabi/15.2.0/../../../../arm-none-eabi/lib/armv6k/fpu\libg.a(libc_a-gdtoa-gethex.o)
                0x00126328                __hexdig
 .rodata._mbrtowc_r.str1.4
                0x00126428        0x0 C:/devkitPro/devkitARM/bin/../lib/gcc/arm-none-eabi/15.2.0/../../../../arm-none-eabi/lib/armv6k/fpu\libg.a(libc_a-mbrtowc.o)
                                  0x1 (size before relaxing)
 .rodata.str1.4
                0x00126428        0x0 C:/devkitPro/devkitARM/bin/../lib/gcc/arm-none-eabi/15.2.0/../../../../arm-none-eabi/lib/armv6k/fpu\libg.a(libc_a-locale.o)
                                 0x4c (size before relaxing)
 .rodata._puts_r.str1.4
                0x00126428        0x0 C:/devkitPro/devkitARM/bin/../lib/gcc/arm-none-eabi/15.2.0/../../../../arm-none-eabi/lib/armv6k/fpu\libg.a(libc_a-puts.o)
                                  0x2 (size before relaxing)
 .rodata._ctype_
                0x00126428      0x101 C:/devkitPro/devkitARM/bin/../lib/gcc/arm-none-eabi/15.2.0/../../../../arm-none-eabi/lib/armv6k/fpu\libg.a(libc_a-ctype_.o)
                0x00126428                _ctype_
 .rodata.__assert_func.str1.4
                0x00126529        0x0 C:/devkitPro/devkitARM/bin/../lib/gcc/arm-none-eabi/15.2.0/../../../../arm-none-eabi/lib/armv6k/fpu\libg.a(libc_a-assert.o)
                                 0x43 (size before relaxing)
 .rodata.__multadd.str1.4
                0x00126529        0x0 C:/devkitPro/devkitARM/bin/../lib/gcc/arm-none-eabi/15.2.0/../../../../arm-none-eabi/lib/armv6k/fpu\libg.a(libc_a-mprec.o)
                                 0x89 (size before relaxing)
 *fill*         0x00126529        0x3 
 .rodata.p05.0  0x0012652c        0xc C:/devkitPro/devkitARM/bin/../lib/gcc/arm-none-eabi/15.2.0/../../../../arm-none-eabi/lib/armv6k/fpu\libg.a(libc_a-mprec.o)
 .rodata.__mprec_bigtens
                0x00126538       0x28 C:/devkitPro/devkitARM/bin/../lib/gcc/arm-none-eabi/15.2.0/../../../../arm-none-eabi/lib/armv6k/fpu\libg.a(libc_a-mprec.o)
                0x00126538                __mprec_bigtens
 .rodata.__mprec_tens
                0x00126560       0xc8 C:/devkitPro/devkitARM/bin/../lib/gcc/arm-none-eabi/15.2.0/../../../../arm-none-eabi/lib/armv6k/fpu\libg.a(libc_a-mprec.o)
                0x00126560                __mprec_tens
 .rodata.get_arg
                0x00126628       0x34 C:/devkitPro/devkitARM/bin/../lib/gcc/arm-none-eabi/15.2.0/../../../../arm-none-eabi/lib/armv6k/fpu\libg.a(libc_a-vfprintf.o)
 .rodata._vfprintf_r.str1.1
                0x0012665c        0x0 C:/devkitPro/devkitARM/bin/../lib/gcc/arm-none-eabi/15.2.0/../../../../arm-none-eabi/lib/armv6k/fpu\libg.a(libc_a-vfprintf.o)
                                 0x3b (size before relaxing)