Archive member included to satisfy reference by file (symbol)

C:/devkitPro/libctru-master/libctru/lib\libctru.a(linear.o)
                              main.o (linearAlloc)
C:/devkitPro/libctru-master/libctru/lib\libctru.a(mem_pool.o)
                              C:/devkitPro/libctru-master/libctru/lib\libctru.a(linear.o) (_ZN7MemPool8AllocateER8MemChunkmi)
C:/devkitPro/libctru-master/libctru/lib\libctru.a(console.o)
                              main.o (consoleInit)
C:/devkitPro/libctru-master/libctru/lib\libctru.a(gfx.o)
                              C:/devkitPro/libctru-master/libctru/lib\libctru.a(console.o) (gfxIsWide)
C:/devkitPro/libctru-master/libctru/lib\libctru.a(synchronization.o)
                              main.o (LightLock_Init)
C:/devkitPro/libctru-master/libctru/lib\libctru.a(thread.o)
                              main.o (threadCreate)
C:/devkitPro/libctru-master/libctru/lib\libctru.a(apt.o)
                              main.o (aptSetHomeAllowed)
C:/devkitPro/libctru-master/libctru/lib\libctru.a(gspgpu.o)
                              C:/devkitPro/libctru-master/libctru/lib\libctru.a(gfx.o) (gspInit)
C:/devkitPro/libctru-master/libctru/lib\libctru.a(hid.o)
                              main.o (hidScanInput)
C:/devkitPro/libctru-master/libctru/lib\libctru.a(irrst.o)
                              C:/devkitPro/libctru-master/libctru/lib\libctru.a(hid.o) (irrstInit)
C:/devkitPro/libctru-master/libctru/lib\libctru.a(mvd.o)
                              main.o (mvdstdInit)
C:/devkitPro/libctru-master/libctru/lib\libctru.a(soc_connect.o)
                              main.o (connect)
C:/devkitPro/libctru-master/libctru/lib\libctru.a(soc_inet_pton.o)
                              main.o (inet_pton)
C:/devkitPro/libctru-master/libctru/lib\libctru.a(soc_init.o)
                              main.o (socInit)
C:/devkitPro/libctru-master/libctru/lib\libctru.a(soc_recv.o)
                              main.o (recv)
C:/devkitPro/libctru-master/libctru/lib\libctru.a(soc_recvfrom.o)
                              C:/devkitPro/libctru-master/libctru/lib\libctru.a(soc_init.o) (soc_recvfrom)
C:/devkitPro/libctru-master/libctru/lib\libctru.a(soc_send.o)
                              main.o (send)
C:/devkitPro/libctru-master/libctru/lib\libctru.a(soc_sendto.o)
                              C:/devkitPro/libctru-master/libctru/lib\libctru.a(soc_init.o) (soc_sendto)
C:/devkitPro/libctru-master/libctru/lib\libctru.a(soc_shutdown.o)
                              main.o (shutdown)
C:/devkitPro/libctru-master/libctru/lib\libctru.a(soc_socket.o)
                              main.o (socket)
C:/devkitPro/libctru-master/libctru/lib\libctru.a(swkbd.o)
                              main.o (swkbdInit)
C:/devkitPro/libctru-master/libctru/lib\libctru.a(rbtree_find.o)
                              C:/devkitPro/libctru-master/libctru/lib\libctru.a(linear.o) (rbtree_find)
C:/devkitPro/libctru-master/libctru/lib\libctru.a(rbtree_init.o)
                              C:/devkitPro/libctru-master/libctru/lib\libctru.a(linear.o) (rbtree_init)
C:/devkitPro/libctru-master/libctru/lib\libctru.a(rbtree_insert.o)
                              C:/devkitPro/libctru-master/libctru/lib\libctru.a(linear.o) (rbtree_insert)
C:/devkitPro/libctru-master/libctru/lib\libctru.a(rbtree_remove.o)
                              C:/devkitPro/libctru-master/libctru/lib\libctru.a(linear.o) (rbtree_remove)
C:/devkitPro/libctru-master/libctru/lib\libctru.a(rbtree_rotate.o)
                              C:/devkitPro/libctru-master/libctru/lib\libctru.a(rbtree_insert.o) (rbtree_rotate)
C:/devkitPro/libctru-master/libctru/lib\libctru.a(utf16_to_utf8.o)
                              C:/devkitPro/libctru-master/libctru/lib\libctru.a(swkbd.o) (utf16_to_utf8)
C:/devkitPro/libctru-master/libctru/lib\libctru.a(utf8_to_utf16.o)
                              C:/devkitPro/libctru-master/libctru/lib\libctru.a(swkbd.o) (utf8_to_utf16)
C:/devkitPro/libctru-master/libctru/lib\libctru.a(allocateHeaps.o)
                              C:/devkitPro/libctru-master/libctru/lib\libctru.a(linear.o) (__ctru_linear_heap_size)
C:/devkitPro/libctru-master/libctru/lib\libctru.a(ctru_init.o)
                              C:/devkitPro/libctru-master/libctru/lib\libctru.a(apt.o) (__system_retAddr)
C:/devkitPro/libctru-master/libctru/lib\libctru.a(initArgv.o)
                              C:/devkitPro/libctru-master/libctru/lib\libctru.a(ctru_init.o) (__system_initArgv)
C:/devkitPro/libctru-master/libctru/lib\libctru.a(syscalls.o)
                              C:/devkitPro/libctru-master/libctru/lib\libctru.a(thread.o) (initThreadVars)
C:/devkitPro/libctru-master/libctru/lib\libctru.a(svc.o)
                              C:/devkitPro/libctru-master/libctru/lib\libctru.a(allocateHeaps.o) (svcControlMemory)
C:/devkitPro/libctru-master/libctru/lib\libctru.a(stack_adjust.o)
[...]
Memory Configuration

Name             Origin             Length             Attributes
*default*        0x00000000         0xffffffff

Linker script and memory map

                0x00000000                        __sync_synchronize = __sync_synchronize_dmb
                0x00100000                        PROVIDE (__start__ = 0x100000)
                0x00100000                        . = __start__

.text           0x00100000    0x254ac
 *(.crt0)
 .crt0          0x00100000       0x94 C:/devkitPro/devkitARM/bin/../lib/gcc/arm-none-eabi/15.2.0/../../../../arm-none-eabi/lib/armv6k/fpu/3dsx_crt0.o
                0x00100000                _start
                0x00100008                __service_ptr
                0x0010000c                __apt_appid
                0x00100010                __heap_size
                0x00100014                __linear_heap_size
                0x00100018                __system_arglist
                0x0010001c                __system_runflags
 *(.init)
 .init          0x00100094        0xc C:/devkitPro/devkitARM/bin/../lib/gcc/arm-none-eabi/15.2.0/armv6k/fpu/crti.o
                0x00100094                _init
 .init          0x001000a0        0xc C:/devkitPro/devkitARM/bin/../lib/gcc/arm-none-eabi/15.2.0/armv6k/fpu/crtn.o
                0x001000ac                        . = ALIGN (0x4)
 *(.text)
 .text          0x001000ac      0x240 C:/devkitPro/devkitARM/bin/../lib/gcc/arm-none-eabi/15.2.0/armv6k/fpu\libgcc.a(_divsi3.o)
                0x001000ac                __divsi3
                0x001000ac                __aeabi_idiv
                0x001002cc                __aeabi_idivmod
 .text          0x001002ec        0x4 C:/devkitPro/devkitARM/bin/../lib/gcc/arm-none-eabi/15.2.0/armv6k/fpu\libgcc.a(_dvmd_tls.o)
                0x001002ec                __aeabi_idiv0
                0x001002ec                __aeabi_ldiv0
 .text          0x001002f0       0x3c C:/devkitPro/devkitARM/bin/../lib/gcc/arm-none-eabi/15.2.0/armv6k/fpu\libgcc.a(_aeabi_uldivmod.o)
                0x001002f0                __aeabi_uldivmod
 *fill*         0x0010032c       0x14 
 .text          0x00100340      0x390 C:/devkitPro/devkitARM/bin/../lib/gcc/arm-none-eabi/15.2.0/../../../../arm-none-eabi/lib/armv6k/fpu\libg.a(libc_a-strcmp.o)
                0x00100348                strcmp
 .text          0x001006d0      0x20c C:/devkitPro/devkitARM/bin/../lib/gcc/arm-none-eabi/15.2.0/armv6k/fpu\libgcc.a(_udivsi3.o)
                0x001006d0                __aeabi_uidiv
                0x001006d0                __udivsi3
                0x001008bc                __aeabi_uidivmod
 .text          0x001008dc      0x3c0 C:/devkitPro/devkitARM/bin/../lib/gcc/arm-none-eabi/15.2.0/armv6k/fpu\libgcc.a(_arm_addsubdf3.o)
                0x001008dc                __aeabi_drsub
                0x001008e4                __aeabi_dsub
                0x001008e4                __subdf3
                0x001008e8                __aeabi_dadd
                0x001008e8                __adddf3
                0x00100b94                __floatunsidf
                0x00100b94                __aeabi_ui2d
                0x00100bb8                __floatsidf
                0x00100bb8                __aeabi_i2d
                0x00100be0                __aeabi_f2d
                0x00100be0                __extendsfdf2
                0x00100c28                __floatundidf
                0x00100c28                __aeabi_ul2d
                0x00100c3c                __floatdidf
                0x00100c3c                __aeabi_l2d
 *(.text.*)
 .text.__do_global_dtors_aux
                0x00100c9c       0x50 C:/devkitPro/devkitARM/bin/../lib/gcc/arm-none-eabi/15.2.0/armv6k/fpu/crtbegin.o
 .text.frame_dummy
                0x00100cec       0x2c C:/devkitPro/devkitARM/bin/../lib/gcc/arm-none-eabi/15.2.0/armv6k/fpu/crtbegin.o
 .text.apt_callback
                0x00100d18       0x60 main.o
 .text.locked_printf
                0x00100d78       0x80 main.o
 .text.shutdown_video_decoder
                0x00100df8       0x8c main.o
 .text.connect_tcp
                0x00100e84       0x90 main.o
 .text.create_key_mask.part.0
                0x00100f14       0x54 main.o
 .text.decode_access_unit.constprop.0
                0x00100f68      0x154 main.o
 *fill*         0x001010bc        0x4 
 .text.video_thread_main
                0x001010c0      0x6b0 main.o
 .text.startup.main
                0x00101770      0x5c4 main.o
                0x00101770                main
 .text._ZL21addrMapNodeComparatorPK11rbtree_nodeS1_
                0x00101d34       0x24 C:/devkitPro/libctru-master/libctru/lib\libctru.a(linear.o)
 .text._ZL21addrMapNodeDestructorP11rbtree_node
                0x00101d58        0x4 C:/devkitPro/libctru-master/libctru/lib\libctru.a(linear.o)
 .text.linearMemAlign
                0x00101d5c      0x12c C:/devkitPro/libctru-master/libctru/lib\libctru.a(linear.o)
                0x00101d5c                linearMemAlign
 .text.linearAlloc
                0x00101e88        0x8 C:/devkitPro/libctru-master/libctru/lib\libctru.a(linear.o)
                0x00101e88                linearAlloc
 .text.linearFree
                0x00101e90       0x5c C:/devkitPro/libctru-master/libctru/lib\libctru.a(linear.o)
                0x00101e90                linearFree
 .text._ZN7MemPool13CoalesceRightEP8MemBlock
                0x00101eec       0x88 C:/devkitPro/libctru-master/libctru/lib\libctru.a(mem_pool.o)
                0x00101eec                _ZN7MemPool13CoalesceRightEP8MemBlock
 .text._ZN7MemPool8AllocateER8MemChunkmi
                0x00101f74      0x178 C:/devkitPro/libctru-master/libctru/lib\libctru.a(mem_pool.o)
                0x00101f74                _ZN7MemPool8AllocateER8MemChunkmi
 .text._ZN7MemPool10DeallocateERK8MemChunk
                0x001020ec      0x118 C:/devkitPro/libctru-master/libctru/lib\libctru.a(mem_pool.o)
                0x001020ec                _ZN7MemPool10DeallocateERK8MemChunk
 .text._ZN7MemPool12GetFreeSpaceEv
                0x00102204       0x30 C:/devkitPro/libctru-master/libctru/lib\libctru.a(mem_pool.o)
                0x00102204                _ZN7MemPool12GetFreeSpaceEv
 .text.consoleDrawChar
                0x00102234      0x1c8 C:/devkitPro/libctru-master/libctru/lib\libctru.a(console.o)
                0x00102234                consoleDrawChar
 .text.consolePrintChar
                0x001023fc      0x170 C:/devkitPro/libctru-master/libctru/lib\libctru.a(console.o)
                0x001023fc                consolePrintChar
 .text.con_write
                0x0010256c      0xcc8 C:/devkitPro/libctru-master/libctru/lib\libctru.a(console.o)
                0x0010256c                con_write
 .text.newRow   0x00103234       0xfc C:/devkitPro/libctru-master/libctru/lib\libctru.a(console.o)
 .text.consoleInit
                0x00103330      0x180 C:/devkitPro/libctru-master/libctru/lib\libctru.a(console.o)
                0x00103330                consoleInit
 .text.gfxPresentFramebuffer
                0x001034b0       0xcc C:/devkitPro/libctru-master/libctru/lib\libctru.a(gfx.o)
 .text.gfxIsWide
                0x0010357c       0x1c C:/devkitPro/libctru-master/libctru/lib\libctru.a(gfx.o)
                0x0010357c                gfxIsWide
 .text.gfxSetScreenFormat
                0x00103598       0xf8 C:/devkitPro/libctru-master/libctru/lib\libctru.a(gfx.o)
                0x00103598                gfxSetScreenFormat
 .text.gfxSetDoubleBuffering
                0x00103690       0x10 C:/devkitPro/libctru-master/libctru/lib\libctru.a(gfx.o)
                0x00103690                gfxSetDoubleBuffering
 .text.gfxInit  0x001036a0       0xd8 C:/devkitPro/libctru-master/libctru/lib\libctru.a(gfx.o)
                0x001036a0                gfxInit
 .text.gfxInitDefault
                0x00103778       0x10 C:/devkitPro/libctru-master/libctru/lib\libctru.a(gfx.o)
                0x00103778                gfxInitDefault
 .text.gfxExit  0x00103788       0xb8 C:/devkitPro/libctru-master/libctru/lib\libctru.a(gfx.o)
                0x00103788                gfxExit
 .text.gfxGetFramebuffer
                0x00103840       0xa0 C:/devkitPro/libctru-master/libctru/lib\libctru.a(gfx.o)
                0x00103840                gfxGetFramebuffer
 .text.gfxFlushBuffers
                0x001038e0      0x100 C:/devkitPro/libctru-master/libctru/lib\libctru.a(gfx.o)
                0x001038e0                gfxFlushBuffers
 .text.gfxSwapBuffers
                0x001039e0       0x50 C:/devkitPro/libctru-master/libctru/lib\libctru.a(gfx.o)
                0x001039e0                gfxSwapBuffers
 .text.gfxSwapBuffersGpu
                0x00103a30       0x50 C:/devkitPro/libctru-master/libctru/lib\libctru.a(gfx.o)
                0x00103a30                gfxSwapBuffersGpu
 .text.__sync_init
                0x00103a80        0xc C:/devkitPro/libctru-master/libctru/lib\libctru.a(synchronization.o)
                0x00103a80                __sync_init
 .text.__sync_fini
                0x00103a8c       0x18 C:/devkitPro/libctru-master/libctru/lib\libctru.a(synchronization.o)
                0x00103a8c                __sync_fini
 .text.syncArbitrateAddress
                0x00103aa4       0x28 C:/devkitPro/libctru-master/libctru/lib\libctru.a(synchronization.o)
                0x00103aa4                syncArbitrateAddress
 .text.LightLock_Init
                0x00103acc       0x1c C:/devkitPro/libctru-master/libctru/lib\libctru.a(synchronization.o)
                0x00103acc                LightLock_Init
 .text.LightLock_Lock
                0x00103ae8       0xac C:/devkitPro/libctru-master/libctru/lib\libctru.a(synchronization.o)
                0x00103ae8                LightLock_Lock
 .text.LightLock_Unlock
                0x00103b94       0x40 C:/devkitPro/libctru-master/libctru/lib\libctru.a(synchronization.o)
                0x00103b94                LightLock_Unlock
 .text.RecursiveLock_Lock
                0x00103bd4       0x54 C:/devkitPro/libctru-master/libctru/lib\libctru.a(synchronization.o)
                0x00103bd4                RecursiveLock_Lock
 .text.RecursiveLock_Unlock
                0x00103c28       0x54 C:/devkitPro/libctru-master/libctru/lib\libctru.a(synchronization.o)
                0x00103c28                RecursiveLock_Unlock
 .text.LightEvent_Init
                0x00103c7c       0x44 C:/devkitPro/libctru-master/libctru/lib\libctru.a(synchronization.o)
                0x00103c7c                LightEvent_Init
 .text.LightEvent_Clear
                0x00103cc0       0xb8 C:/devkitPro/libctru-master/libctru/lib\libctru.a(synchronization.o)
                0x00103cc0                LightEvent_Clear
 .text.LightEvent_Signal
                0x00103d78       0xdc C:/devkitPro/libctru-master/libctru/lib\libctru.a(synchronization.o)
                0x00103d78                LightEvent_Signal
 .text.LightEvent_TryWait
                0x00103e54       0x50 C:/devkitPro/libctru-master/libctru/lib\libctru.a(synchronization.o)
                0x00103e54                LightEvent_TryWait
 .text.LightEvent_Wait
                0x00103ea4       0xac C:/devkitPro/libctru-master/libctru/lib\libctru.a(synchronization.o)
                0x00103ea4                LightEvent_Wait
 .text.threadCreate
                0x00103f50      0x1fc C:/devkitPro/libctru-master/libctru/lib\libctru.a(thread.o)
                0x00103f50                threadCreate
 .text.threadFree
                0x0010414c       0x38 C:/devkitPro/libctru-master/libctru/lib\libctru.a(thread.o)
                0x0010414c                threadFree
 .text.threadJoin
                0x00104184       0x24 C:/devkitPro/libctru-master/libctru/lib\libctru.a(thread.o)
                0x00104184                threadJoin
 .text.threadGetCurrent
                0x001041a8       0x30 C:/devkitPro/libctru-master/libctru/lib\libctru.a(thread.o)
                0x001041a8                threadGetCurrent
 .text.threadExit
                0x001041d8       0x40 C:/devkitPro/libctru-master/libctru/lib\libctru.a(thread.o)
                0x001041d8                threadExit
 .text._thread_begin
                0x00104218       0x20 C:/devkitPro/libctru-master/libctru/lib\libctru.a(thread.o)
 .text.aptConvertScreenForCapture
                0x00104238      0x180 C:/devkitPro/libctru-master/libctru/lib\libctru.a(apt.o)
 .text.aptDspSleep
                0x001043b8        0x8 C:/devkitPro/libctru-master/libctru/lib\libctru.a(apt.o)
                0x001043b8                aptDspSleep
 .text.aptDspWakeup
                0x001043c0        0x4 C:/devkitPro/libctru-master/libctru/lib\libctru.a(apt.o)
                0x001043c0                aptDspWakeup
 .text.aptDspCancel
                0x001043c4        0x4 C:/devkitPro/libctru-master/libctru/lib\libctru.a(apt.o)
                0x001043c4                aptDspCancel
 .text.aptSendCommand
                0x001043c8      0x138 C:/devkitPro/libctru-master/libctru/lib\libctru.a(apt.o)
                0x001043c8                aptSendCommand
 .text.aptExitProcess
                0x00104500       0x44 C:/devkitPro/libctru-master/libctru/lib\libctru.a(apt.o)
 .text.aptSetHomeAllowed
                0x00104544       0x20 C:/devkitPro/libctru-master/libctru/lib\libctru.a(apt.o)
                0x00104544                aptSetHomeAllowed
 .text.aptExit  0x00104564      0x394 C:/devkitPro/libctru-master/libctru/lib\libctru.a(apt.o)
                0x00104564                aptExit
 .text.aptHandleSleep
                0x001048f8       0xd8 C:/devkitPro/libctru-master/libctru/lib\libctru.a(apt.o)
                0x001048f8                aptHandleSleep
 .text.aptHook  0x001049d0       0x34 C:/devkitPro/libctru-master/libctru/lib\libctru.a(apt.o)
                0x001049d0                aptHook
 .text.aptUnhook
                0x00104a04       0x30 C:/devkitPro/libctru-master/libctru/lib\libctru.a(apt.o)
                0x00104a04                aptUnhook
 .text.aptSetMessageCallback
                0x00104a34       0x1c C:/devkitPro/libctru-master/libctru/lib\libctru.a(apt.o)
                0x00104a34                aptSetMessageCallback
 .text.APT_SleepIfShellClosed
                0x00104a50       0x84 C:/devkitPro/libctru-master/libctru/lib\libctru.a(apt.o)
                0x00104a50                APT_SleepIfShellClosed
 .text.aptSetSleepAllowed
                0x00104ad4       0x78 C:/devkitPro/libctru-master/libctru/lib\libctru.a(apt.o)
                0x00104ad4                aptSetSleepAllowed
 .text.APT_UnlockTransition
                0x00104b4c       0x84 C:/devkitPro/libctru-master/libctru/lib\libctru.a(apt.o)
                0x00104b4c                APT_UnlockTransition
 .text.aptEventHandler
                0x00104bd0      0x470 C:/devkitPro/libctru-master/libctru/lib\libctru.a(apt.o)
 .text.APT_ReceiveParameter
                0x00105040       0xbc C:/devkitPro/libctru-master/libctru/lib\libctru.a(apt.o)
                0x00105040                APT_ReceiveParameter
 .text.aptReceiveParameter.constprop.0
                0x001050fc       0xb0 C:/devkitPro/libctru-master/libctru/lib\libctru.a(apt.o)
 *fill*         0x001051ac        0x4 
 .text.aptScreenTransfer
                0x001051b0      0x294 C:/devkitPro/libctru-master/libctru/lib\libctru.a(apt.o)
 .text.aptWaitForWakeUp.isra.0
                0x00105444      0x2d0 C:/devkitPro/libctru-master/libctru/lib\libctru.a(apt.o)
 .text.aptLaunchLibraryApplet
                0x00105714      0x114 C:/devkitPro/libctru-master/libctru/lib\libctru.a(apt.o)
                0x00105714                aptLaunchLibraryApplet
 .text.aptJumpToHomeMenu
                0x00105828       0xf4 C:/devkitPro/libctru-master/libctru/lib\libctru.a(apt.o)
                0x00105828                aptJumpToHomeMenu
 .text.aptMainLoop
                0x0010591c       0x58 C:/devkitPro/libctru-master/libctru/lib\libctru.a(apt.o)
                0x0010591c                aptMainLoop
 .text.aptInit  0x00105974      0x240 C:/devkitPro/libctru-master/libctru/lib\libctru.a(apt.o)
                0x00105974                aptInit
 .text.APT_SendParameter
                0x00105bb4       0x5c C:/devkitPro/libctru-master/libctru/lib\libctru.a(apt.o)
                0x00105bb4                APT_SendParameter
 .text.APT_CheckNew3DS
                0x00105c10       0x90 C:/devkitPro/libctru-master/libctru/lib\libctru.a(apt.o)
                0x00105c10                APT_CheckNew3DS
 .text.gspHardwareInit
                0x00105ca0      0xc70 C:/devkitPro/libctru-master/libctru/lib\libctru.a(gspgpu.o)
 .text.gspInit  0x00106910      0x288 C:/devkitPro/libctru-master/libctru/lib\libctru.a(gspgpu.o)
                0x00106910                gspInit
 .text.gspExit  0x00106b98      0x104 C:/devkitPro/libctru-master/libctru/lib\libctru.a(gspgpu.o)
                0x00106b98                gspExit
 .text.gspHasGpuRight
                0x00106c9c       0x10 C:/devkitPro/libctru-master/libctru/lib\libctru.a(gspgpu.o)
                0x00106c9c                gspHasGpuRight
 .text.gspPresentBuffer
                0x00106cac       0xa4 C:/devkitPro/libctru-master/libctru/lib\libctru.a(gspgpu.o)
                0x00106cac                gspPresentBuffer
 .text.gspWaitForEvent
                0x00106d50       0x50 C:/devkitPro/libctru-master/libctru/lib\libctru.a(gspgpu.o)
                0x00106d50                gspWaitForEvent
 .text.gxCmdQueueInterrupt
                0x00106da0        0x4 C:/devkitPro/libctru-master/libctru/lib\libctru.a(gspgpu.o)
                0x00106da0                gxCmdQueueInterrupt
 .text.gspEventThreadMain
                0x00106da4      0x154 C:/devkitPro/libctru-master/libctru/lib\libctru.a(gspgpu.o)
 .text.GSPGPU_FlushDataCache
                0x00106ef8       0x50 C:/devkitPro/libctru-master/libctru/lib\libctru.a(gspgpu.o)
                0x00106ef8                GSPGPU_FlushDataCache
 .text.GSPGPU_SetLcdForceBlack
                0x00106f48       0x34 C:/devkitPro/libctru-master/libctru/lib\libctru.a(gspgpu.o)
                0x00106f48                GSPGPU_SetLcdForceBlack
 .text.GSPGPU_AcquireRight
                0x00106f7c       0x84 C:/devkitPro/libctru-master/libctru/lib\libctru.a(gspgpu.o)
                0x00106f7c                GSPGPU_AcquireRight
 .text.GSPGPU_ReleaseRight
                0x00107000       0x64 C:/devkitPro/libctru-master/libctru/lib\libctru.a(gspgpu.o)
                0x00107000                GSPGPU_ReleaseRight
 .text.GSPGPU_ImportDisplayCaptureInfo
                0x00107064       0x7c C:/devkitPro/libctru-master/libctru/lib\libctru.a(gspgpu.o)
                0x00107064                GSPGPU_ImportDisplayCaptureInfo
 .text.GSPGPU_SaveVramSysArea
                0x001070e0       0x2c C:/devkitPro/libctru-master/libctru/lib\libctru.a(gspgpu.o)
                0x001070e0                GSPGPU_SaveVramSysArea
 .text.GSPGPU_RestoreVramSysArea
                0x0010710c       0x2c C:/devkitPro/libctru-master/libctru/lib\libctru.a(gspgpu.o)
                0x0010710c                GSPGPU_RestoreVramSysArea
 .text.hidShouldUseIrrst
                0x00107138       0x24 C:/devkitPro/libctru-master/libctru/lib\libctru.a(hid.o)
                0x00107138                hidShouldUseIrrst
 .text.hidInit  0x0010715c      0x1cc C:/devkitPro/libctru-master/libctru/lib\libctru.a(hid.o)
                0x0010715c                hidInit
 .text.hidExit  0x00107328       0xe8 C:/devkitPro/libctru-master/libctru/lib\libctru.a(hid.o)
                0x00107328                hidExit
 .text.hidScanInput
                0x00107410      0x2a0 C:/devkitPro/libctru-master/libctru/lib\libctru.a(hid.o)
                0x00107410                hidScanInput
 .text.hidKeysHeld
                0x001076b0       0x10 C:/devkitPro/libctru-master/libctru/lib\libctru.a(hid.o)
                0x001076b0                hidKeysHeld
 .text.hidKeysDown
                0x001076c0       0x10 C:/devkitPro/libctru-master/libctru/lib\libctru.a(hid.o)
                0x001076c0                hidKeysDown
 .text.irrstInit
                0x001076d0      0x1a4 C:/devkitPro/libctru-master/libctru/lib\libctru.a(irrst.o)
                0x001076d0                irrstInit
 .text.irrstExit
                0x00107874       0xdc C:/devkitPro/libctru-master/libctru/lib\libctru.a(irrst.o)
                0x00107874                irrstExit
 .text.irrstScanInput
                0x00107950       0xb4 C:/devkitPro/libctru-master/libctru/lib\libctru.a(irrst.o)
                0x00107950                irrstScanInput
 .text.irrstKeysHeld
                0x00107a04       0x24 C:/devkitPro/libctru-master/libctru/lib\libctru.a(irrst.o)
                0x00107a04                irrstKeysHeld
 .text.mvdstdInit
                0x00107a28      0x330 C:/devkitPro/libctru-master/libctru/lib\libctru.a(mvd.o)
                0x00107a28                mvdstdInit
 .text.mvdstdExit
                0x00107d58      0x11c C:/devkitPro/libctru-master/libctru/lib\libctru.a(mvd.o)
                0x00107d58                mvdstdExit
 .text.mvdstdGenerateDefaultConfig
                0x00107e74       0xe4 C:/devkitPro/libctru-master/libctru/lib\libctru.a(mvd.o)
                0x00107e74                mvdstdGenerateDefaultConfig
 .text.mvdstdProcessVideoFrame
                0x00107f58       0xfc C:/devkitPro/libctru-master/libctru/lib\libctru.a(mvd.o)
                0x00107f58                mvdstdProcessVideoFrame
 .text.mvdstdRenderVideoFrame
                0x00108054       0xf8 C:/devkitPro/libctru-master/libctru/lib\libctru.a(mvd.o)
                0x00108054                mvdstdRenderVideoFrame
 .text.connect  0x0010814c      0x174 C:/devkitPro/libctru-master/libctru/lib\libctru.a(soc_connect.o)
                0x0010814c                connect
 .text.inet_pton
                0x001082c0       0x70 C:/devkitPro/libctru-master/libctru/lib\libctru.a(soc_inet_pton.o)
                0x001082c0                inet_pton
 .text.soc_read
                0x00108330       0x34 C:/devkitPro/libctru-master/libctru/lib\libctru.a(soc_init.o)
 .text.soc_write
                0x00108364       0x34 C:/devkitPro/libctru-master/libctru/lib\libctru.a(soc_init.o)
 .text.soc_close
                0x00108398       0xb0 C:/devkitPro/libctru-master/libctru/lib\libctru.a(soc_init.o)
 .text.socInit  0x00108448      0x190 C:/devkitPro/libctru-master/libctru/lib\libctru.a(soc_init.o)
                0x00108448                socInit
 .text.socExit  0x001085d8       0x88 C:/devkitPro/libctru-master/libctru/lib\libctru.a(soc_init.o)
                0x001085d8                socExit
 .text.recv     0x00108660       0x20 C:/devkitPro/libctru-master/libctru/lib\libctru.a(soc_recv.o)
                0x00108660                recv
 .text.socuipc_cmd7
                0x00108680      0x148 C:/devkitPro/libctru-master/libctru/lib\libctru.a(soc_recvfrom.o)
                0x00108680                socuipc_cmd7
 .text.socuipc_cmd8
                0x001087c8      0x168 C:/devkitPro/libctru-master/libctru/lib\libctru.a(soc_recvfrom.o)
                0x001087c8                socuipc_cmd8
 .text.soc_recvfrom
                0x00108930       0x10 C:/devkitPro/libctru-master/libctru/lib\libctru.a(soc_recvfrom.o)
                0x00108930                soc_recvfrom
 .text.recvfrom
                0x00108940       0xa4 C:/devkitPro/libctru-master/libctru/lib\libctru.a(soc_recvfrom.o)
                0x00108940                recvfrom
 .text.send     0x001089e4       0x20 C:/devkitPro/libctru-master/libctru/lib\libctru.a(soc_send.o)
                0x001089e4                send
 .text.socuipc_cmd9
                0x00108a04      0x15c C:/devkitPro/libctru-master/libctru/lib\libctru.a(soc_sendto.o)
                0x00108a04                socuipc_cmd9
 .text.socuipc_cmda
                0x00108b60      0x160 C:/devkitPro/libctru-master/libctru/lib\libctru.a(soc_sendto.o)
                0x00108b60                socuipc_cmda
 .text.soc_sendto
                0x00108cc0       0x10 C:/devkitPro/libctru-master/libctru/lib\libctru.a(soc_sendto.o)
                0x00108cc0                soc_sendto
 .text.sendto   0x00108cd0       0xa4 C:/devkitPro/libctru-master/libctru/lib\libctru.a(soc_sendto.o)
                0x00108cd0                sendto
 .text.shutdown
                0x00108d74      0x108 C:/devkitPro/libctru-master/libctru/lib\libctru.a(soc_shutdown.o)
                0x00108d74                shutdown
 .text.socket   0x00108e7c      0x16c C:/devkitPro/libctru-master/libctru/lib\libctru.a(soc_socket.o)
                0x00108e7c                socket
 .text.swkbdMessageCallback
                0x00108fe8      0x190 C:/devkitPro/libctru-master/libctru/lib\libctru.a(swkbd.o)
 .text.swkbdInit
                0x00109178       0x84 C:/devkitPro/libctru-master/libctru/lib\libctru.a(swkbd.o)
                0x00109178                swkbdInit
 .text.swkbdSetHintText
                0x001091fc       0x64 C:/devkitPro/libctru-master/libctru/lib\libctru.a(swkbd.o)
                0x001091fc                swkbdSetHintText
 .text.swkbdSetButton
                0x00109260       0x88 C:/devkitPro/libctru-master/libctru/lib\libctru.a(swkbd.o)
                0x00109260                swkbdSetButton
 .text.swkbdInputText
                0x001092e8      0x3a8 C:/devkitPro/libctru-master/libctru/lib\libctru.a(swkbd.o)
                0x001092e8                swkbdInputText
 .text.rbtree_find
                0x00109690       0x74 C:/devkitPro/libctru-master/libctru/lib\libctru.a(rbtree_find.o)
                0x00109690                rbtree_find
 .text.rbtree_init
                0x00109704       0x10 C:/devkitPro/libctru-master/libctru/lib\libctru.a(rbtree_init.o)
                0x00109704                rbtree_init
 .text.do_insert
                0x00109714      0x198 C:/devkitPro/libctru-master/libctru/lib\libctru.a(rbtree_insert.o)
 .text.rbtree_insert
                0x001098ac        0x8 C:/devkitPro/libctru-master/libctru/lib\libctru.a(rbtree_insert.o)
                0x001098ac                rbtree_insert
 .text.rbtree_remove
                0x001098b4      0x310 C:/devkitPro/libctru-master/libctru/lib\libctru.a(rbtree_remove.o)
                0x001098b4                rbtree_remove
 .text.rbtree_rotate
                0x00109bc4       0x90 C:/devkitPro/libctru-master/libctru/lib\libctru.a(rbtree_rotate.o)
                0x00109bc4                rbtree_rotate
 .text.utf16_to_utf8
                0x00109c54       0xe8 C:/devkitPro/libctru-master/libctru/lib\libctru.a(utf16_to_utf8.o)
                0x00109c54                utf16_to_utf8
 .text.utf8_to_utf16
                0x00109d3c       0xc0 C:/devkitPro/libctru-master/libctru/lib\libctru.a(utf8_to_utf16.o)
                0x00109d3c                utf8_to_utf16
 *fill*         0x00109dfc        0x4 
 .text.__system_allocateHeaps
                0x00109e00      0x1e8 C:/devkitPro/libctru-master/libctru/lib\libctru.a(allocateHeaps.o)
                0x00109e00                __system_allocateHeaps
 .text.__libctru_init
                0x00109fe8       0x38 C:/devkitPro/libctru-master/libctru/lib\libctru.a(ctru_init.o)
                0x00109fe8                __libctru_init
 .text.__system_initArgv
                0x0010a020      0x16c C:/devkitPro/libctru-master/libctru/lib\libctru.a(initArgv.o)
                0x0010a020                __system_initArgv
 .text.__syscall_getreent
                0x0010a18c       0x30 C:/devkitPro/libctru-master/libctru/lib\libctru.a(syscalls.o)
                0x0010a18c                __syscall_getreent
 .text.__syscall_lock_acquire
                0x0010a1bc        0x4 C:/devkitPro/libctru-master/libctru/lib\libctru.a(syscalls.o)
                0x0010a1bc                __syscall_lock_acquire
 .text.__syscall_lock_release
                0x0010a1c0        0x4 C:/devkitPro/libctru-master/libctru/lib\libctru.a(syscalls.o)
                0x0010a1c0                __syscall_lock_release
 .text.__syscall_lock_acquire_recursive
                0x0010a1c4        0x4 C:/devkitPro/libctru-master/libctru/lib\libctru.a(syscalls.o)
                0x0010a1c4                __syscall_lock_acquire_recursive
 .text.__syscall_lock_release_recursive
                0x0010a1c8        0x4 C:/devkitPro/libctru-master/libctru/lib\libctru.a(syscalls.o)
                0x0010a1c8                __syscall_lock_release_recursive
 .text.__syscall_exit
                0x0010a1cc        0x4 C:/devkitPro/libctru-master/libctru/lib\libctru.a(syscalls.o)
                0x0010a1cc                __syscall_exit
 .text.initThreadVars
                0x0010a1d0       0x54 C:/devkitPro/libctru-master/libctru/lib\libctru.a(syscalls.o)
                0x0010a1d0                initThreadVars
 .text.__system_initSyscalls
                0x0010a224       0x80 C:/devkitPro/libctru-master/libctru/lib\libctru.a(syscalls.o)
                0x0010a224                __system_initSyscalls
 .text.svcControlMemory
                0x0010a2a4       0x20 C:/devkitPro/libctru-master/libctru/lib\libctru.a(svc.o)
                0x0010a2a4                svcControlMemory
 .text.svcQueryMemory
                0x0010a2c4       0x30 C:/devkitPro/libctru-master/libctru/lib\libctru.a(svc.o)
                0x0010a2c4                svcQueryMemory
 .text.svcExitProcess
                0x0010a2f4        0x8 C:/devkitPro/libctru-master/libctru/lib\libctru.a(svc.o)
                0x0010a2f4                svcExitProcess
 .text.svcCreateThread
                0x0010a2fc       0x20 C:/devkitPro/libctru-master/libctru/lib\libctru.a(svc.o)
                0x0010a2fc                svcCreateThread
 .text.svcExitThread
                0x0010a31c        0x8 C:/devkitPro/libctru-master/libctru/lib\libctru.a(svc.o)
                0x0010a31c                svcExitThread
 .text.svcSleepThread
                0x0010a324        0x8 C:/devkitPro/libctru-master/libctru/lib\libctru.a(svc.o)
                0x0010a324                svcSleepThread
 .text.svcReleaseMutex
                0x0010a32c        0x8 C:/devkitPro/libctru-master/libctru/lib\libctru.a(svc.o)
                0x0010a32c                svcReleaseMutex
 .text.svcCreateEvent
                0x0010a334       0x14 C:/devkitPro/libctru-master/libctru/lib\libctru.a(svc.o)
                0x0010a334                svcCreateEvent
 .text.svcSignalEvent
                0x0010a348        0x8 C:/devkitPro/libctru-master/libctru/lib\libctru.a(svc.o)
                0x0010a348                svcSignalEvent
 .text.svcClearEvent
                0x0010a350        0x8 C:/devkitPro/libctru-master/libctru/lib\libctru.a(svc.o)
                0x0010a350                svcClearEvent
 .text.svcCreateMemoryBlock
                0x0010a358       0x18 C:/devkitPro/libctru-master/libctru/lib\libctru.a(svc.o)
                0x0010a358                svcCreateMemoryBlock
 .text.svcMapMemoryBlock
                0x0010a370        0x8 C:/devkitPro/libctru-master/libctru/lib\libctru.a(svc.o)
                0x0010a370                svcMapMemoryBlock
 .text.svcUnmapMemoryBlock
                0x0010a378        0x8 C:/devkitPro/libctru-master/libctru/lib\libctru.a(svc.o)
                0x0010a378                svcUnmapMemoryBlock
 .text.svcCreateAddressArbiter
                0x0010a380       0x14 C:/devkitPro/libctru-master/libctru/lib\libctru.a(svc.o)
                0x0010a380                svcCreateAddressArbiter
 .text.svcArbitrateAddressNoTimeout
                0x0010a394        0x8 C:/devkitPro/libctru-master/libctru/lib\libctru.a(svc.o)
                0x0010a394                svcArbitrateAddressNoTimeout
 .text.svcCloseHandle
                0x0010a39c        0x8 C:/devkitPro/libctru-master/libctru/lib\libctru.a(svc.o)
                0x0010a39c                svcCloseHandle
 .text.svcWaitSynchronization
                0x0010a3a4        0x8 C:/devkitPro/libctru-master/libctru/lib\libctru.a(svc.o)
                0x0010a3a4                svcWaitSynchronization
 .text.svcWaitSynchronizationN
                0x0010a3ac       0x28 C:/devkitPro/libctru-master/libctru/lib\libctru.a(svc.o)
                0x0010a3ac                svcWaitSynchronizationN
 .text.svcDuplicateHandle
                0x0010a3d4       0x14 C:/devkitPro/libctru-master/libctru/lib\libctru.a(svc.o)
                0x0010a3d4                svcDuplicateHandle
 .text.svcConnectToPort
                0x0010a3e8       0x14 C:/devkitPro/libctru-master/libctru/lib\libctru.a(svc.o)
                0x0010a3e8                svcConnectToPort
 .text.svcSendSyncRequest
                0x0010a3fc        0x8 C:/devkitPro/libctru-master/libctru/lib\libctru.a(svc.o)
                0x0010a3fc                svcSendSyncRequest
 .text.svcGetResourceLimit
                0x0010a404       0x14 C:/devkitPro/libctru-master/libctru/lib\libctru.a(svc.o)
                0x0010a404                svcGetResourceLimit
 .text.svcGetResourceLimitLimitValues
                0x0010a418        0x8 C:/devkitPro/libctru-master/libctru/lib\libctru.a(svc.o)
                0x0010a418                svcGetResourceLimitLimitValues
 .text.svcGetResourceLimitCurrentValues
                0x0010a420        0x8 C:/devkitPro/libctru-master/libctru/lib\libctru.a(svc.o)
                0x0010a420                svcGetResourceLimitCurrentValues
 .text.svcBreak
                0x0010a428        0x8 C:/devkitPro/libctru-master/libctru/lib\libctru.a(svc.o)
                0x0010a428                svcBreak
 .text.initSystem
                0x0010a430       0x50 C:/devkitPro/libctru-master/libctru/lib\libctru.a(stack_adjust.o)
                0x0010a430                initSystem
 .text.__ctru_exit
                0x0010a480       0x14 C:/devkitPro/libctru-master/libctru/lib\libctru.a(stack_adjust.o)
                0x0010a480                __ctru_exit
 .text._ZL21addrMapNodeComparatorPK11rbtree_nodeS1_
                0x0010a494       0x24 C:/devkitPro/libctru-master/libctru/lib\libctru.a(vram.o)
 .text._ZL21addrMapNodeDestructorP11rbtree_node
                0x0010a4b8        0x4 C:/devkitPro/libctru-master/libctru/lib\libctru.a(vram.o)
 .text.vramMemAlignAt
                0x0010a4bc      0x248 C:/devkitPro/libctru-master/libctru/lib\libctru.a(vram.o)
                0x0010a4bc                vramMemAlignAt
 .text.vramAlloc
                0x0010a704        0xc C:/devkitPro/libctru-master/libctru/lib\libctru.a(vram.o)
                0x0010a704                vramAlloc
 .text.vramFree
                0x0010a710       0x94 C:/devkitPro/libctru-master/libctru/lib\libctru.a(vram.o)
                0x0010a710                vramFree
 .text.envGetHandle
                0x0010a7a4       0x8c C:/devkitPro/libctru-master/libctru/lib\libctru.a(env.o)
                0x0010a7a4                envGetHandle
 .text.envDestroyHandles
                0x0010a830       0x50 C:/devkitPro/libctru-master/libctru/lib\libctru.a(env.o)
                0x0010a830                envDestroyHandles
 .text.osConvertVirtToPhys
                0x0010a880       0x74 C:/devkitPro/libctru-master/libctru/lib\libctru.a(os.o)
                0x0010a880                osConvertVirtToPhys
 .text.osConvertOldLINEARMemToNew
                0x0010a8f4       0x20 C:/devkitPro/libctru-master/libctru/lib\libctru.a(os.o)
                0x0010a8f4                osConvertOldLINEARMemToNew
 .text.__ctru_speedup_config
                0x0010a914       0x34 C:/devkitPro/libctru-master/libctru/lib\libctru.a(os.o)
                0x0010a914                __ctru_speedup_config
 .text.srvInit  0x0010a948      0x164 C:/devkitPro/libctru-master/libctru/lib\libctru.a(srv.o)
                0x0010a948                srvInit
 .text.srvExit  0x0010aaac       0x64 C:/devkitPro/libctru-master/libctru/lib\libctru.a(srv.o)
                0x0010aaac                srvExit
 .text.srvEnableNotification
                0x0010ab10       0x60 C:/devkitPro/libctru-master/libctru/lib\libctru.a(srv.o)
                0x0010ab10                srvEnableNotification
 .text.srvGetServiceHandleDirect
                0x0010ab70       0xa0 C:/devkitPro/libctru-master/libctru/lib\libctru.a(srv.o)
                0x0010ab70                srvGetServiceHandleDirect
 .text.srvGetServiceHandle
                0x0010ac10       0x48 C:/devkitPro/libctru-master/libctru/lib\libctru.a(srv.o)
                0x0010ac10                srvGetServiceHandle
 .text.srvSubscribe
                0x0010ac58       0x34 C:/devkitPro/libctru-master/libctru/lib\libctru.a(srv.o)
                0x0010ac58                srvSubscribe
 .text.srvReceiveNotification
                0x0010ac8c       0x60 C:/devkitPro/libctru-master/libctru/lib\libctru.a(srv.o)
                0x0010ac8c                srvReceiveNotification
 .text.srvPublishToSubscriber
                0x0010acec       0x38 C:/devkitPro/libctru-master/libctru/lib\libctru.a(srv.o)
                0x0010acec                srvPublishToSubscriber
 .text.mappableFindAddressWithin
                0x0010ad24       0x90 C:/devkitPro/libctru-master/libctru/lib\libctru.a(mappable.o)
 .text.mappableInit
                0x0010adb4       0x28 C:/devkitPro/libctru-master/libctru/lib\libctru.a(mappable.o)
                0x0010adb4                mappableInit
 .text.mappableAlloc
                0x0010addc       0x7c C:/devkitPro/libctru-master/libctru/lib\libctru.a(mappable.o)
                0x0010addc                mappableAlloc
 .text.mappableFree
                0x0010ae58        0x4 C:/devkitPro/libctru-master/libctru/lib\libctru.a(mappable.o)
                0x0010ae58                mappableFree
 .text.ptmSysmInit
                0x0010ae5c       0x78 C:/devkitPro/libctru-master/libctru/lib\libctru.a(ptmsysm.o)
                0x0010ae5c                ptmSysmInit
 .text.ptmSysmExit
                0x0010aed4       0x3c C:/devkitPro/libctru-master/libctru/lib\libctru.a(ptmsysm.o)
                0x0010aed4                ptmSysmExit
 .text.PTMSYSM_ConfigureNew3DSCPU
                0x0010af10       0x34 C:/devkitPro/libctru-master/libctru/lib\libctru.a(ptmsysm.o)
                0x0010af10                PTMSYSM_ConfigureNew3DSCPU
 .text.srvPmGetSessionHandle
                0x0010af44        0xc C:/devkitPro/libctru-master/libctru/lib\libctru.a(srvpm.o)
                0x0010af44                srvPmGetSessionHandle
 .text._net_convert_error
                0x0010af50       0x3c C:/devkitPro/libctru-master/libctru/lib\libctru.a(soc_common.o)
                0x0010af50                _net_convert_error
 .text.rbtree_node_next
                0x0010af8c       0x60 C:/devkitPro/libctru-master/libctru/lib\libctru.a(rbtree_iterator.o)
                0x0010af8c                rbtree_node_next
 .text.decode_utf16
                0x0010afec       0x54 C:/devkitPro/libctru-master/libctru/lib\libctru.a(decode_utf16.o)
                0x0010afec                decode_utf16
 .text.decode_utf8
                0x0010b040      0x140 C:/devkitPro/libctru-master/libctru/lib\libctru.a(decode_utf8.o)
                0x0010b040                decode_utf8
 .text.encode_utf16
                0x0010b180       0x54 C:/devkitPro/libctru-master/libctru/lib\libctru.a(encode_utf16.o)
                0x0010b180                encode_utf16
 .text.encode_utf8
                0x0010b1d4       0xe0 C:/devkitPro/libctru-master/libctru/lib\libctru.a(encode_utf8.o)
                0x0010b1d4                encode_utf8
 .text.__appExit
                0x0010b2b4       0x30 C:/devkitPro/libctru-master/libctru/lib\libctru.a(appExit.o)
                0x0010b2b4                __appExit
 .text.__appInit
                0x0010b2e4       0x30 C:/devkitPro/libctru-master/libctru/lib\libctru.a(appInit.o)
                0x0010b2e4                __appInit
 .text.__libctru_exit
                0x0010b314       0x90 C:/devkitPro/libctru-master/libctru/lib\libctru.a(ctru_exit.o)
                0x0010b314                __libctru_exit
 .text.error_cmp
                0x0010b3a4       0x24 C:/devkitPro/libctru-master/libctru/lib\libctru.a(archive_dev.o)
 .text.archive_translate_error
                0x0010b3c8       0x50 C:/devkitPro/libctru-master/libctru/lib\libctru.a(archive_dev.o)
 .text.archive_seek
                0x0010b418       0xc0 C:/devkitPro/libctru-master/libctru/lib\libctru.a(archive_dev.o)
 .text._archiveInit.part.0
                0x0010b4d8       0x78 C:/devkitPro/libctru-master/libctru/lib\libctru.a(archive_dev.o)
 .text.archiveFindDevice.part.0
                0x0010b550      0x110 C:/devkitPro/libctru-master/libctru/lib\libctru.a(archive_dev.o)
 .text.archive_utf16path
                0x0010b660      0x298 C:/devkitPro/libctru-master/libctru/lib\libctru.a(archive_dev.o)
 .text._archiveUnmountDeviceStruct.part.0
                0x0010b8f8       0x98 C:/devkitPro/libctru-master/libctru/lib\libctru.a(archive_dev.o)
 .text._archiveMountDevice
                0x0010b990      0x178 C:/devkitPro/libctru-master/libctru/lib\libctru.a(archive_dev.o)
 .text.archive_diropen
                0x0010bb08       0xf8 C:/devkitPro/libctru-master/libctru/lib\libctru.a(archive_dev.o)
 .text.archive_fstat
                0x0010bc00       0xac C:/devkitPro/libctru-master/libctru/lib\libctru.a(archive_dev.o)
 .text.archive_fsync
                0x0010bcac       0x74 C:/devkitPro/libctru-master/libctru/lib\libctru.a(archive_dev.o)
 .text.archive_close
                0x0010bd20       0x74 C:/devkitPro/libctru-master/libctru/lib\libctru.a(archive_dev.o)
 .text.archive_dirclose
                0x0010bd94       0x78 C:/devkitPro/libctru-master/libctru/lib\libctru.a(archive_dev.o)
 .text.sdmc_statvfs
                0x0010be0c       0xec C:/devkitPro/libctru-master/libctru/lib\libctru.a(archive_dev.o)
 .text.archive_chdir
                0x0010bef8       0xf8 C:/devkitPro/libctru-master/libctru/lib\libctru.a(archive_dev.o)
 .text.archive_ftruncate
                0x0010bff0       0x8c C:/devkitPro/libctru-master/libctru/lib\libctru.a(archive_dev.o)
 .text.archive_read
                0x0010c07c       0xbc C:/devkitPro/libctru-master/libctru/lib\libctru.a(archive_dev.o)
 .text.archive_unlink
                0x0010c138       0xa8 C:/devkitPro/libctru-master/libctru/lib\libctru.a(archive_dev.o)
 .text.archive_rmdir
                0x0010c1e0       0xc0 C:/devkitPro/libctru-master/libctru/lib\libctru.a(archive_dev.o)
 .text.archive_mkdir
                0x0010c2a0       0xd8 C:/devkitPro/libctru-master/libctru/lib\libctru.a(archive_dev.o)
 .text.archive_stat
                0x0010c378      0x1a0 C:/devkitPro/libctru-master/libctru/lib\libctru.a(archive_dev.o)
 .text.archive_dirnext
                0x0010c518      0x164 C:/devkitPro/libctru-master/libctru/lib\libctru.a(archive_dev.o)
 .text.archive_write
                0x0010c67c      0x13c C:/devkitPro/libctru-master/libctru/lib\libctru.a(archive_dev.o)
 .text.archive_open
                0x0010c7b8      0x254 C:/devkitPro/libctru-master/libctru/lib\libctru.a(archive_dev.o)
 .text.archive_rename
                0x0010ca0c      0x270 C:/devkitPro/libctru-master/libctru/lib\libctru.a(archive_dev.o)
 .text.archiveMountSdmc
                0x0010cc7c      0x1c8 C:/devkitPro/libctru-master/libctru/lib\libctru.a(archive_dev.o)
                0x0010cc7c                archiveMountSdmc
 .text.archiveUnmountAll
                0x0010ce44       0x54 C:/devkitPro/libctru-master/libctru/lib\libctru.a(archive_dev.o)
                0x0010ce44                archiveUnmountAll
 .text.fsInit   0x0010ce98      0x104 C:/devkitPro/libctru-master/libctru/lib\libctru.a(fs.o)
                0x0010ce98                fsInit
 .text.fsExit   0x0010cf9c       0x3c C:/devkitPro/libctru-master/libctru/lib\libctru.a(fs.o)
                0x0010cf9c                fsExit
 .text.fsExemptFromSession
                0x0010cfd8       0x68 C:/devkitPro/libctru-master/libctru/lib\libctru.a(fs.o)
                0x0010cfd8                fsExemptFromSession
 .text.fsUnexemptFromSession
                0x0010d040       0x50 C:/devkitPro/libctru-master/libctru/lib\libctru.a(fs.o)
                0x0010d040                fsUnexemptFromSession
 .text.FSUSER_OpenFile
                0x0010d090       0xcc C:/devkitPro/libctru-master/libctru/lib\libctru.a(fs.o)
                0x0010d090                FSUSER_OpenFile
 .text.FSUSER_DeleteFile
                0x0010d15c       0xb8 C:/devkitPro/libctru-master/libctru/lib\libctru.a(fs.o)
                0x0010d15c                FSUSER_DeleteFile
 .text.FSUSER_RenameFile
                0x0010d214       0xf4 C:/devkitPro/libctru-master/libctru/lib\libctru.a(fs.o)
                0x0010d214                FSUSER_RenameFile
 .text.FSUSER_DeleteDirectory
                0x0010d308       0xb8 C:/devkitPro/libctru-master/libctru/lib\libctru.a(fs.o)
                0x0010d308                FSUSER_DeleteDirectory
 .text.FSUSER_CreateFile
                0x0010d3c0       0xd0 C:/devkitPro/libctru-master/libctru/lib\libctru.a(fs.o)
                0x0010d3c0                FSUSER_CreateFile
 .text.FSUSER_CreateDirectory
                0x0010d490       0xc0 C:/devkitPro/libctru-master/libctru/lib\libctru.a(fs.o)
                0x0010d490                FSUSER_CreateDirectory
 .text.FSUSER_RenameDirectory
                0x0010d550       0xf4 C:/devkitPro/libctru-master/libctru/lib\libctru.a(fs.o)
                0x0010d550                FSUSER_RenameDirectory
 .text.FSUSER_OpenDirectory
                0x0010d644       0xb4 C:/devkitPro/libctru-master/libctru/lib\libctru.a(fs.o)
                0x0010d644                FSUSER_OpenDirectory
 .text.FSUSER_OpenArchive
                0x0010d6f8       0x90 C:/devkitPro/libctru-master/libctru/lib\libctru.a(fs.o)
                0x0010d6f8                FSUSER_OpenArchive
 .text.FSUSER_CloseArchive
                0x0010d788       0x8c C:/devkitPro/libctru-master/libctru/lib\libctru.a(fs.o)
                0x0010d788                FSUSER_CloseArchive
 .text.FSUSER_GetSdmcArchiveResource
                0x0010d814       0x74 C:/devkitPro/libctru-master/libctru/lib\libctru.a(fs.o)
                0x0010d814                FSUSER_GetSdmcArchiveResource
 .text.FSUSER_IsSdmcWritable
                0x0010d888       0x64 C:/devkitPro/libctru-master/libctru/lib\libctru.a(fs.o)
                0x0010d888                FSUSER_IsSdmcWritable
 .text.FSFILE_Read
                0x0010d8ec       0x64 C:/devkitPro/libctru-master/libctru/lib\libctru.a(fs.o)
                0x0010d8ec                FSFILE_Read
 .text.FSFILE_Write
                0x0010d950       0x6c C:/devkitPro/libctru-master/libctru/lib\libctru.a(fs.o)
                0x0010d950                FSFILE_Write
 .text.FSFILE_GetSize
                0x0010d9bc       0x44 C:/devkitPro/libctru-master/libctru/lib\libctru.a(fs.o)
                0x0010d9bc                FSFILE_GetSize
 .text.FSFILE_SetSize
                0x0010da00       0x28 C:/devkitPro/libctru-master/libctru/lib\libctru.a(fs.o)
                0x0010da00                FSFILE_SetSize
 .text.FSFILE_Close
                0x0010da28       0x3c C:/devkitPro/libctru-master/libctru/lib\libctru.a(fs.o)
                0x0010da28                FSFILE_Close
 .text.FSFILE_Flush
                0x0010da64       0x24 C:/devkitPro/libctru-master/libctru/lib\libctru.a(fs.o)
                0x0010da64                FSFILE_Flush
 .text.FSDIR_Read
                0x0010da88       0x60 C:/devkitPro/libctru-master/libctru/lib\libctru.a(fs.o)
                0x0010da88                FSDIR_Read
 .text.FSDIR_Close
                0x0010dae8       0x3c C:/devkitPro/libctru-master/libctru/lib\libctru.a(fs.o)
                0x0010dae8                FSDIR_Close
 .text.__aeabi_read_tp
                0x0010db24        0xc C:/devkitPro/libctru-master/libctru/lib\libctru.a(readtp.o)
                0x0010db24                __aeabi_read_tp
 .text.__fixdfdi
                0x0010db30       0x2c C:/devkitPro/devkitARM/bin/../lib/gcc/arm-none-eabi/15.2.0/armv6k/fpu\libgcc.a(_fixdfdi.o)
                0x0010db30                __fixdfdi
                0x0010db30                __aeabi_d2lz
 *fill*         0x0010db5c        0x4 
 .text.__fixunsdfdi
                0x0010db60       0x40 C:/devkitPro/devkitARM/bin/../lib/gcc/arm-none-eabi/15.2.0/armv6k/fpu\libgcc.a(_fixunsdfdi.o)
                0x0010db60                __fixunsdfdi
                0x0010db60                __aeabi_d2ulz
 .text.__udivmoddi4
                0x0010dba0      0x130 C:/devkitPro/devkitARM/bin/../lib/gcc/arm-none-eabi/15.2.0/armv6k/fpu\libgcc.a(_udivmoddi4.o)
                0x0010dba0                __udivmoddi4
 .text.strncat  0x0010dcd0       0xe4 C:/devkitPro/devkitARM/bin/../lib/gcc/arm-none-eabi/15.2.0/../../../../arm-none-eabi/lib/armv6k/fpu\libg.a(libc_a-strncat.o)
                0x0010dcd0                strncat
 .text.sscanf   0x0010ddb4       0x78 C:/devkitPro/devkitARM/bin/../lib/gcc/arm-none-eabi/15.2.0/../../../../arm-none-eabi/lib/armv6k/fpu\libg.a(libc_a-sscanf.o)
                0x0010ddb4                sscanf
 .text.critical_factorization
                0x0010de2c      0x130 C:/devkitPro/devkitARM/bin/../lib/gcc/arm-none-eabi/15.2.0/../../../../arm-none-eabi/lib/armv6k/fpu\libg.a(libc_a-strstr.o)
 .text.two_way_long_needle
                0x0010df5c      0x33c C:/devkitPro/devkitARM/bin/../lib/gcc/arm-none-eabi/15.2.0/../../../../arm-none-eabi/lib/armv6k/fpu\libg.a(libc_a-strstr.o)
 .text.strstr   0x0010e298      0x238 C:/devkitPro/devkitARM/bin/../lib/gcc/arm-none-eabi/15.2.0/../../../../arm-none-eabi/lib/armv6k/fpu\libg.a(libc_a-strstr.o)
                0x0010e298                strstr
 .text.memcpy   0x0010e4d0      0x128 C:/devkitPro/devkitARM/bin/../lib/gcc/arm-none-eabi/15.2.0/../../../../arm-none-eabi/lib/armv6k/fpu\libg.a(libc_a-memcpy-stub.o)
                0x0010e4d0                memcpy
 .text.vprintf  0x0010e5f8       0x2c C:/devkitPro/devkitARM/bin/../lib/gcc/arm-none-eabi/15.2.0/../../../../arm-none-eabi/lib/armv6k/fpu\libg.a(libc_a-vprintf.o)
                0x0010e5f8                vprintf
 .text.strlen   0x0010e624       0x8c C:/devkitPro/devkitARM/bin/../lib/gcc/arm-none-eabi/15.2.0/../../../../arm-none-eabi/lib/armv6k/fpu\libg.a(libc_a-strlen.o)
                0x0010e624                strlen
 .text.bsearch  0x0010e6b0       0x78 C:/devkitPro/devkitARM/bin/../lib/gcc/arm-none-eabi/15.2.0/../../../../arm-none-eabi/lib/armv6k/fpu\libg.a(libc_a-bsearch.o)
                0x0010e6b0                bsearch
 .text.get_arg  0x0010e728       0x50 C:/devkitPro/devkitARM/bin/../lib/gcc/arm-none-eabi/15.2.0/../../../../arm-none-eabi/lib/armv6k/fpu\libg.a(libc_a-svfscanf.o)
 .text.__ssvfscanf_r
                0x0010e778     0x2b88 C:/devkitPro/devkitARM/bin/../lib/gcc/arm-none-eabi/15.2.0/../../../../arm-none-eabi/lib/armv6k/fpu\libg.a(libc_a-svfscanf.o)
                0x0010e778                __ssvfscanf_r
 .text.sulp     0x00111300       0x60 C:/devkitPro/devkitARM/bin/../lib/gcc/arm-none-eabi/15.2.0/../../../../arm-none-eabi/lib/armv6k/fpu\libg.a(libc_a-strtod.o)
 .text._strtod_l
                0x00111360     0x1428 C:/devkitPro/devkitARM/bin/../lib/gcc/arm-none-eabi/15.2.0/../../../../arm-none-eabi/lib/armv6k/fpu\libg.a(libc_a-strtod.o)
                0x00111360                _strtod_l
 .text._strtod_r
                0x00112788       0x44 C:/devkitPro/devkitARM/bin/../lib/gcc/arm-none-eabi/15.2.0/../../../../arm-none-eabi/lib/armv6k/fpu\libg.a(libc_a-strtod.o)
                0x00112788                _strtod_r
 .text.close    0x001127cc       0x20 C:/devkitPro/devkitARM/bin/../lib/gcc/arm-none-eabi/15.2.0/../../../../arm-none-eabi/lib/armv6k/fpu\libg.a(libc_a-sysclose.o)
                0x001127cc                close
 .text.get_arg  0x001127ec      0x5e0 C:/devkitPro/devkitARM/bin/../lib/gcc/arm-none-eabi/15.2.0/../../../../arm-none-eabi/lib/armv6k/fpu\libg.a(libc_a-vfprintf.o)
 *fill*         0x00112dcc        0x4 
 .text._vfprintf_r
                0x00112dd0     0x3554 C:/devkitPro/devkitARM/bin/../lib/gcc/arm-none-eabi/15.2.0/../../../../arm-none-eabi/lib/armv6k/fpu\libg.a(libc_a-vfprintf.o)
                0x00112dd0                _vfprintf_r
 .text.__sbprintf
                0x00116324       0xb4 C:/devkitPro/devkitARM/bin/../lib/gcc/arm-none-eabi/15.2.0/../../../../arm-none-eabi/lib/armv6k/fpu\libg.a(libc_a-vfprintf.o)
 .text.memalign
                0x001163d8       0x28 C:/devkitPro/devkitARM/bin/../lib/gcc/arm-none-eabi/15.2.0/../../../../arm-none-eabi/lib/armv6k/fpu\libg.a(libc_a-malign.o)
                0x001163d8                memalign
 .text._strtoull_l.isra.0
                0x00116400      0x264 C:/devkitPro/devkitARM/bin/../lib/gcc/arm-none-eabi/15.2.0/../../../../arm-none-eabi/lib/armv6k/fpu\libg.a(libc_a-strtoull.o)
 .text._strtoull_r
                0x00116664       0x38 C:/devkitPro/devkitARM/bin/../lib/gcc/arm-none-eabi/15.2.0/../../../../arm-none-eabi/lib/armv6k/fpu\libg.a(libc_a-strtoull.o)
                0x00116664                _strtoull_r
 .text._wcrtomb_r
                0x0011669c       0xa0 C:/devkitPro/devkitARM/bin/../lib/gcc/arm-none-eabi/15.2.0/../../../../arm-none-eabi/lib/armv6k/fpu\libg.a(libc_a-wcrtomb.o)
                0x0011669c                _wcrtomb_r
 .text.rshift   0x0011673c       0xf4 C:/devkitPro/devkitARM/bin/../lib/gcc/arm-none-eabi/15.2.0/../../../../arm-none-eabi/lib/armv6k/fpu\libg.a(libc_a-gdtoa-gethex.o)
 .text.__gethex
                0x00116830      0x8b4 C:/devkitPro/devkitARM/bin/../lib/gcc/arm-none-eabi/15.2.0/../../../../arm-none-eabi/lib/armv6k/fpu\libg.a(libc_a-gdtoa-gethex.o)
                0x00116830                __gethex
 .text.printf   0x001170e4       0x34 C:/devkitPro/devkitARM/bin/../lib/gcc/arm-none-eabi/15.2.0/../../../../arm-none-eabi/lib/armv6k/fpu\libg.a(libc_a-printf.o)
                0x001170e4                printf
 .text._strtoul_l.isra.0
                0x00117118      0x1ec C:/devkitPro/devkitARM/bin/../lib/gcc/arm-none-eabi/15.2.0/../../../../arm-none-eabi/lib/armv6k/fpu\libg.a(libc_a-strtoul.o)
 .text._strtoul_r
                0x00117304       0x38 C:/devkitPro/devkitARM/bin/../lib/gcc/arm-none-eabi/15.2.0/../../../../arm-none-eabi/lib/armv6k/fpu\libg.a(libc_a-strtoul.o)
                0x00117304                _strtoul_r
 .text.strtoul  0x0011733c       0x3c C:/devkitPro/devkitARM/bin/../lib/gcc/arm-none-eabi/15.2.0/../../../../arm-none-eabi/lib/armv6k/fpu\libg.a(libc_a-strtoul.o)
                0x0011733c                strtoul
 .text.__ssprint_r
                0x00117378       0xa4 C:/devkitPro/devkitARM/bin/../lib/gcc/arm-none-eabi/15.2.0/../../../../arm-none-eabi/lib/armv6k/fpu\libg.a(libc_a-ssprint_r.o)
                0x00117378                __ssprint_r
 .text._mbrtowc_r
                0x0011741c       0xc4 C:/devkitPro/devkitARM/bin/../lib/gcc/arm-none-eabi/15.2.0/../../../../arm-none-eabi/lib/armv6k/fpu\libg.a(libc_a-mbrtowc.o)
                0x0011741c                _mbrtowc_r
 .text.strchr   0x001174e0      0x140 C:/devkitPro/devkitARM/bin/../lib/gcc/arm-none-eabi/15.2.0/../../../../arm-none-eabi/lib/armv6k/fpu\libg.a(libc_a-strchr.o)
                0x001174e0                strchr
 .text.memcmp   0x00117620       0xd8 C:/devkitPro/devkitARM/bin/../lib/gcc/arm-none-eabi/15.2.0/../../../../arm-none-eabi/lib/armv6k/fpu\libg.a(libc_a-memcmp.o)
                0x00117620                memcmp
 .text.__sccl   0x001176f8       0xf8 C:/devkitPro/devkitARM/bin/../lib/gcc/arm-none-eabi/15.2.0/../../../../arm-none-eabi/lib/armv6k/fpu\libg.a(libc_a-sccl.o)
                0x001176f8                __sccl
 .text._memalign_r
                0x001177f0      0x16c C:/devkitPro/devkitARM/bin/../lib/gcc/arm-none-eabi/15.2.0/../../../../arm-none-eabi/lib/armv6k/fpu\libg.a(libc_a-malignr.o)
                0x001177f0                _memalign_r
 .text.__errno  0x0011795c        0xc C:/devkitPro/devkitARM/bin/../lib/gcc/arm-none-eabi/15.2.0/../../../../arm-none-eabi/lib/armv6k/fpu\libg.a(libc_a-errno.o)
                0x0011795c                __errno
 .text._strtoll_l.isra.0
                0x00117968      0x47c C:/devkitPro/devkitARM/bin/../lib/gcc/arm-none-eabi/15.2.0/../../../../arm-none-eabi/lib/armv6k/fpu\libg.a(libc_a-strtoll.o)
 .text._strtoll_r
                0x00117de4       0x38 C:/devkitPro/devkitARM/bin/../lib/gcc/arm-none-eabi/15.2.0/../../../../arm-none-eabi/lib/armv6k/fpu\libg.a(libc_a-strtoll.o)
                0x00117de4                _strtoll_r
 .text.__locale_mb_cur_max
                0x00117e1c       0x24 C:/devkitPro/devkitARM/bin/../lib/gcc/arm-none-eabi/15.2.0/../../../../arm-none-eabi/lib/armv6k/fpu\libg.a(libc_a-locale.o)
                0x00117e1c                __locale_mb_cur_max
 .text.memset   0x00117e40       0xe4 C:/devkitPro/devkitARM/bin/../lib/gcc/arm-none-eabi/15.2.0/../../../../arm-none-eabi/lib/armv6k/fpu\libg.a(libc_a-memset.o)
                0x00117e40                memset
 .text.__sflush_r
                0x00117f24      0x22c C:/devkitPro/devkitARM/bin/../lib/gcc/arm-none-eabi/15.2.0/../../../../arm-none-eabi/lib/armv6k/fpu\libg.a(libc_a-fflush.o)
                0x00117f24                __sflush_r
 .text._fflush_r
                0x00118150       0xc4 C:/devkitPro/devkitARM/bin/../lib/gcc/arm-none-eabi/15.2.0/../../../../arm-none-eabi/lib/armv6k/fpu\libg.a(libc_a-fflush.o)
                0x00118150                _fflush_r
 .text.__sprint_r
                0x00118214       0x30 C:/devkitPro/devkitARM/bin/../lib/gcc/arm-none-eabi/15.2.0/../../../../arm-none-eabi/lib/armv6k/fpu\libg.a(libc_a-sprint_r.o)
                0x00118214                __sprint_r
 .text.realloc  0x00118244       0x28 C:/devkitPro/devkitARM/bin/../lib/gcc/arm-none-eabi/15.2.0/../../../../arm-none-eabi/lib/armv6k/fpu\libg.a(libc_a-realloc.o)
                0x00118244                realloc
 .text._malloc_r
                0x0011826c      0x82c C:/devkitPro/devkitARM/bin/../lib/gcc/arm-none-eabi/15.2.0/../../../../arm-none-eabi/lib/armv6k/fpu\libg.a(libc_a-mallocr.o)
                0x0011826c                _malloc_r
 .text.quorem   0x00118a98      0x1c0 C:/devkitPro/devkitARM/bin/../lib/gcc/arm-none-eabi/15.2.0/../../../../arm-none-eabi/lib/armv6k/fpu\libg.a(libc_a-dtoa.o)
 .text._dtoa_r  0x00118c58     0x1420 C:/devkitPro/devkitARM/bin/../lib/gcc/arm-none-eabi/15.2.0/../../../../arm-none-eabi/lib/armv6k/fpu\libg.a(libc_a-dtoa.o)
                0x00118c58                _dtoa_r
 .text._malloc_trim_r
                0x0011a078      0x114 C:/devkitPro/devkitARM/bin/../lib/gcc/arm-none-eabi/15.2.0/../../../../arm-none-eabi/lib/armv6k/fpu\libg.a(libc_a-freer.o)
                0x0011a078                _malloc_trim_r
 .text._free_r  0x0011a18c      0x314 C:/devkitPro/devkitARM/bin/../lib/gcc/arm-none-eabi/15.2.0/../../../../arm-none-eabi/lib/armv6k/fpu\libg.a(libc_a-freer.o)
                0x0011a18c                _free_r
 .text.setvbuf  0x0011a4a0      0x294 C:/devkitPro/devkitARM/bin/../lib/gcc/arm-none-eabi/15.2.0/../../../../arm-none-eabi/lib/armv6k/fpu\libg.a(libc_a-setvbuf.o)
                0x0011a4a0                setvbuf
 .text._sungetc_r
                0x0011a734       0xe4 C:/devkitPro/devkitARM/bin/../lib/gcc/arm-none-eabi/15.2.0/../../../../arm-none-eabi/lib/armv6k/fpu\libg.a(libc_a-svfiscanf.o)
                0x0011a734                _sungetc_r
 .text.__ssrefill_r
                0x0011a818       0x6c C:/devkitPro/devkitARM/bin/../lib/gcc/arm-none-eabi/15.2.0/../../../../arm-none-eabi/lib/armv6k/fpu\libg.a(libc_a-svfiscanf.o)
                0x0011a818                __ssrefill_r
 .text._sfread_r
                0x0011a884       0xb4 C:/devkitPro/devkitARM/bin/../lib/gcc/arm-none-eabi/15.2.0/../../../../arm-none-eabi/lib/armv6k/fpu\libg.a(libc_a-svfiscanf.o)
                0x0011a884                _sfread_r
 .text.stdio_exit_handler
                0x0011a938       0x1c C:/devkitPro/devkitARM/bin/../lib/gcc/arm-none-eabi/15.2.0/../../../../arm-none-eabi/lib/armv6k/fpu\libg.a(libc_a-findfp.o)
 .text.cleanup_stdio
                0x0011a954       0x5c C:/devkitPro/devkitARM/bin/../lib/gcc/arm-none-eabi/15.2.0/../../../../arm-none-eabi/lib/armv6k/fpu\libg.a(libc_a-findfp.o)
 .text.global_stdio_init.part.0
                0x0011a9b0      0x154 C:/devkitPro/devkitARM/bin/../lib/gcc/arm-none-eabi/15.2.0/../../../../arm-none-eabi/lib/armv6k/fpu\libg.a(libc_a-findfp.o)
 .text.__sinit  0x0011ab04       0x5c C:/devkitPro/devkitARM/bin/../lib/gcc/arm-none-eabi/15.2.0/../../../../arm-none-eabi/lib/armv6k/fpu\libg.a(libc_a-findfp.o)
                0x0011ab04                __sinit
 .text.__sfp_lock_acquire
                0x0011ab60        0xc C:/devkitPro/devkitARM/bin/../lib/gcc/arm-none-eabi/15.2.0/../../../../arm-none-eabi/lib/armv6k/fpu\libg.a(libc_a-findfp.o)
                0x0011ab60                __sfp_lock_acquire
 .text.__sfp_lock_release
                0x0011ab6c        0xc C:/devkitPro/devkitARM/bin/../lib/gcc/arm-none-eabi/15.2.0/../../../../arm-none-eabi/lib/armv6k/fpu\libg.a(libc_a-findfp.o)
                0x0011ab6c                __sfp_lock_release
 .text._strtol_l.part.0
                0x0011ab78      0x384 C:/devkitPro/devkitARM/bin/../lib/gcc/arm-none-eabi/15.2.0/../../../../arm-none-eabi/lib/armv6k/fpu\libg.a(libc_a-strtol.o)
 .text._strtol_r
                0x0011aefc       0x6c C:/devkitPro/devkitARM/bin/../lib/gcc/arm-none-eabi/15.2.0/../../../../arm-none-eabi/lib/armv6k/fpu\libg.a(libc_a-strtol.o)
                0x0011aefc                _strtol_r
 .text.__libc_init_array
                0x0011af68       0x84 C:/devkitPro/devkitARM/bin/../lib/gcc/arm-none-eabi/15.2.0/../../../../arm-none-eabi/lib/armv6k/fpu\libg.a(libc_a-init.o)
                0x0011af68                __libc_init_array
 .text.strncpy  0x0011afec       0xd4 C:/devkitPro/devkitARM/bin/../lib/gcc/arm-none-eabi/15.2.0/../../../../arm-none-eabi/lib/armv6k/fpu\libg.a(libc_a-strncpy.o)
                0x0011afec                strncpy
 .text.malloc   0x0011b0c0       0x40 C:/devkitPro/devkitARM/bin/../lib/gcc/arm-none-eabi/15.2.0/../../../../arm-none-eabi/lib/armv6k/fpu\libg.a(libc_a-malloc.o)
                0x0011b0c0                malloc
 .text.free     0x0011b100       0x20 C:/devkitPro/devkitARM/bin/../lib/gcc/arm-none-eabi/15.2.0/../../../../arm-none-eabi/lib/armv6k/fpu\libg.a(libc_a-malloc.o)
                0x0011b100                free
 .text.memchr   0x0011b120       0xe8 C:/devkitPro/devkitARM/bin/../lib/gcc/arm-none-eabi/15.2.0/../../../../arm-none-eabi/lib/armv6k/fpu\libg.a(libc_a-memchr-stub.o)
                0x0011b120                memchr
 .text._wcsrtombs_r
                0x0011b208       0x28 C:/devkitPro/devkitARM/bin/../lib/gcc/arm-none-eabi/15.2.0/../../../../arm-none-eabi/lib/armv6k/fpu\libg.a(libc_a-wcsrtombs.o)
                0x0011b208                _wcsrtombs_r
 .text.__swsetup_r
                0x0011b230      0x140 C:/devkitPro/devkitARM/bin/../lib/gcc/arm-none-eabi/15.2.0/../../../../arm-none-eabi/lib/armv6k/fpu\libg.a(libc_a-wsetup.o)
                0x0011b230                __swsetup_r
 .text._puts_r  0x0011b370       0xe0 C:/devkitPro/devkitARM/bin/../lib/gcc/arm-none-eabi/15.2.0/../../../../arm-none-eabi/lib/armv6k/fpu\libg.a(libc_a-puts.o)
                0x0011b370                _puts_r
 .text.puts     0x0011b450       0x20 C:/devkitPro/devkitARM/bin/../lib/gcc/arm-none-eabi/15.2.0/../../../../arm-none-eabi/lib/armv6k/fpu\libg.a(libc_a-puts.o)
                0x0011b450                puts
 .text._localeconv_r
                0x0011b470       0x24 C:/devkitPro/devkitARM/bin/../lib/gcc/arm-none-eabi/15.2.0/../../../../arm-none-eabi/lib/armv6k/fpu\libg.a(libc_a-localeconv.o)
                0x0011b470                _localeconv_r
 .text.__sread  0x0011b494       0x44 C:/devkitPro/devkitARM/bin/../lib/gcc/arm-none-eabi/15.2.0/../../../../arm-none-eabi/lib/armv6k/fpu\libg.a(libc_a-stdio.o)
                0x0011b494                __sread
 .text.__seofread
                0x0011b4d8        0x8 C:/devkitPro/devkitARM/bin/../lib/gcc/arm-none-eabi/15.2.0/../../../../arm-none-eabi/lib/armv6k/fpu\libg.a(libc_a-stdio.o)
                0x0011b4d8                __seofread
 .text.__swrite
                0x0011b4e0       0x68 C:/devkitPro/devkitARM/bin/../lib/gcc/arm-none-eabi/15.2.0/../../../../arm-none-eabi/lib/armv6k/fpu\libg.a(libc_a-stdio.o)
                0x0011b4e0                __swrite
 .text.__sseek  0x0011b548       0x40 C:/devkitPro/devkitARM/bin/../lib/gcc/arm-none-eabi/15.2.0/../../../../arm-none-eabi/lib/armv6k/fpu\libg.a(libc_a-stdio.o)
                0x0011b548                __sseek
 .text.__sclose
                0x0011b588        0x8 C:/devkitPro/devkitARM/bin/../lib/gcc/arm-none-eabi/15.2.0/../../../../arm-none-eabi/lib/armv6k/fpu\libg.a(libc_a-stdio.o)
                0x0011b588                __sclose
 .text._realloc_r
                0x0011b590      0x4f0 C:/devkitPro/devkitARM/bin/../lib/gcc/arm-none-eabi/15.2.0/../../../../arm-none-eabi/lib/armv6k/fpu\libg.a(libc_a-reallocr.o)
                0x0011b590                _realloc_r
 .text.__malloc_lock
                0x0011ba80        0xc C:/devkitPro/devkitARM/bin/../lib/gcc/arm-none-eabi/15.2.0/../../../../arm-none-eabi/lib/armv6k/fpu\libg.a(libc_a-mlock.o)
                0x0011ba80                __malloc_lock
 .text.__malloc_unlock
                0x0011ba8c        0xc C:/devkitPro/devkitARM/bin/../lib/gcc/arm-none-eabi/15.2.0/../../../../arm-none-eabi/lib/armv6k/fpu\libg.a(libc_a-mlock.o)
                0x0011ba8c                __malloc_unlock
 .text._fclose_r
                0x0011ba98      0x148 C:/devkitPro/devkitARM/bin/../lib/gcc/arm-none-eabi/15.2.0/../../../../arm-none-eabi/lib/armv6k/fpu\libg.a(libc_a-fclose.o)
                0x0011ba98                _fclose_r
 .text.__call_exitprocs
                0x0011bbe0        0x4 C:/devkitPro/devkitARM/bin/../lib/gcc/arm-none-eabi/15.2.0/../../../../arm-none-eabi/lib/armv6k/fpu\libg.a(libc_a-exit.o)
                0x0011bbe0                __call_exitprocs
 .text.exit     0x0011bbe4       0x30 C:/devkitPro/devkitARM/bin/../lib/gcc/arm-none-eabi/15.2.0/../../../../arm-none-eabi/lib/armv6k/fpu\libg.a(libc_a-exit.o)
                0x0011bbe4                exit
 .text.__ssputs_r
                0x0011bc14      0x12c C:/devkitPro/devkitARM/bin/../lib/gcc/arm-none-eabi/15.2.0/../../../../arm-none-eabi/lib/armv6k/fpu\libg.a(libc_a-ssputs_r.o)
                0x0011bc14                __ssputs_r
 .text.__utf8_wctomb
                0x0011bd40       0xf8 C:/devkitPro/devkitARM/bin/../lib/gcc/arm-none-eabi/15.2.0/../../../../arm-none-eabi/lib/armv6k/fpu\libg.a(libc_a-wctomb_r.o)
                0x0011bd40                __utf8_wctomb
 .text.__libc_fini_array
                0x0011be38       0x3c C:/devkitPro/devkitARM/bin/../lib/gcc/arm-none-eabi/15.2.0/../../../../arm-none-eabi/lib/armv6k/fpu\libg.a(libc_a-fini.o)
                0x0011be38                __libc_fini_array
 .text.strnlen  0x0011be74       0x3c C:/devkitPro/devkitARM/bin/../lib/gcc/arm-none-eabi/15.2.0/../../../../arm-none-eabi/lib/armv6k/fpu\libg.a(libc_a-strnlen.o)
                0x0011be74                strnlen
 .text.strncmp  0x0011beb0       0xd8 C:/devkitPro/devkitARM/bin/../lib/gcc/arm-none-eabi/15.2.0/../../../../arm-none-eabi/lib/armv6k/fpu\libg.a(libc_a-strncmp.o)
                0x0011beb0                strncmp
 .text._wcsnrtombs_l
                0x0011bf88      0x15c C:/devkitPro/devkitARM/bin/../lib/gcc/arm-none-eabi/15.2.0/../../../../arm-none-eabi/lib/armv6k/fpu\libg.a(libc_a-wcsnrtombs.o)
                0x0011bf88                _wcsnrtombs_l
 .text._wcsnrtombs_r
                0x0011c0e4       0x64 C:/devkitPro/devkitARM/bin/../lib/gcc/arm-none-eabi/15.2.0/../../../../arm-none-eabi/lib/armv6k/fpu\libg.a(libc_a-wcsnrtombs.o)
                0x0011c0e4                _wcsnrtombs_r
 .text.__match  0x0011c148       0x70 C:/devkitPro/devkitARM/bin/../lib/gcc/arm-none-eabi/15.2.0/../../../../arm-none-eabi/lib/armv6k/fpu\libg.a(libc_a-gdtoa-hexnan.o)
                0x0011c148                __match
 .text.__hexnan
                0x0011c1b8      0x2a8 C:/devkitPro/devkitARM/bin/../lib/gcc/arm-none-eabi/15.2.0/../../../../arm-none-eabi/lib/armv6k/fpu\libg.a(libc_a-gdtoa-hexnan.o)
                0x0011c1b8                __hexnan
 .text.sprintf  0x0011c460       0x68 C:/devkitPro/devkitARM/bin/../lib/gcc/arm-none-eabi/15.2.0/../../../../arm-none-eabi/lib/armv6k/fpu\libg.a(libc_a-sprintf.o)
                0x0011c460                sprintf
 .text.nan      0x0011c4c8       0x10 C:/devkitPro/devkitARM/bin/../lib/gcc/arm-none-eabi/15.2.0/../../../../arm-none-eabi/lib/armv6k/fpu\libg.a(libm_a-s_nan.o)
                0x0011c4c8                nan
 .text.nanf     0x0011c4d8        0xc C:/devkitPro/devkitARM/bin/../lib/gcc/arm-none-eabi/15.2.0/../../../../arm-none-eabi/lib/armv6k/fpu\libg.a(libm_a-sf_nan.o)
                0x0011c4d8                nanf
 *fill*         0x0011c4e4        0x4 
 .text.frexp    0x0011c4e8       0x88 C:/devkitPro/devkitARM/bin/../lib/gcc/arm-none-eabi/15.2.0/../../../../arm-none-eabi/lib/armv6k/fpu\libg.a(libm_a-s_frexp.o)
                0x0011c4e8                frexp
 .text.stpncpy  0x0011c570       0xdc C:/devkitPro/devkitARM/bin/../lib/gcc/arm-none-eabi/15.2.0/../../../../arm-none-eabi/lib/armv6k/fpu\libg.a(libc_a-stpncpy.o)
                0x0011c570                stpncpy
 .text.__assert_func
                0x0011c64c       0x5c C:/devkitPro/devkitARM/bin/../lib/gcc/arm-none-eabi/15.2.0/../../../../arm-none-eabi/lib/armv6k/fpu\libg.a(libc_a-assert.o)
                0x0011c64c                __assert_func
 .text.iswspace
                0x0011c6a8        0x8 C:/devkitPro/devkitARM/bin/../lib/gcc/arm-none-eabi/15.2.0/../../../../arm-none-eabi/lib/armv6k/fpu\libg.a(libc_a-iswspace.o)
                0x0011c6a8                iswspace
 .text._Balloc  0x0011c6b0       0x88 C:/devkitPro/devkitARM/bin/../lib/gcc/arm-none-eabi/15.2.0/../../../../arm-none-eabi/lib/armv6k/fpu\libg.a(libc_a-mprec.o)
                0x0011c6b0                _Balloc
 .text._Bfree   0x0011c738       0x1c C:/devkitPro/devkitARM/bin/../lib/gcc/arm-none-eabi/15.2.0/../../../../arm-none-eabi/lib/armv6k/fpu\libg.a(libc_a-mprec.o)
                0x0011c738                _Bfree
 .text.__multadd
                0x0011c754       0xf4 C:/devkitPro/devkitARM/bin/../lib/gcc/arm-none-eabi/15.2.0/../../../../arm-none-eabi/lib/armv6k/fpu\libg.a(libc_a-mprec.o)
                0x0011c754                __multadd
 .text.__s2b    0x0011c848      0x10c C:/devkitPro/devkitARM/bin/../lib/gcc/arm-none-eabi/15.2.0/../../../../arm-none-eabi/lib/armv6k/fpu\libg.a(libc_a-mprec.o)
                0x0011c848                __s2b
 .text.__hi0bits
                0x0011c954       0x80 C:/devkitPro/devkitARM/bin/../lib/gcc/arm-none-eabi/15.2.0/../../../../arm-none-eabi/lib/armv6k/fpu\libg.a(libc_a-mprec.o)
                0x0011c954                __hi0bits
 .text.__lo0bits
                0x0011c9d4       0xf0 C:/devkitPro/devkitARM/bin/../lib/gcc/arm-none-eabi/15.2.0/../../../../arm-none-eabi/lib/armv6k/fpu\libg.a(libc_a-mprec.o)
                0x0011c9d4                __lo0bits
 .text.__i2b    0x0011cac4       0xa4 C:/devkitPro/devkitARM/bin/../lib/gcc/arm-none-eabi/15.2.0/../../../../arm-none-eabi/lib/armv6k/fpu\libg.a(libc_a-mprec.o)
                0x0011cac4                __i2b
 .text.__multiply
                0x0011cb68      0x230 C:/devkitPro/devkitARM/bin/../lib/gcc/arm-none-eabi/15.2.0/../../../../arm-none-eabi/lib/armv6k/fpu\libg.a(libc_a-mprec.o)
                0x0011cb68                __multiply
 .text.__pow5mult
                0x0011cd98      0x130 C:/devkitPro/devkitARM/bin/../lib/gcc/arm-none-eabi/15.2.0/../../../../arm-none-eabi/lib/armv6k/fpu\libg.a(libc_a-mprec.o)
                0x0011cd98                __pow5mult
 .text.__lshift
                0x0011cec8      0x138 C:/devkitPro/devkitARM/bin/../lib/gcc/arm-none-eabi/15.2.0/../../../../arm-none-eabi/lib/armv6k/fpu\libg.a(libc_a-mprec.o)
                0x0011cec8                __lshift
 .text.__mcmp   0x0011d000       0x58 C:/devkitPro/devkitARM/bin/../lib/gcc/arm-none-eabi/15.2.0/../../../../arm-none-eabi/lib/armv6k/fpu\libg.a(libc_a-mprec.o)
                0x0011d000                __mcmp
 .text.__mdiff  0x0011d058      0x218 C:/devkitPro/devkitARM/bin/../lib/gcc/arm-none-eabi/15.2.0/../../../../arm-none-eabi/lib/armv6k/fpu\libg.a(libc_a-mprec.o)
                0x0011d058                __mdiff
 .text.__ulp    0x0011d270       0x68 C:/devkitPro/devkitARM/bin/../lib/gcc/arm-none-eabi/15.2.0/../../../../arm-none-eabi/lib/armv6k/fpu\libg.a(libc_a-mprec.o)
                0x0011d270                __ulp
 .text.__b2d    0x0011d2d8       0xd4 C:/devkitPro/devkitARM/bin/../lib/gcc/arm-none-eabi/15.2.0/../../../../arm-none-eabi/lib/armv6k/fpu\libg.a(libc_a-mprec.o)
                0x0011d2d8                __b2d
 .text.__d2b    0x0011d3ac      0x120 C:/devkitPro/devkitARM/bin/../lib/gcc/arm-none-eabi/15.2.0/../../../../arm-none-eabi/lib/armv6k/fpu\libg.a(libc_a-mprec.o)
                0x0011d3ac                __d2b
 .text.__ratio  0x0011d4cc       0x78 C:/devkitPro/devkitARM/bin/../lib/gcc/arm-none-eabi/15.2.0/../../../../arm-none-eabi/lib/armv6k/fpu\libg.a(libc_a-mprec.o)
                0x0011d4cc                __ratio
 .text.__copybits
                0x0011d544       0x8c C:/devkitPro/devkitARM/bin/../lib/gcc/arm-none-eabi/15.2.0/../../../../arm-none-eabi/lib/armv6k/fpu\libg.a(libc_a-mprec.o)
                0x0011d544                __copybits
 .text.__any_on
                0x0011d5d0       0x5c C:/devkitPro/devkitARM/bin/../lib/gcc/arm-none-eabi/15.2.0/../../../../arm-none-eabi/lib/armv6k/fpu\libg.a(libc_a-mprec.o)
                0x0011d5d0                __any_on
 .text._fwalk_sglue
                0x0011d62c       0x70 C:/devkitPro/devkitARM/bin/../lib/gcc/arm-none-eabi/15.2.0/../../../../arm-none-eabi/lib/armv6k/fpu\libg.a(libc_a-fwalk.o)
                0x0011d62c                _fwalk_sglue
 .text.__submore
                0x0011d69c       0xb8 C:/devkitPro/devkitARM/bin/../lib/gcc/arm-none-eabi/15.2.0/../../../../arm-none-eabi/lib/armv6k/fpu\libg.a(libc_a-ungetc.o)
                0x0011d69c                __submore
 .text.__utf8_mbtowc
                0x0011d754      0x340 C:/devkitPro/devkitARM/bin/../lib/gcc/arm-none-eabi/15.2.0/../../../../arm-none-eabi/lib/armv6k/fpu\libg.a(libc_a-mbtowc_r.o)
                0x0011d754                __utf8_mbtowc
 .text.fiprintf
                0x0011da94       0x3c C:/devkitPro/devkitARM/bin/../lib/gcc/arm-none-eabi/15.2.0/../../../../arm-none-eabi/lib/armv6k/fpu\libg.a(libc_a-fiprintf.o)
                0x0011da94                fiprintf
 .text.__sfvwrite_r
                0x0011dad0      0x4a4 C:/devkitPro/devkitARM/bin/../lib/gcc/arm-none-eabi/15.2.0/../../../../arm-none-eabi/lib/armv6k/fpu\libg.a(libc_a-fvwrite.o)
                0x0011dad0                __sfvwrite_r
 .text.abort    0x0011df74       0x14 C:/devkitPro/devkitARM/bin/../lib/gcc/arm-none-eabi/15.2.0/../../../../arm-none-eabi/lib/armv6k/fpu\libg.a(libc_a-abort.o)
                0x0011df74                abort
 .text.__smakebuf_r
                0x0011df88      0x164 C:/devkitPro/devkitARM/bin/../lib/gcc/arm-none-eabi/15.2.0/../../../../arm-none-eabi/lib/armv6k/fpu\libg.a(libc_a-makebuf.o)
                0x0011df88                __smakebuf_r
 .text.__swhatbuf_r
                0x0011e0ec       0x90 C:/devkitPro/devkitARM/bin/../lib/gcc/arm-none-eabi/15.2.0/../../../../arm-none-eabi/lib/armv6k/fpu\libg.a(libc_a-makebuf.o)
                0x0011e0ec                __swhatbuf_r
 .text._calloc_r
                0x0011e17c       0xd8 C:/devkitPro/devkitARM/bin/../lib/gcc/arm-none-eabi/15.2.0/../../../../arm-none-eabi/lib/armv6k/fpu\libg.a(libc_a-callocr.o)
                0x0011e17c                _calloc_r
 .text.memmove  0x0011e254      0x1a8 C:/devkitPro/devkitARM/bin/../lib/gcc/arm-none-eabi/15.2.0/../../../../arm-none-eabi/lib/armv6k/fpu\libg.a(libc_a-memmove.o)
                0x0011e254                memmove
 .text.iswspace_l
                0x0011e3fc       0x38 C:/devkitPro/devkitARM/bin/../lib/gcc/arm-none-eabi/15.2.0/../../../../arm-none-eabi/lib/armv6k/fpu\libg.a(libc_a-iswspace_l.o)
                0x0011e3fc                iswspace_l
 .text.get_arg  0x0011e434      0x5e0 C:/devkitPro/devkitARM/bin/../lib/gcc/arm-none-eabi/15.2.0/../../../../arm-none-eabi/lib/armv6k/fpu\libg.a(libc_a-svfprintf.o)
 *fill*         0x0011ea14        0x4 
 .text._svfprintf_r
                0x0011ea18     0x345c C:/devkitPro/devkitARM/bin/../lib/gcc/arm-none-eabi/15.2.0/../../../../arm-none-eabi/lib/armv6k/fpu\libg.a(libc_a-svfprintf.o)
                0x0011ea18                _svfprintf_r
 .text.get_arg  0x00121e74      0x5e0 C:/devkitPro/devkitARM/bin/../lib/gcc/arm-none-eabi/15.2.0/../../../../arm-none-eabi/lib/armv6k/fpu\libg.a(libc_a-vfiprintf.o)
 .text._vfiprintf_r
                0x00122454     0x22f8 C:/devkitPro/devkitARM/bin/../lib/gcc/arm-none-eabi/15.2.0/../../../../arm-none-eabi/lib/armv6k/fpu\libg.a(libc_a-vfiprintf.o)
                0x00122454                _vfiprintf_r
 .text.__sbprintf
                0x0012474c       0xb4 C:/devkitPro/devkitARM/bin/../lib/gcc/arm-none-eabi/15.2.0/../../../../arm-none-eabi/lib/armv6k/fpu\libg.a(libc_a-vfiprintf.o)
 .text._raise_r
                0x00124800       0x9c C:/devkitPro/devkitARM/bin/../lib/gcc/arm-none-eabi/15.2.0/../../../../arm-none-eabi/lib/armv6k/fpu\libg.a(libc_a-signal.o)
                0x00124800                _raise_r
 .text.raise    0x0012489c       0x20 C:/devkitPro/devkitARM/bin/../lib/gcc/arm-none-eabi/15.2.0/../../../../arm-none-eabi/lib/armv6k/fpu\libg.a(libc_a-signal.o)
                0x0012489c                raise
 .text.category
                0x001248bc       0x90 C:/devkitPro/devkitARM/bin/../lib/gcc/arm-none-eabi/15.2.0/../../../../arm-none-eabi/lib/armv6k/fpu\libg.a(libc_a-categories.o)
                0x001248bc                category
 .text._exit    0x0012494c       0x20 C:/devkitPro/devkitARM/bin/../lib/gcc/arm-none-eabi/15.2.0/../../../../arm-none-eabi/lib/armv6k/fpu\libsysbase.a(libsysbase_libsysbase_a-_exit.o)
                0x0012494c                _exit
 .text.chdir    0x0012496c      0x140 C:/devkitPro/devkitARM/bin/../lib/gcc/arm-none-eabi/15.2.0/../../../../arm-none-eabi/lib/armv6k/fpu\libsysbase.a(libsysbase_libsysbase_a-chdir.o)
                0x0012496c                chdir
 .text._concatenate_path
                0x00124aac      0x1c8 C:/devkitPro/devkitARM/bin/../lib/gcc/arm-none-eabi/15.2.0/../../../../arm-none-eabi/lib/armv6k/fpu\libsysbase.a(libsysbase_libsysbase_a-concatenate.o)
                0x00124aac                _concatenate_path
 .text._fstat_r
                0x00124c74       0x9c C:/devkitPro/devkitARM/bin/../lib/gcc/arm-none-eabi/15.2.0/../../../../arm-none-eabi/lib/armv6k/fpu\libsysbase.a(libsysbase_libsysbase_a-fstat.o)
                0x00124c74                _fstat_r
 .text._getpid_r
                0x00124d10       0x14 C:/devkitPro/devkitARM/bin/../lib/gcc/arm-none-eabi/15.2.0/../../../../arm-none-eabi/lib/armv6k/fpu\libsysbase.a(libsysbase_libsysbase_a-getpid.o)
                0x00124d10                _getpid_r
 .text.__getreent
                0x00124d24       0x2c C:/devkitPro/devkitARM/bin/../lib/gcc/arm-none-eabi/15.2.0/../../../../arm-none-eabi/lib/armv6k/fpu\libsysbase.a(libsysbase_libsysbase_a-getreent.o)
                0x00124d24                __getreent
 .text.__release_handle
                0x00124d50       0xa0 C:/devkitPro/devkitARM/bin/../lib/gcc/arm-none-eabi/15.2.0/../../../../arm-none-eabi/lib/armv6k/fpu\libsysbase.a(libsysbase_libsysbase_a-handle_manager.o)
                0x00124d50                __release_handle
 .text.__alloc_handle
                0x00124df0       0xb0 C:/devkitPro/devkitARM/bin/../lib/gcc/arm-none-eabi/15.2.0/../../../../arm-none-eabi/lib/armv6k/fpu\libsysbase.a(libsysbase_libsysbase_a-handle_manager.o)
                0x00124df0                __alloc_handle
 .text.__get_handle
                0x00124ea0       0x58 C:/devkitPro/devkitARM/bin/../lib/gcc/arm-none-eabi/15.2.0/../../../../arm-none-eabi/lib/armv6k/fpu\libsysbase.a(libsysbase_libsysbase_a-handle_manager.o)
                0x00124ea0                __get_handle
 .text._close_r
                0x00124ef8      0x110 C:/devkitPro/devkitARM/bin/../lib/gcc/arm-none-eabi/15.2.0/../../../../arm-none-eabi/lib/armv6k/fpu\libsysbase.a(libsysbase_libsysbase_a-handle_manager.o)
                0x00124ef8                _close_r
 .text.null_write
                0x00125008        0x8 C:/devkitPro/devkitARM/bin/../lib/gcc/arm-none-eabi/15.2.0/../../../../arm-none-eabi/lib/armv6k/fpu\libsysbase.a(libsysbase_libsysbase_a-iosupport.o)
 .text.setDefaultDevice
                0x00125010       0x18 C:/devkitPro/devkitARM/bin/../lib/gcc/arm-none-eabi/15.2.0/../../../../arm-none-eabi/lib/armv6k/fpu\libsysbase.a(libsysbase_libsysbase_a-iosupport.o)
                0x00125010                setDefaultDevice
 .text.FindDevice
                0x00125028       0x98 C:/devkitPro/devkitARM/bin/../lib/gcc/arm-none-eabi/15.2.0/../../../../arm-none-eabi/lib/armv6k/fpu\libsysbase.a(libsysbase_libsysbase_a-iosupport.o)
                0x00125028                FindDevice
 .text.RemoveDevice
                0x001250c0       0x24 C:/devkitPro/devkitARM/bin/../lib/gcc/arm-none-eabi/15.2.0/../../../../arm-none-eabi/lib/armv6k/fpu\libsysbase.a(libsysbase_libsysbase_a-iosupport.o)
                0x001250c0                RemoveDevice
 .text.AddDevice
                0x001250e4       0x88 C:/devkitPro/devkitARM/bin/../lib/gcc/arm-none-eabi/15.2.0/../../../../arm-none-eabi/lib/armv6k/fpu\libsysbase.a(libsysbase_libsysbase_a-iosupport.o)
                0x001250e4                AddDevice
 .text.GetDeviceOpTab
                0x0012516c       0x20 C:/devkitPro/devkitARM/bin/../lib/gcc/arm-none-eabi/15.2.0/../../../../arm-none-eabi/lib/armv6k/fpu\libsysbase.a(libsysbase_libsysbase_a-iosupport.o)
                0x0012516c                GetDeviceOpTab
 .text._isatty_r
                0x0012518c        0x8 C:/devkitPro/devkitARM/bin/../lib/gcc/arm-none-eabi/15.2.0/../../../../arm-none-eabi/lib/armv6k/fpu\libsysbase.a(libsysbase_libsysbase_a-isatty.o)
                0x0012518c                _isatty_r
 .text._kill_r  0x00125194       0x14 C:/devkitPro/devkitARM/bin/../lib/gcc/arm-none-eabi/15.2.0/../../../../arm-none-eabi/lib/armv6k/fpu\libsysbase.a(libsysbase_libsysbase_a-kill.o)
                0x00125194                _kill_r
 .text._lseek_r
                0x001251a8       0x94 C:/devkitPro/devkitARM/bin/../lib/gcc/arm-none-eabi/15.2.0/../../../../arm-none-eabi/lib/armv6k/fpu\libsysbase.a(libsysbase_libsysbase_a-lseek.o)
                0x001251a8                _lseek_r
 .text._read_r  0x0012523c       0x94 C:/devkitPro/devkitARM/bin/../lib/gcc/arm-none-eabi/15.2.0/../../../../arm-none-eabi/lib/armv6k/fpu\libsysbase.a(libsysbase_libsysbase_a-read.o)
                0x0012523c                _read_r
 .text._sbrk_r  0x001252d0       0x78 C:/devkitPro/devkitARM/bin/../lib/gcc/arm-none-eabi/15.2.0/../../../../arm-none-eabi/lib/armv6k/fpu\libsysbase.a(libsysbase_libsysbase_a-sbrk.o)
                0x001252d0                _sbrk_r
 .text.__libc_lock_acquire
                0x00125348       0x1c C:/devkitPro/devkitARM/bin/../lib/gcc/arm-none-eabi/15.2.0/../../../../arm-none-eabi/lib/armv6k/fpu\libsysbase.a(libsysbase_libsysbase_a-syscall_support.o)
                0x00125348                __libc_lock_acquire
 .text.__libc_lock_release
                0x00125364       0x1c C:/devkitPro/devkitARM/bin/../lib/gcc/arm-none-eabi/15.2.0/../../../../arm-none-eabi/lib/armv6k/fpu\libsysbase.a(libsysbase_libsysbase_a-syscall_support.o)
                0x00125364                __libc_lock_release
 .text.__libc_lock_acquire_recursive
                0x00125380       0x1c C:/devkitPro/devkitARM/bin/../lib/gcc/arm-none-eabi/15.2.0/../../../../arm-none-eabi/lib/armv6k/fpu\libsysbase.a(libsysbase_libsysbase_a-syscall_support.o)
                0x00125380                __libc_lock_acquire_recursive
 .text.__libc_lock_release_recursive
                0x0012539c       0x1c C:/devkitPro/devkitARM/bin/../lib/gcc/arm-none-eabi/15.2.0/../../../../arm-none-eabi/lib/armv6k/fpu\libsysbase.a(libsysbase_libsysbase_a-syscall_support.o)
                0x0012539c                __libc_lock_release_recursive
 .text._write_r
                0x001253b8       0x94 C:/devkitPro/devkitARM/bin/../lib/gcc/arm-none-eabi/15.2.0/../../../../arm-none-eabi/lib/armv6k/fpu\libsysbase.a(libsysbase_libsysbase_a-write.o)
                0x001253b8                _write_r
 .text.strrchr  0x0012544c       0x48 C:/devkitPro/devkitARM/bin/../lib/gcc/arm-none-eabi/15.2.0/../../../../arm-none-eabi/lib/armv6k/fpu\libg.a(libc_a-strrchr.o)
                0x0012544c                strrchr
 *(.glue_7)
 .glue_7        0x00125494        0x0 linker stubs
 *(.glue_7t)
 .glue_7t       0x00125494        0x0 linker stubs
 *(.stub)
 *(.gnu.warning)
 *(.gnu.linkonce.t*)
                0x00125494                        . = ALIGN (0x4)
 *(.fini)
 .fini          0x00125494        0xc C:/devkitPro/devkitARM/bin/../lib/gcc/arm-none-eabi/15.2.0/armv6k/fpu/crti.o
                0x00125494                _fini
 .fini          0x001254a0        0xc C:/devkitPro/devkitARM/bin/../lib/gcc/arm-none-eabi/15.2.0/armv6k/fpu/crtn.o
                0x001254ac                        . = ALIGN (0x4)

.vfp11_veneer   0x001254ac        0x0
 .vfp11_veneer  0x001254ac        0x0 linker stubs

.v4_bx          0x001254ac        0x0
 .v4_bx         0x001254ac        0x0 linker stubs

.iplt           0x001254ac        0x0
 .iplt          0x001254ac        0x0 C:/devkitPro/devkitARM/bin/../lib/gcc/arm-none-eabi/15.2.0/../../../../arm-none-eabi/lib/armv6k/fpu/3dsx_crt0.o
                0x00126000                        . = ALIGN (0x1000)

.rodata         0x00126000     0x5734
 *(.rodata)
 .rodata        0x00126000        0xe main.o
 *fill*         0x0012600e        0x2 
 .rodata        0x00126010        0xc C:/devkitPro/libctru-master/libctru/lib\libctru.a(archive_dev.o)
 *(.roda)
 *(.rodata.*)
 .rodata.str1.4
                0x0012601c      0x819 main.o
                                0x52b (size before relaxing)
 .rodata.consolePrintChar
                0x00126835        0x6 C:/devkitPro/libctru-master/libctru/lib\libctru.a(console.o)
 *fill*         0x0012683b        0x1 
 .rodata.con_write
                0x0012683c      0x23c C:/devkitPro/libctru-master/libctru/lib\libctru.a(console.o)
 .rodata.str1.4
                0x00126a78        0x0 C:/devkitPro/libctru-master/libctru/lib\libctru.a(console.o)
                                 0x10 (size before relaxing)
 .rodata.dotab_stdout
                0x00126a78       0x80 C:/devkitPro/libctru-master/libctru/lib\libctru.a(console.o)
 .rodata.grayScale
                0x00126af8       0x18 C:/devkitPro/libctru-master/libctru/lib\libctru.a(console.o)
 .rodata.colorCube
                0x00126b10        0x6 C:/devkitPro/libctru-master/libctru/lib\libctru.a(console.o)
 *fill*         0x00126b16        0x2 
 .rodata.colorTable
                0x00126b18       0x30 C:/devkitPro/libctru-master/libctru/lib\libctru.a(console.o)
 .rodata.aptEventHandler
                0x00126b48        0xb C:/devkitPro/libctru-master/libctru/lib\libctru.a(apt.o)
 .rodata.aptWaitForWakeUp.isra.0
                0x00126b53       0x11 C:/devkitPro/libctru-master/libctru/lib\libctru.a(apt.o)
 .rodata.morton_y.2
                0x00126b64        0x8 C:/devkitPro/libctru-master/libctru/lib\libctru.a(apt.o)
 .rodata.morton_x.3
                0x00126b6c        0x8 C:/devkitPro/libctru-master/libctru/lib\libctru.a(apt.o)
 .rodata.s_sleepWakeEvents.4
                0x00126b74        0x8 C:/devkitPro/libctru-master/libctru/lib\libctru.a(apt.o)
 .rodata.str1.4
                0x00126b7c        0x0 C:/devkitPro/libctru-master/libctru/lib\libctru.a(apt.o)
                                 0x16 (size before relaxing)
 .rodata.serviceNameTable.5
                0x00126b7c        0xc C:/devkitPro/libctru-master/libctru/lib\libctru.a(apt.o)
 .rodata.gspInit.str1.4
                0x00126b88        0x0 C:/devkitPro/libctru-master/libctru/lib\libctru.a(gspgpu.o)
                                  0x9 (size before relaxing)
 .rodata.hidInit.str1.4
                0x00126b88        0x0 C:/devkitPro/libctru-master/libctru/lib\libctru.a(hid.o)
                                 0x15 (size before relaxing)
 .rodata.irrstInit.str1.4
                0x00126b88        0x0 C:/devkitPro/libctru-master/libctru/lib\libctru.a(irrst.o)
                                  0x7 (size before relaxing)
 .rodata.mvdstdInit.str1.4
                0x00126b88        0x0 C:/devkitPro/libctru-master/libctru/lib\libctru.a(mvd.o)
                                  0x8 (size before relaxing)
 .rodata.connect.str1.4
                0x00126b88        0x0 C:/devkitPro/libctru-master/libctru/lib\libctru.a(soc_connect.o)
                                  0x4 (size before relaxing)
 .rodata.inet_pton.str1.4
                0x00126b88        0x0 C:/devkitPro/libctru-master/libctru/lib\libctru.a(soc_inet_pton.o)
                                 0x14 (size before relaxing)
 .rodata.socInit.str1.4
                0x00126b88        0x0 C:/devkitPro/libctru-master/libctru/lib\libctru.a(soc_init.o)
                                  0xe (size before relaxing)
 .rodata.str1.4
                0x00126b88        0x0 C:/devkitPro/libctru-master/libctru/lib\libctru.a(soc_init.o)
                                  0x4 (size before relaxing)
 .rodata.recvfrom.str1.4
                0x00126b88        0x0 C:/devkitPro/libctru-master/libctru/lib\libctru.a(soc_recvfrom.o)
                                  0x4 (size before relaxing)
 .rodata.sendto.str1.4
                0x00126b88        0x0 C:/devkitPro/libctru-master/libctru/lib\libctru.a(soc_sendto.o)
                                  0x4 (size before relaxing)
 .rodata.shutdown.str1.4
                0x00126b88        0x0 C:/devkitPro/libctru-master/libctru/lib\libctru.a(soc_shutdown.o)
                                  0x4 (size before relaxing)
 .rodata.socket.str1.4
                0x00126b88        0x0 C:/devkitPro/libctru-master/libctru/lib\libctru.a(soc_socket.o)
                                  0x5 (size before relaxing)
 .rodata.__system_initArgv.str1.4
                0x00126b88        0x0 C:/devkitPro/libctru-master/libctru/lib\libctru.a(initArgv.o)
                                  0xa (size before relaxing)
 .rodata.default_font_bin
                0x00126b88      0x800 C:/devkitPro/libctru-master/libctru/lib\libctru.a(default_font.bin.o)
                0x00126b88                default_font_bin
                0x00127388                default_font_bin_end
 .rodata.srvInit.str1.4
                0x00127388        0x0 C:/devkitPro/libctru-master/libctru/lib\libctru.a(srv.o)
                                  0x5 (size before relaxing)
 .rodata.ptmSysmInit.str1.4
                0x00127388        0x0 C:/devkitPro/libctru-master/libctru/lib\libctru.a(ptmsysm.o)
                                  0x9 (size before relaxing)
 .rodata._net_error_code_map
                0x00127388       0x4d C:/devkitPro/libctru-master/libctru/lib\libctru.a(soc_common.o)
 .rodata.archive_utf16path.str1.4
                0x001273d5        0x0 C:/devkitPro/libctru-master/libctru/lib\libctru.a(archive_dev.o)
                                  0x2 (size before relaxing)
 .rodata._archiveUnmountDeviceStruct.part.0.str1.4
                0x001273d5        0x0 C:/devkitPro/libctru-master/libctru/lib\libctru.a(archive_dev.o)
                                  0x2 (size before relaxing)
 .rodata._archiveMountDevice.str1.4
                0x001273d5        0x0 C:/devkitPro/libctru-master/libctru/lib\libctru.a(archive_dev.o)
                                  0xc (size before relaxing)
 .rodata.archiveMountSdmc.str1.4
                0x001273d5        0x0 C:/devkitPro/libctru-master/libctru/lib\libctru.a(archive_dev.o)
                                  0x5 (size before relaxing)
 *fill*         0x001273d5        0x3 
 .rodata.error_table
                0x001273d8       0x30 C:/devkitPro/libctru-master/libctru/lib\libctru.a(archive_dev.o)
 .rodata.str1.4
                0x00127408        0x0 C:/devkitPro/libctru-master/libctru/lib\libctru.a(archive_dev.o)
                                  0x8 (size before relaxing)
 .rodata.archive_devoptab
                0x00127408       0x80 C:/devkitPro/libctru-master/libctru/lib\libctru.a(archive_dev.o)
 .rodata.fsInit.str1.4
                0x00127488        0x0 C:/devkitPro/libctru-master/libctru/lib\libctru.a(fs.o)
                                  0x8 (size before relaxing)
 .rodata.__ssvfscanf_r.str1.1
                0x00127488       0x40 C:/devkitPro/devkitARM/bin/../lib/gcc/arm-none-eabi/15.2.0/../../../../arm-none-eabi/lib/armv6k/fpu\libg.a(libc_a-svfscanf.o)
                                  0x6 (size before relaxing)
 .rodata.__ssvfscanf_r
                0x001274c8      0x114 C:/devkitPro/devkitARM/bin/../lib/gcc/arm-none-eabi/15.2.0/../../../../arm-none-eabi/lib/armv6k/fpu\libg.a(libc_a-svfscanf.o)
 .rodata.basefix.0
                0x001275dc       0x22 C:/devkitPro/devkitARM/bin/../lib/gcc/arm-none-eabi/15.2.0/../../../../arm-none-eabi/lib/armv6k/fpu\libg.a(libc_a-svfscanf.o)
 .rodata._strtod_l.str1.4
                0x001275fe        0x0 C:/devkitPro/devkitARM/bin/../lib/gcc/arm-none-eabi/15.2.0/../../../../arm-none-eabi/lib/armv6k/fpu\libg.a(libc_a-strtod.o)
                                 0x15 (size before relaxing)
 .rodata._strtod_l
                0x001275fe       0x61 C:/devkitPro/devkitARM/bin/../lib/gcc/arm-none-eabi/15.2.0/../../../../arm-none-eabi/lib/armv6k/fpu\libg.a(libc_a-strtod.o)
 *fill*         0x0012765f        0x1 
 .rodata.fpinan.0
                0x00127660       0x14 C:/devkitPro/devkitARM/bin/../lib/gcc/arm-none-eabi/15.2.0/../../../../arm-none-eabi/lib/armv6k/fpu\libg.a(libc_a-strtod.o)
 .rodata.fpi.1  0x00127674       0x14 C:/devkitPro/devkitARM/bin/../lib/gcc/arm-none-eabi/15.2.0/../../../../arm-none-eabi/lib/armv6k/fpu\libg.a(libc_a-strtod.o)
 .rodata.tinytens
                0x00127688       0x28 C:/devkitPro/devkitARM/bin/../lib/gcc/arm-none-eabi/15.2.0/../../../../arm-none-eabi/lib/armv6k/fpu\libg.a(libc_a-strtod.o)
 .rodata.get_arg
                0x001276b0       0x34 C:/devkitPro/devkitARM/bin/../lib/gcc/arm-none-eabi/15.2.0/../../../../arm-none-eabi/lib/armv6k/fpu\libg.a(libc_a-vfprintf.o)
 .rodata._vfprintf_r.str1.1