Archive member included to satisfy reference by file (symbol)

C:/devkitPro/libctru-master/libctru/lib\libctru.a(console.o)
                              main.o (consoleInit)
C:/devkitPro/libctru-master/libctru/lib\libctru.a(gfx.o)
                              C:/devkitPro/libctru-master/libctru/lib\libctru.a(console.o) (gfxIsWide)
C:/devkitPro/libctru-master/libctru/lib\libctru.a(synchronization.o)
                              main.o (LightLock_Init)
C:/devkitPro/libctru-master/libctru/lib\libctru.a(thread.o)
                              main.o (threadCreate)
C:/devkitPro/libctru-master/libctru/lib\libctru.a(apt.o)
                              main.o (aptSetHomeAllowed)
C:/devkitPro/libctru-master/libctru/lib\libctru.a(gspgpu.o)
                              C:/devkitPro/libctru-master/libctru/lib\libctru.a(gfx.o) (gspInit)
C:/devkitPro/libctru-master/libctru/lib\libctru.a(hid.o)
                              main.o (hidScanInput)
C:/devkitPro/libctru-master/libctru/lib\libctru.a(irrst.o)
                              C:/devkitPro/libctru-master/libctru/lib\libctru.a(hid.o) (irrstInit)
C:/devkitPro/libctru-master/libctru/lib\libctru.a(soc_connect.o)
                              main.o (connect)
C:/devkitPro/libctru-master/libctru/lib\libctru.a(soc_inet_pton.o)
                              main.o (inet_pton)
C:/devkitPro/libctru-master/libctru/lib\libctru.a(soc_init.o)
                              main.o (socInit)
C:/devkitPro/libctru-master/libctru/lib\libctru.a(soc_recv.o)
                              main.o (recv)
C:/devkitPro/libctru-master/libctru/lib\libctru.a(soc_recvfrom.o)
                              C:/devkitPro/libctru-master/libctru/lib\libctru.a(soc_init.o) (soc_recvfrom)
C:/devkitPro/libctru-master/libctru/lib\libctru.a(soc_send.o)
                              main.o (send)
C:/devkitPro/libctru-master/libctru/lib\libctru.a(soc_sendto.o)
                              C:/devkitPro/libctru-master/libctru/lib\libctru.a(soc_init.o) (soc_sendto)
C:/devkitPro/libctru-master/libctru/lib\libctru.a(soc_shutdown.o)
                              main.o (shutdown)
C:/devkitPro/libctru-master/libctru/lib\libctru.a(soc_socket.o)
                              main.o (socket)
C:/devkitPro/libctru-master/libctru/lib\libctru.a(swkbd.o)
                              main.o (swkbdInit)
C:/devkitPro/libctru-master/libctru/lib\libctru.a(utf16_to_utf8.o)
                              C:/devkitPro/libctru-master/libctru/lib\libctru.a(swkbd.o) (utf16_to_utf8)
C:/devkitPro/libctru-master/libctru/lib\libctru.a(utf8_to_utf16.o)
                              C:/devkitPro/libctru-master/libctru/lib\libctru.a(swkbd.o) (utf8_to_utf16)
C:/devkitPro/libctru-master/libctru/lib\libctru.a(ctru_init.o)
                              C:/devkitPro/libctru-master/libctru/lib\libctru.a(apt.o) (__system_retAddr)
C:/devkitPro/libctru-master/libctru/lib\libctru.a(initArgv.o)
                              C:/devkitPro/libctru-master/libctru/lib\libctru.a(ctru_init.o) (__system_initArgv)
C:/devkitPro/libctru-master/libctru/lib\libctru.a(syscalls.o)
                              C:/devkitPro/libctru-master/libctru/lib\libctru.a(thread.o) (initThreadVars)
C:/devkitPro/libctru-master/libctru/lib\libctru.a(svc.o)
                              C:/devkitPro/libctru-master/libctru/lib\libctru.a(thread.o) (svcCreateThread)
C:/devkitPro/libctru-master/libctru/lib\libctru.a(stack_adjust.o)
                              C:/devkitPro/devkitARM/bin/../lib/gcc/arm-none-eabi/15.2.0/../../../../arm-none-eabi/lib/armv6k/fpu/3dsx_crt0.o (initSystem)
C:/devkitPro/libctru-master/libctru/lib\libctru.a(default_font.bin.o)
                              C:/devkitPro/libctru-master/libctru/lib\libctru.a(console.o) (default_font_bin)
C:/devkitPro/libctru-master/libctru/lib\libctru.a(linear.o)
                              C:/devkitPro/libctru-master/libctru/lib\libctru.a(gfx.o) (linearAlloc)
C:/devkitPro/libctru-master/libctru/lib\libctru.a(mem_pool.o)
                              C:/devkitPro/libctru-master/libctru/lib\libctru.a(linear.o) (_ZN7MemPool8AllocateER8MemChunkmi)
C:/devkitPro/libctru-master/libctru/lib\libctru.a(vram.o)
                              C:/devkitPro/libctru-master/libctru/lib\libctru.a(gfx.o) (vramAlloc)
C:/devkitPro/libctru-master/libctru/lib\libctru.a(3dslink.o)
                              C:/devkitPro/libctru-master/libctru/lib\libctru.a(initArgv.o) (__3dslink_host)
C:/devkitPro/libctru-master/libctru/lib\libctru.a(env.o)
                              C:/devkitPro/libctru-master/libctru/lib\libctru.a(irrst.o) (envGetHandle)
C:/devkitPro/libctru-master/libctru/lib\libctru.a(os.o)
                              C:/devkitPro/libctru-master/libctru/lib\libctru.a(syscalls.o) (osGetTime)
C:/devkitPro/libctru-master/libctru/lib\libctru.a(srv.o)
                              C:/devkitPro/libctru-master/libctru/lib\libctru.a(apt.o) (srvInit)
C:/devkitPro/libctru-master/libctru/lib\libctru.a(mappable.o)
[...]
Memory Configuration

Name             Origin             Length             Attributes
*default*        0x00000000         0xffffffff

Linker script and memory map

                0x00000000                        __sync_synchronize = __sync_synchronize_dmb
                0x00100000                        PROVIDE (__start__ = 0x100000)
                0x00100000                        . = __start__

.text           0x00100000   0x189694
 *(.crt0)
 .crt0          0x00100000       0x94 C:/devkitPro/devkitARM/bin/../lib/gcc/arm-none-eabi/15.2.0/../../../../arm-none-eabi/lib/armv6k/fpu/3dsx_crt0.o
                0x00100000                _start
                0x00100008                __service_ptr
                0x0010000c                __apt_appid
                0x00100010                __heap_size
                0x00100014                __linear_heap_size
                0x00100018                __system_arglist
                0x0010001c                __system_runflags
 *(.init)
 .init          0x00100094        0xc C:/devkitPro/devkitARM/bin/../lib/gcc/arm-none-eabi/15.2.0/armv6k/fpu/crti.o
                0x00100094                _init
 .init          0x001000a0        0xc C:/devkitPro/devkitARM/bin/../lib/gcc/arm-none-eabi/15.2.0/armv6k/fpu/crtn.o
                0x001000ac                        . = ALIGN (0x4)
 *(.text)
 .text          0x001000ac      0x238 C:/devkitPro/portlibs/3ds/lib\libavcodec.a(allcodecs.o)
                0x001000c4                av_codec_iterate
                0x00100104                avcodec_find_encoder
                0x00100180                avcodec_find_decoder
                0x001001fc                avcodec_find_encoder_by_name
                0x00100270                avcodec_find_decoder_by_name
 *fill*         0x001002e4        0x4 
 .text          0x001002e8     0x153c C:/devkitPro/portlibs/3ds/lib\libavcodec.a(avcodec.o)
                0x001002e8                avcodec_default_execute
                0x00100368                avcodec_default_execute2
                0x001003ec                avcodec_flush_buffers
                0x00100494                avsubtitle_free
                0x0010051c                avcodec_open2
                0x00100efc                avcodec_string
                0x001017cc                avcodec_is_open
                0x001017dc                avcodec_receive_frame
 *fill*         0x00101824        0x4 
 .text          0x00101828     0x18f4 C:/devkitPro/portlibs/3ds/lib\libavcodec.a(avpacket.o)
                0x00101828                av_init_packet
                0x00101890                av_packet_alloc
                0x001018dc                av_packet_free
                0x00101988                av_new_packet
                0x00101a3c                av_shrink_packet
                0x00101a64                av_grow_packet
                0x00101c10                av_packet_from_data
                0x00101c80                av_packet_free_side_data
                0x00101cd0                av_packet_add_side_data
                0x00101dac                av_packet_new_side_data
                0x00101ea8                av_packet_get_side_data
                0x00101f08                av_packet_side_data_name
                0x00101f20                av_packet_pack_dictionary
                0x0010200c                av_packet_unpack_dictionary
                0x001020c8                av_packet_shrink_side_data
                0x00102128                av_packet_copy_props
                0x00102320                av_packet_unref
                0x001023b4                av_packet_ref
                0x00102520                av_packet_clone
                0x0010277c                av_packet_move_ref
                0x001027c4                av_packet_make_refcounted
                0x00102868                av_packet_make_writable
                0x00102928                av_packet_rescale_ts
                0x001029dc                avpriv_packet_list_put
                0x00102b74                avpriv_packet_list_get
                0x00102bd0                avpriv_packet_list_free
                0x00102cb0                ff_side_data_set_encoder_stats
                0x00102dcc                ff_side_data_set_prft
                0x00102e5c                av_packet_side_data_get
                0x00102e8c                av_packet_side_data_add
                0x00102f4c                av_packet_side_data_new
                0x00103050                av_packet_side_data_remove
                0x001030d0                av_packet_side_data_free
 .text          0x0010311c     0x10e0 C:/devkitPro/portlibs/3ds/lib\libavcodec.a(bsf.o)
                0x00103644                av_bsf_free
                0x001036c4                av_bsf_get_class
                0x001036d0                av_bsf_alloc
                0x00103804                av_bsf_init
                0x001039dc                av_bsf_flush
                0x00103a10                av_bsf_send_packet
                0x00103ae0                av_bsf_receive_packet
                0x00103aec                ff_bsf_get_packet
                0x00103b5c                ff_bsf_get_packet_ref
                0x00103bb0                av_bsf_list_alloc
                0x00103bb8                av_bsf_list_free
                0x00103c80                av_bsf_list_append
                0x00103c8c                av_bsf_list_append2
                0x00103d90                av_bsf_list_finalize
                0x00103e10                av_bsf_list_parse_str
                0x001040d4                av_bsf_get_null_filter
 .text          0x001041fc      0x128 C:/devkitPro/portlibs/3ds/lib\libavcodec.a(codec_desc.o)
                0x0010420c                avcodec_descriptor_get
                0x00104248                avcodec_descriptor_next
                0x00104284                avcodec_descriptor_get_by_name
                0x001042d8                avcodec_get_type
 .text          0x00104324      0x7c8 C:/devkitPro/portlibs/3ds/lib\libavcodec.a(codec_par.o)
                0x00104324                avcodec_parameters_alloc
                0x001043a4                avcodec_parameters_free
                0x00104428                avcodec_parameters_copy
                0x001045a4                avcodec_parameters_from_context
                0x00104864                avcodec_parameters_to_context
 *fill*         0x00104aec        0x4 
 .text          0x00104af0     0x33f0 C:/devkitPro/portlibs/3ds/lib\libavcodec.a(decode.o)
                0x001050f4                ff_decode_get_packet
                0x00105f20                avcodec_send_packet
                0x00106064                ff_decode_receive_frame
                0x001063c4                avcodec_decode_subtitle2
                0x00106808                avcodec_default_get_format
                0x00106954                avcodec_get_hw_frames_parameters
                0x00106ab4                ff_decode_get_hw_frames_ctx
                0x00106bc4                ff_hwaccel_uninit
                0x00106c08                ff_get_format
                0x00107060                ff_get_coded_side_data
                0x00107098                ff_decode_frame_props_from_pkt
                0x00107200                ff_decode_frame_props
                0x0010737c                ff_attach_decode_data
                0x001073e8                ff_get_buffer
                0x001078d8                ff_reget_buffer
                0x00107ac0                ff_decode_preinit
                0x00107d60                ff_copy_palette
                0x00107dcc                ff_hwaccel_frame_priv_alloc
                0x00107e94                ff_decode_flush_buffers
                0x00107ed8                ff_decode_internal_alloc
 .text          0x00107ee0     0x19d4 C:/devkitPro/portlibs/3ds/lib\libavcodec.a(encode.o)
                0x00108220                ff_alloc_packet
                0x00108310                avcodec_default_get_encode_buffer
                0x001083c0                ff_get_encode_buffer
                0x00108a98                avcodec_encode_subtitle
                0x00108af0                ff_encode_get_frame
                0x00108b88                ff_encode_reordered_opaque
                0x00108be8                ff_encode_encode_cb
                0x00108e84                avcodec_send_frame
                0x00109174                avcodec_receive_packet
                0x001091f4                ff_encode_preinit
                0x0010963c                ff_encode_alloc_frame
                0x0010973c                ff_encode_receive_frame
                0x00109790                ff_encode_flush_buffers
                0x001097e4                ff_encode_internal_alloc
                0x001097ec                ff_encode_add_cpb_side_data
 .text          0x001098b4      0x678 C:/devkitPro/portlibs/3ds/lib\libavcodec.a(get_buffer.o)
                0x001098d8                avcodec_default_get_buffer2
 .text          0x00109f2c     0x2648 C:/devkitPro/portlibs/3ds/lib\libavcodec.a(h264dec.o)
                0x0010b79c                avpriv_h264_has_num_reorder_frames
                0x0010b7bc                ff_h264_draw_horiz_band
                0x0010b8a4                ff_h264_free_tables
                0x0010bde0                ff_h264_alloc_tables
                0x0010c1fc                ff_h264_slice_context_init
                0x0010c230                ff_h264_flush_change
 .text          0x0010c574      0x310 C:/devkitPro/portlibs/3ds/lib\libavcodec.a(options.o)
                0x0010c61c                avcodec_alloc_context3
                0x0010c814                avcodec_free_context
                0x0010c86c                avcodec_get_class
                0x0010c878                avcodec_get_subtitle_rect_class
 *fill*         0x0010c884        0x4 
 .text          0x0010c888     0x1070 C:/devkitPro/portlibs/3ds/lib\libavcodec.a(parser.o)
                0x0010c888                av_parser_init
                0x0010c9a0                ff_fetch_timestamp
                0x0010d204                av_parser_parse2
                0x0010d44c                av_parser_close
                0x0010d480                ff_combine_frame
                0x0010d8f0                ff_parse_close
 .text          0x0010d8f8       0x24 C:/devkitPro/portlibs/3ds/lib\libavcodec.a(parsers.o)
                0x0010d8f8                av_parser_iterate
 .text          0x0010d91c      0x160 C:/devkitPro/portlibs/3ds/lib\libavcodec.a(pthread.o)
                0x0010d91c                ff_thread_init
                0x0010da64                ff_thread_free
 .text          0x0010da7c     0x1960 C:/devkitPro/portlibs/3ds/lib\libavcodec.a(pthread_frame.o)
                0x0010e4a4                ff_thread_decode_frame
                0x0010e9ac                ff_thread_report_progress
                0x0010ea58                ff_thread_await_progress
                0x0010eb00                ff_thread_finish_setup
                0x0010eb10                ff_frame_thread_free
                0x0010ece8                ff_frame_thread_init
                0x0010f048                ff_thread_flush
                0x0010f11c                ff_thread_can_start_frame
                0x0010f164                ff_thread_get_buffer
                0x0010f24c                ff_thread_get_ext_buffer
                0x0010f3ac                ff_thread_release_ext_buffer
 .text          0x0010f3dc      0x52c C:/devkitPro/portlibs/3ds/lib\libavcodec.a(pthread_slice.o)
                0x0010f53c                ff_slice_thread_free
                0x0010f5b4                ff_slice_thread_execute_with_mainfunc
                0x0010f640                ff_slice_thread_init
                0x0010f784                ff_thread_report_progress2
                0x0010f7e0                ff_thread_await_progress2
                0x0010f878                ff_slice_thread_allocz_entries
 .text          0x0010f908      0x228 C:/devkitPro/portlibs/3ds/lib\libavcodec.a(refstruct.o)
                0x0010f908                ff_refstruct_alloc_ext_c
                0x0010f9a4                ff_refstruct_unref
                0x0010fa1c                ff_refstruct_ref
                0x0010fa38                ff_refstruct_ref_c
                0x0010fa54                ff_refstruct_replace
                0x0010fb18                ff_refstruct_exclusive
 .text          0x0010fb30     0x2e98 C:/devkitPro/portlibs/3ds/lib\libavcodec.a(utils.o)
                0x00110b20                av_fast_padded_malloc
                0x00110b88                av_fast_padded_mallocz
                0x00110be8                av_codec_is_encoder
                0x00110c10                av_codec_is_decoder
                0x00110c34                ff_set_dimensions
                0x00110cb4                ff_set_sar
                0x00110d2c                ff_side_data_update_matrix_encoding
                0x00110d78                avcodec_align_dimensions2
                0x0011104c                avcodec_align_dimensions
                0x00111338                avcodec_enum_to_chroma_pos
                0x0011133c                avcodec_chroma_pos_to_enum
                0x00111340                avcodec_fill_audio_frame
                0x00111460                avpriv_codec_get_cap_skip_frame_fill_param
                0x00111470                avcodec_get_name
                0x001114e8                av_get_profile_name
                0x00111530                avcodec_profile_name
                0x001115a8                av_get_exact_bits_per_sample
                0x00111704                av_get_pcm_codec
                0x00111734                av_get_bits_per_sample
                0x001118e8                av_get_audio_frame_duration
                0x00111944                av_get_audio_frame_duration2
                0x001119a0                av_xiphlacing
                0x001119e4                ff_match_2uint16
                0x00111a34                avcodec_get_hw_config
                0x00111a74                ff_thread_ref_frame
                0x00111b00                ff_thread_replace_frame
                0x00111b3c                avpriv_find_start_code
                0x00111c68                av_cpb_properties_alloc
                0x00111c9c                ff_alloc_timecode_sei
                0x0011290c                ff_guess_coded_bitrate
 .text          0x001129c8       0x18 C:/devkitPro/portlibs/3ds/lib\libavcodec.a(bitstream_filters.o)
                0x001129c8                av_bsf_iterate
                0x001129d0                av_bsf_get_by_name
                0x001129d8                ff_bsf_child_class_iterate
 .text          0x001129e0     0x52a8 C:/devkitPro/portlibs/3ds/lib\libavcodec.a(error_resilience.o)
                0x00113b30                ff_er_frame_start
                0x00113bb8                ff_er_add_slice
                0x00113f08                ff_er_frame_end
 .text          0x00117c88      0xce0 C:/devkitPro/portlibs/3ds/lib\libavcodec.a(h2645_parse.o)
                0x00117c88                ff_h2645_extract_rbsp
                0x00118040                ff_h2645_packet_split
                0x001188e0                ff_h2645_packet_uninit
 .text          0x00118968     0x71c4 C:/devkitPro/portlibs/3ds/lib\libavcodec.a(h264_cavlc.o)
                0x0011ad50                ff_h264_decode_mb_cavlc
 .text          0x0011fb2c     0x3678 C:/devkitPro/portlibs/3ds/lib\libavcodec.a(h264_direct.o)
                0x0011fcec                ff_h264_direct_dist_scale_factor
                0x001200bc                ff_h264_direct_ref_list_init
                0x001203d8                ff_h264_pred_direct_motion
 .text          0x001231a4    0x16144 C:/devkitPro/portlibs/3ds/lib\libavcodec.a(h264_mb.o)
                0x00139244                ff_h264_hl_decode_mb
 .text          0x001392e8     0x17d4 C:/devkitPro/portlibs/3ds/lib\libavcodec.a(h264_parse.o)
                0x001394bc                ff_h264_pred_weight_table
                0x00139d50                ff_h264_check_intra4x4_pred_mode
                0x00139ec0                ff_h264_check_intra_pred_mode
                0x00139f98                ff_h264_parse_ref_count
                0x0013a260                ff_h264_init_poc
                0x0013a4e0                ff_h264_decode_extradata
                0x0013aa68                ff_h264_get_profile
 .text          0x0013aabc     0x1790 C:/devkitPro/portlibs/3ds/lib\libavcodec.a(h264_parser.o)
 .text          0x0013c24c      0x8b8 C:/devkitPro/portlibs/3ds/lib\libavcodec.a(h264_picture.o)
                0x0013c348                ff_h264_unref_picture
                0x0013c3e4                ff_h264_ref_picture
                0x0013c60c                ff_h264_replace_picture
                0x0013c874                ff_h264_set_erpic
                0x0013c8d8                ff_h264_field_end
 .text          0x0013cb04     0x3efc C:/devkitPro/portlibs/3ds/lib\libavcodec.a(h264_ps.o)
                0x0013d560                ff_h264_ps_uninit
                0x0013d5b0                ff_h264_decode_seq_parameter_set
                0x0013f07c                ff_h264_decode_picture_parameter_set
 .text          0x00140a00     0x2ffc C:/devkitPro/portlibs/3ds/lib\libavcodec.a(h264_refs.o)
                0x0014139c                ff_h264_build_ref_list
                0x001421f0                ff_h264_decode_ref_pic_list_reordering
                0x00142478                ff_h264_remove_all_refs
                0x00142600                ff_h264_execute_ref_pic_marking
                0x001436d8                ff_h264_decode_ref_pic_marking
 .text          0x001439fc      0xf60 C:/devkitPro/portlibs/3ds/lib\libavcodec.a(h264_sei.o)
                0x001439fc                ff_h264_sei_uninit
                0x00143a30                ff_h264_sei_process_picture_timing
                0x00143f08                ff_h264_sei_decode
                0x00144854                ff_h264_sei_stereo_mode
 *fill*         0x0014495c        0x4 
 .text          0x00144960     0x7630 C:/devkitPro/portlibs/3ds/lib\libavcodec.a(h264_slice.o)
                0x001483dc                ff_h264_update_thread_context
                0x00148a0c                ff_h264_update_thread_context_for_user
                0x00148a38                ff_h264_get_slice_type
                0x00148a60                ff_h264_execute_decode_slices
                0x00148d14                ff_h264_queue_decode_slice
 .text          0x0014bf90     0x2800 C:/devkitPro/portlibs/3ds/lib\libavcodec.a(h264chroma.o)
 .text          0x0014e790    0x12e8c C:/devkitPro/portlibs/3ds/lib\libavcodec.a(h264dsp.o)
 .text          0x0016161c     0x9558 C:/devkitPro/portlibs/3ds/lib\libavcodec.a(h264idct.o)
                0x0016161c                ff_h264_idct_add_8_c
                0x00161a4c                ff_h264_idct8_add_8_c
                0x00161dd0                ff_h264_idct_dc_add_8_c
                0x00161f74                ff_h264_idct8_dc_add_8_c
                0x00162080                ff_h264_idct_add16_8_c
                0x00162298                ff_h264_idct_add16intra_8_c
                0x001624c8                ff_h264_idct8_add4_8_c
                0x00162680                ff_h264_idct_add8_8_c
                0x001628fc                ff_h264_idct_add8_422_8_c
                0x00162df8                ff_h264_luma_dc_dequant_idct_8_c
                0x00163110                ff_h264_chroma422_dc_dequant_idct_8_c
                0x0016322c                ff_h264_chroma_dc_dequant_idct_8_c
                0x00163298                ff_h264_idct_add_9_c
                0x0016387c                ff_h264_idct8_add_9_c
                0x00163c28                ff_h264_idct_dc_add_9_c
                0x00163e18                ff_h264_idct8_dc_add_9_c
                0x00163f64                ff_h264_idct_add16_9_c
                0x00164208                ff_h264_idct_add16intra_9_c
                0x0016448c                ff_h264_idct8_add4_9_c
                0x0016468c                ff_h264_idct_add8_9_c
                0x0016497c                ff_h264_idct_add8_422_9_c
                0x00164f5c                ff_h264_luma_dc_dequant_idct_9_c
                0x00165244                ff_h264_chroma422_dc_dequant_idct_9_c
                0x00165360                ff_h264_chroma_dc_dequant_idct_9_c
                0x001653cc                ff_h264_idct_add_10_c
                0x001659b0                ff_h264_idct8_add_10_c
                0x00165d5c                ff_h264_idct_dc_add_10_c
                0x00165f4c                ff_h264_idct8_dc_add_10_c
                0x00166098                ff_h264_idct_add16_10_c
                0x0016633c                ff_h264_idct_add16intra_10_c
                0x001665c0                ff_h264_idct8_add4_10_c
                0x001667c0                ff_h264_idct_add8_10_c
                0x00166ab0                ff_h264_idct_add8_422_10_c
                0x00167090                ff_h264_luma_dc_dequant_idct_10_c
                0x00167094                ff_h264_chroma422_dc_dequant_idct_10_c
                0x00167098                ff_h264_chroma_dc_dequant_idct_10_c
                0x00167104                ff_h264_idct_add_12_c
                0x001676e8                ff_h264_idct8_add_12_c
                0x00167a94                ff_h264_idct_dc_add_12_c
                0x00167c84                ff_h264_idct8_dc_add_12_c
                0x00167dd0                ff_h264_idct_add16_12_c
                0x00168074                ff_h264_idct_add16intra_12_c
                0x001682f8                ff_h264_idct8_add4_12_c
                0x001684f8                ff_h264_idct_add8_12_c
                0x001687e8                ff_h264_idct_add8_422_12_c
                0x00168dc8                ff_h264_luma_dc_dequant_idct_12_c
                0x00168dcc                ff_h264_chroma422_dc_dequant_idct_12_c
                0x00168dd0                ff_h264_chroma_dc_dequant_idct_12_c
                0x00168e3c                ff_h264_idct_add_14_c
                0x00169420                ff_h264_idct8_add_14_c
                0x001697cc                ff_h264_idct_dc_add_14_c
                0x001699bc                ff_h264_idct8_dc_add_14_c
                0x00169b08                ff_h264_idct_add16_14_c
                0x00169dac                ff_h264_idct_add16intra_14_c
                0x0016a030                ff_h264_idct8_add4_14_c
                0x0016a230                ff_h264_idct_add8_14_c
                0x0016a520                ff_h264_idct_add8_422_14_c
                0x0016ab00                ff_h264_luma_dc_dequant_idct_14_c
                0x0016ab04                ff_h264_chroma422_dc_dequant_idct_14_c
                0x0016ab08                ff_h264_chroma_dc_dequant_idct_14_c
 *fill*         0x0016ab74        0x4 
 .text          0x0016ab78    0x1c5f0 C:/devkitPro/portlibs/3ds/lib\libavcodec.a(h264pred.o)
 .text          0x00187168    0x83980 C:/devkitPro/portlibs/3ds/lib\libavcodec.a(h264qpel.o)
 .text          0x0020aae8     0x138c C:/devkitPro/portlibs/3ds/lib\libavcodec.a(h274.o)
                0x0020aae8                ff_h274_apply_film_grain
 .text          0x0020be74     0x4468 C:/devkitPro/portlibs/3ds/lib\libavcodec.a(me_cmp.o)
                0x0020ffa4                ff_set_cmp
 .text          0x002102dc     0x5318 C:/devkitPro/portlibs/3ds/lib\libavcodec.a(simple_idct.o)
                0x002102dc                ff_simple_idct_put_int16_8bit
                0x00210824                ff_simple_idct_add_int16_8bit
                0x00210d90                ff_simple_idct_int16_8bit
                0x0021118c                ff_simple_idct_put_int16_10bit
                0x00211734                ff_simple_idct_add_int16_10bit
                0x00211ce4                ff_simple_idct_int16_10bit
                0x00212108                ff_simple_idct_put_int16_12bit
                0x00212680                ff_simple_idct_add_int16_12bit
                0x00212bf8                ff_simple_idct_int16_12bit
                0x00212fe8                ff_simple_idct_put_int32_10bit
                0x002134e4                ff_simple_idct248_put
                0x00213c90                ff_simple_idct84_add
                0x00213fe4                ff_simple_idct48_add
                0x002147d4                ff_simple_idct44_add
                0x00214d80                ff_prores_idct_10
                0x002151d8                ff_prores_idct_12
 .text          0x002155f4       0xa0 C:/devkitPro/portlibs/3ds/lib\libavcodec.a(startcode.o)
                0x002155f4                ff_startcode_find_candidate_c
 .text          0x00215694      0x698 C:/devkitPro/portlibs/3ds/lib\libavcodec.a(videodsp.o)
                0x00215698                ff_emulated_edge_mc_8
 .text          0x00215d2c     0x2c44 C:/devkitPro/portlibs/3ds/lib\libavcodec.a(vlc.o)
                0x002163b4                ff_vlc_init_sparse
                0x00217380                ff_vlc_init_from_lengths
                0x00217938                ff_vlc_init_multi_from_lengths
                0x00218964                ff_vlc_free_multi
                0x00218968                ff_vlc_free
 .text          0x00218970       0x78 C:/devkitPro/portlibs/3ds/lib\libavcodec.a(cabac.o)
                0x00218970                ff_init_cabac_decoder
 .text          0x002189e8     0x189c C:/devkitPro/portlibs/3ds/lib\libavcodec.a(h2645_sei.o)
                0x002189e8                ff_h2645_sei_message_decode
                0x002199ec                ff_h2645_sei_ctx_replace
                0x00219abc                ff_h2645_sei_to_frame
                0x0021a218                ff_h2645_sei_reset
 .text          0x0021a284      0x498 C:/devkitPro/portlibs/3ds/lib\libavcodec.a(h2645_vui.o)
                0x0021a284                ff_h2645_decode_common_vui_params
 *fill*         0x0021a71c        0x4 
 .text          0x0021a720     0x8900 C:/devkitPro/portlibs/3ds/lib\libavcodec.a(h264_cabac.o)
                0x0021d898                ff_h264_init_cabac_states
                0x0021d964                ff_h264_decode_mb_cabac
 .text          0x00223020     0xa4e0 C:/devkitPro/portlibs/3ds/lib\libavcodec.a(h264_loopfilter.o)
                0x002231f4                ff_h264_filter_mb
                0x00227f5c                ff_h264_filter_mb_fast
 .text          0x0022d500      0x25c C:/devkitPro/portlibs/3ds/lib\libavcodec.a(atsc_a53.o)
                0x0022d500                ff_alloc_a53_sei
                0x0022d5fc                ff_parse_a53_cc
 .text          0x0022d75c       0x64 C:/devkitPro/portlibs/3ds/lib\libavutil.a(ambient_viewing_environment.o)
                0x0022d75c                av_ambient_viewing_environment_alloc
                0x0022d780                av_ambient_viewing_environment_create_side_data
 .text          0x0022d7c0      0xe30 C:/devkitPro/portlibs/3ds/lib\libavutil.a(avstring.o)
                0x0022d7c0                av_strstart
                0x0022d808                av_stristart
                0x0022d874                av_stristr
                0x0022d8e8                av_strnstr
                0x0022d954                av_strlcpy
                0x0022d9cc                av_strlcat
                0x0022da88                av_strlcatf
                0x0022dae0                av_asprintf
                0x0022db6c                av_get_token
                0x0022dca0                av_strtok
                0x0022dd30                av_strcasecmp
                0x0022dd80                av_strncasecmp
                0x0022ddf0                av_strireplace
                0x0022df24                av_basename
                0x0022df74                av_dirname
                0x0022dfc4                av_append_path_component
                0x0022e108                av_escape
                0x0022e188                av_match_name
                0x0022e2c0                av_utf8_decode
                0x0022e510                av_match_list
 .text          0x0022e5f0     0x1054 C:/devkitPro/portlibs/3ds/lib\libavutil.a(bprint.o)
                0x0022e730                av_bprint_init
                0x0022e808                av_bprint_init_for_buffer
                0x0022e848                av_bprintf
                0x0022e9dc                av_vbprintf
                0x0022eb5c                av_bprint_chars
                0x0022eca4                av_bprint_append_data
                0x0022edec                av_bprint_strftime
                0x0022f03c                av_bprint_get_buffer
                0x0022f17c                av_bprint_clear
                0x0022f198                av_bprint_finalize
                0x0022f258                av_bprint_escape
 .text          0x0022f644      0xc38 C:/devkitPro/portlibs/3ds/lib\libavutil.a(buffer.o)
                0x0022f644                av_buffer_default_free
                0x0022f6dc                av_buffer_alloc
                0x0022f844                av_buffer_create
                0x0022f8d4                av_buffer_allocz
                0x0022f910                av_buffer_ref
                0x0022f950                av_buffer_unref
                0x0022f9e8                av_buffer_is_writable
                0x0022fa1c                av_buffer_get_opaque
                0x0022fa28                av_buffer_get_ref_count
                0x0022fa3c                av_buffer_make_writable
                0x0022fb20                av_buffer_realloc
                0x0022fd20                av_buffer_replace
                0x0022fea4                av_buffer_pool_init2
                0x0022fef8                av_buffer_pool_init
                0x0022ff44                av_buffer_pool_uninit
                0x00230058                av_buffer_pool_get
                0x00230228                av_buffer_pool_buffer_get_opaque
 .text          0x0023027c     0x29f0 C:/devkitPro/portlibs/3ds/lib\libavutil.a(channel_layout.o)
                0x0023027c                av_channel_name_bprint
                0x002302f4                av_channel_name
                0x002303d8                av_channel_description_bprint
                0x00230454                av_channel_description
                0x0023053c                av_channel_from_string
                0x00230630                av_get_channel_layout
                0x00230898                av_get_extended_channel_layout
                0x002309a4                av_bprint_channel_layout
                0x00230b64                av_get_channel_layout_string
                0x00230ba0                av_get_channel_layout_nb_channels
                0x00230c14                av_get_default_channel_layout
                0x00230c64                av_get_channel_layout_channel_index
                0x00230d5c                av_get_channel_name
                0x00230e24                av_get_channel_description
                0x00230ee8                av_channel_layout_extract_channel
                0x00230fc4                av_get_standard_channel_layout
                0x00231010                av_channel_layout_from_mask
                0x002310ac                av_channel_layout_uninit
                0x002310fc                av_channel_layout_copy
                0x002311a4                av_channel_layout_describe_bprint
                0x00231804                av_channel_layout_describe
                0x0023186c                av_channel_layout_channel_from_index
                0x0023199c                av_channel_layout_from_string
                0x00232360                av_channel_layout_index_from_channel
                0x00232510                av_channel_layout_index_from_string
                0x0023266c                av_channel_layout_channel_from_string
                0x002327a8                av_channel_layout_check
                0x00232918                av_channel_layout_compare
                0x00232b08                av_channel_layout_default
                0x00232b74                av_channel_layout_standard
                0x00232ba0                av_channel_layout_subset
 .text          0x00232c6c      0x108 C:/devkitPro/portlibs/3ds/lib\libavutil.a(cpu.o)
                0x00232c6c                av_force_cpu_flags
                0x00232c7c                av_get_cpu_flags
                0x00232c9c                av_parse_cpu_caps
                0x00232ccc                av_cpu_count
                0x00232d5c                av_cpu_force_count
                0x00232d6c                av_cpu_max_align
 .text          0x00232d74     0x133c C:/devkitPro/portlibs/3ds/lib\libavutil.a(dict.o)
                0x00232d74                av_dict_count
                0x00232d80                av_dict_iterate
                0x00232db4                av_dict_get
                0x00232ee8                av_dict_set
                0x00233184                av_dict_set_int
                0x002333e8                av_dict_parse_string
                0x002338e4                av_dict_free
                0x00233944                av_dict_copy
                0x00233e88                av_dict_get_string
                0x00234004                avpriv_dict_set_timestamp
 .text          0x002340b0      0x208 C:/devkitPro/portlibs/3ds/lib\libavutil.a(display.o)
                0x002340b0                av_display_rotation_get
                0x00234190                av_display_rotation_set
                0x00234228                av_display_matrix_flip
 .text          0x002342b8       0xb4 C:/devkitPro/portlibs/3ds/lib\libavutil.a(error.o)
                0x002342b8                av_strerror
 .text          0x0023436c       0x64 C:/devkitPro/portlibs/3ds/lib\libavutil.a(film_grain_params.o)
                0x0023436c                av_film_grain_params_alloc
                0x0023438c                av_film_grain_params_create_side_data
 .text          0x002343d0     0x206c C:/devkitPro/portlibs/3ds/lib\libavutil.a(frame.o)
                0x00234a3c                av_frame_alloc
                0x00234abc                av_frame_free
                0x00234af0                av_frame_get_buffer
                0x00234f80                av_frame_unref
                0x00234f8c                av_frame_move_ref
                0x0023501c                av_frame_is_writable
                0x002350a8                av_frame_copy_props
                0x002350b0                av_frame_get_plane_buffer
                0x002352d8                av_frame_new_side_data_from_buf
                0x00235358                av_frame_new_side_data
                0x002353fc                av_frame_get_side_data
                0x0023543c                av_frame_copy
                0x0023576c                av_frame_ref
                0x00235a08                av_frame_replace
                0x00235dd0                av_frame_clone
                0x00235e9c                av_frame_make_writable
                0x0023602c                av_frame_remove_side_data
                0x002360a8                av_frame_side_data_name
                0x002360c0                av_frame_apply_cropping
 .text          0x0023643c      0xfb0 C:/devkitPro/portlibs/3ds/lib\libavutil.a(hwcontext.o)
                0x0023651c                av_hwdevice_find_type_by_name
                0x00236568                av_hwdevice_get_type_name
                0x00236584                av_hwdevice_iterate_types
                0x0023658c                av_hwdevice_ctx_alloc
                0x00236594                av_hwdevice_ctx_init
                0x00236618                av_hwframe_ctx_alloc
                0x002367a4                av_hwframe_transfer_get_formats
                0x002367c8                av_hwframe_transfer_data
                0x002369f8                av_hwdevice_hwconfig_alloc
                0x00236a14                av_hwdevice_get_hwframe_constraints
                0x00236ac0                av_hwframe_constraints_free
                0x00236af0                av_hwdevice_ctx_create
                0x00236b1c                av_hwdevice_ctx_create_derived_opts
                0x00236b9c                av_hwdevice_ctx_create_derived
                0x00236c1c                ff_hwframe_map_create
                0x00236ce8                av_hwframe_map
                0x00236eec                av_hwframe_get_buffer
                0x00237050                av_hwframe_ctx_init
                0x00237244                av_hwframe_ctx_create_derived
                0x002373dc                ff_hwframe_map_replace
 .text          0x002373ec     0x2054 C:/devkitPro/portlibs/3ds/lib\libavutil.a(imgutils.o)
                0x00237428                av_image_fill_max_pixsteps
                0x0023752c                av_image_get_linesize
                0x00237684                av_image_fill_linesizes
                0x00237a6c                av_image_fill_plane_sizes
                0x00237bbc                av_image_fill_pointers
                0x00237cb8                avpriv_set_systematic_pal2
                0x00237e38                av_image_alloc
                0x002380a4                av_image_check_size2
                0x0023819c                av_image_check_size
                0x00238254                av_image_check_sar
                0x002382fc                av_image_copy_plane_uc_from
                0x002383b8                av_image_copy_plane
                0x00238474                av_image_copy
                0x00238754                av_image_copy_uc_from
                0x00238a0c                av_image_fill_arrays
                0x00238b60                av_image_get_buffer_size
                0x00238d00                av_image_copy_to_buffer
                0x00238f80                av_image_fill_black
 .text          0x00239440      0xe2c C:/devkitPro/portlibs/3ds/lib\libavutil.a(log.o)
                0x00239650                av_log_default_callback
                0x00239c84                av_default_item_name
                0x00239c90                av_default_get_category
                0x00239c9c                av_log_format_line2
                0x00239f68                av_log_format_line
                0x00239f6c                av_log
                0x00239fe8                av_log_once
                0x0023a070                av_vlog
                0x0023a0d0                av_log_get_level
                0x0023a0e0                av_log_set_level
                0x0023a0f0                av_log_set_flags
                0x0023a100                av_log_get_flags
                0x0023a110                av_log_set_callback
                0x0023a120                avpriv_request_sample
                0x0023a1d0                avpriv_report_missing_feature
 .text          0x0023a26c       0x98 C:/devkitPro/portlibs/3ds/lib\libavutil.a(mastering_display_metadata.o)
                0x0023a26c                av_mastering_display_metadata_alloc
                0x0023a274                av_mastering_display_metadata_create_side_data
                0x0023a2b8                av_content_light_metadata_alloc
                0x0023a2d8                av_content_light_metadata_create_side_data
 *fill*         0x0023a304        0x4 
 .text          0x0023a308      0xd58 C:/devkitPro/portlibs/3ds/lib\libavutil.a(mathematics.o)
                0x0023a308                av_gcd
                0x0023a448                av_rescale_rnd
                0x0023a758                av_rescale
                0x0023a77c                av_rescale_q_rnd
                0x0023a7bc                av_rescale_q
                0x0023a7fc                av_compare_ts
                0x0023a938                av_compare_mod
                0x0023a980                av_rescale_delta
                0x0023abf8                av_add_stable
                0x0023ad98                av_bessel_i0
 .text          0x0023b060      0xe14 C:/devkitPro/portlibs/3ds/lib\libavutil.a(mem.o)
                0x0023b09c                av_max_alloc
                0x0023b0ac                av_malloc
                0x0023b0f0                av_realloc
                0x0023b118                av_realloc_f
                0x0023b164                av_reallocp
                0x0023b1dc                av_malloc_array
                0x0023b228                av_realloc_array
                0x0023b25c                av_reallocp_array
                0x0023b2fc                av_free
                0x0023b300                av_freep
                0x0023b314                av_mallocz
                0x0023b380                av_calloc
                0x0023b3f4                av_strdup
                0x0023b468                av_strndup
                0x0023b4f4                av_memdup
                0x0023b580                av_dynarray_add_nofree
                0x0023b64c                av_dynarray_add
                0x0023b714                av_dynarray2_add
                0x0023b80c                av_memcpy_backptr
                0x0023bbfc                av_fast_realloc
                0x0023bc8c                av_fast_malloc
                0x0023bd80                av_fast_mallocz
                0x0023be60                av_size_mult
 *fill*         0x0023be74        0x4 
 .text          0x0023be78     0x5acc C:/devkitPro/portlibs/3ds/lib\libavutil.a(opt.o)
                0x0023cb98                av_opt_query_ranges_default
                0x0023d7d4                av_opt_next
                0x0023d834                av_opt_set_int
                0x0023da40                av_opt_set_double
                0x0023dcf0                av_opt_set_q
                0x0023dfc8                av_opt_set_bin
                0x0023e0c4                av_opt_set_image_size
                0x0023e17c                av_opt_set_video_rate
                0x0023e484                av_opt_set_pixel_fmt
                0x0023e5a0                av_opt_set_sample_fmt
                0x0023e6c0                av_opt_set_channel_layout
                0x0023e740                av_opt_set_dict_val
                0x0023e7b8                av_opt_set_chlayout
                0x0023e808                av_opt_get
                0x0023ec40                av_opt_get_int
                0x0023ed74                av_opt_get_double
                0x0023ee6c                av_opt_get_q
                0x0023efc8                av_opt_get_image_size
                0x0023f064                av_opt_get_video_rate
                0x0023f1c0                av_opt_get_pixel_fmt
                0x0023f248                av_opt_get_sample_fmt
                0x0023f2d0                av_opt_get_channel_layout
                0x0023f354                av_opt_get_chlayout
                0x0023f3d4                av_opt_get_dict_val
                0x0023f43c                av_opt_show2
                0x0023f4a4                av_opt_set_defaults2
                0x0023f790                av_opt_set_defaults
                0x0023f79c                av_opt_get_key_value
                0x0023f8b8                av_opt_free
                0x0023f94c                av_opt_find2
                0x0023fb68                av_opt_find
                0x00240034                av_opt_set
                0x00240660                av_set_options_string
                0x002407f8                av_opt_set_from_string
                0x002409e4                av_opt_set_dict2
                0x00240ac0                av_opt_set_dict
                0x00240ac8                av_opt_eval_flags
                0x00240b14                av_opt_eval_int
                0x00240b60                av_opt_eval_int64
                0x00240bac                av_opt_eval_float
                0x00240bf8                av_opt_eval_double
                0x00240c44                av_opt_eval_q
                0x00240d04                av_opt_flag_is_set
                0x00240dbc                av_opt_child_next
                0x00240dd8                av_opt_child_class_iterate
                0x00240df4                av_opt_ptr
                0x00240e64                av_opt_copy
                0x00241018                av_opt_query_ranges
                0x0024105c                av_opt_freep_ranges
                0x002410e4                av_opt_is_set_to_default
                0x002415b0                av_opt_is_set_to_default_by_name
                0x002415f4                av_opt_serialize
 *fill*         0x00241944        0x4 
 .text          0x00241948     0x139c C:/devkitPro/portlibs/3ds/lib\libavutil.a(parseutils.o)
                0x00241950                av_parse_ratio
                0x00241a20                av_parse_video_size
                0x00241afc                av_parse_video_rate
                0x00241c6c                av_parse_color
                0x00241f50                av_get_known_color_name
                0x00241f90                av_small_strptime
                0x0024237c                av_timegm
                0x00242454                av_parse_time
                0x00242b7c                av_find_info_tag
 .text          0x00242ce4     0x25b4 C:/devkitPro/portlibs/3ds/lib\libavutil.a(pixdesc.o)
                0x00243644                av_read_image_line2
                0x00243b80                av_read_image_line
                0x00243f8c                av_write_image_line2
                0x00244428                av_write_image_line
                0x002446e0                av_get_pix_fmt_name
                0x00244704                av_get_pix_fmt
                0x00244830                av_get_bits_per_pixel
                0x0024488c                av_get_padded_bits_per_pixel
                0x00244954                av_get_pix_fmt_string
                0x00244a10                av_pix_fmt_desc_get
                0x00244a34                av_pix_fmt_desc_next
                0x00244a78                av_pix_fmt_desc_get_id
                0x00244ac0                av_pix_fmt_get_chroma_sub_sample
                0x00244af8                av_pix_fmt_count_planes
                0x00244bb0                av_pix_fmt_swap_endianness
                0x00244cc4                av_get_pix_fmt_loss
                0x00244cf0                av_find_best_pix_fmt_of_2
                0x00244f88                av_color_range_name
                0x00244fa0                av_color_range_from_name
                0x00244fec                av_color_primaries_name
                0x00245008                av_color_primaries_from_name
                0x00245060                av_color_transfer_name
                0x0024507c                av_color_transfer_from_name
                0x002450d4                av_color_space_name
                0x002450f0                av_color_space_from_name
                0x00245148                av_chroma_location_name
                0x00245164                av_chroma_location_from_name
                0x002451bc                av_chroma_location_enum_to_pos
                0x00245200                av_chroma_location_pos_to_enum
 .text          0x00245298      0x2f0 C:/devkitPro/portlibs/3ds/lib\libavutil.a(random_seed.o)
                0x00245298                av_random_bytes
                0x0024530c                av_get_random_seed
 .text          0x00245588      0xb8c C:/devkitPro/portlibs/3ds/lib\libavutil.a(rational.o)
                0x00245588                av_reduce
                0x002458b4                av_mul_q
                0x00245914                av_div_q
                0x00245988                av_add_q
                0x002459f8                av_sub_q
                0x00245a78                av_d2q
                0x00245c00                av_nearer_q
                0x00245d30                av_find_nearest_q_idx
                0x00245e98                av_q2intfloat
                0x00246068                av_gcd_q
 .text          0x00246114      0x9ec C:/devkitPro/portlibs/3ds/lib\libavutil.a(samplefmt.o)
                0x00246114                av_get_sample_fmt_name
                0x00246134                av_get_sample_fmt
                0x002462d4                av_get_alt_sample_fmt
                0x00246308                av_get_packed_sample_fmt
                0x0024633c                av_get_planar_sample_fmt
                0x00246370                av_get_sample_fmt_string
                0x00246404                av_get_bytes_per_sample
                0x0024642c                av_sample_fmt_is_planar
                0x00246450                av_samples_get_buffer_size
                0x00246578                av_samples_fill_arrays
                0x00246644                av_samples_alloc
                0x00246770                av_samples_alloc_array_and_samples
                0x002468ec                av_samples_copy
                0x00246a54                av_samples_set_silence
 .text          0x00246b00     0x35cc C:/devkitPro/portlibs/3ds/lib\libavutil.a(sha.o)
                0x00249dbc                av_sha_alloc
                0x00249dc4                av_sha_update
                0x00249e84                av_sha_final
 .text          0x0024a0cc      0x5d8 C:/devkitPro/portlibs/3ds/lib\libavutil.a(slicethread.o)
                0x0024a1d8                avpriv_slicethread_execute
                0x0024a398                avpriv_slicethread_free
                0x0024a474                avpriv_slicethread_create
 .text          0x0024a6a4       0xa8 C:/devkitPro/portlibs/3ds/lib\libavutil.a(stereo3d.o)
                0x0024a6a4                av_stereo3d_alloc
                0x0024a6ac                av_stereo3d_create_side_data
                0x0024a6e0                av_stereo3d_type_name
                0x0024a6fc                av_stereo3d_from_name
 .text          0x0024a74c      0x174 C:/devkitPro/portlibs/3ds/lib\libavutil.a(time.o)
                0x0024a74c                av_gettime
                0x0024a7bc                av_gettime_relative
                0x0024a840                av_gettime_relative_is_monotonic
                0x0024a848                av_usleep
 .text          0x0024a8c0      0xef8 C:/devkitPro/portlibs/3ds/lib\libavutil.a(timecode.o)
                0x0024a8c0                av_timecode_adjust_ntsc_framenum2
                0x0024a974                av_timecode_get_smpte_from_framenum
                0x0024abb8                av_timecode_get_smpte
                0x0024ad28                av_timecode_make_string
                0x0024af8c                av_timecode_make_smpte_tc_string2
                0x0024b0d8                av_timecode_make_smpte_tc_string
                0x0024b1a4                av_timecode_make_mpeg_tc_string
                0x0024b208                av_timecode_check_frame_rate
                0x0024b2a0                av_timecode_init
                0x0024b3d8                av_timecode_init_from_components
                0x0024b598                av_timecode_init_from_string
 .text          0x0024b7b8      0x258 C:/devkitPro/portlibs/3ds/lib\libavutil.a(utils.o)
                0x0024b7b8                av_get_media_type_string
                0x0024b7d4                av_get_picture_type_char
                0x0024b7f8                av_int_list_length_for_size
                0x0024b934                av_fourcc_make_string
                0x0024b9f0                av_get_time_base_q
                0x0024ba0c                av_assert0_fpu
 .text          0x0024ba10      0x158 C:/devkitPro/portlibs/3ds/lib\libavutil.a(video_enc_params.o)
                0x0024ba10                av_video_enc_params_alloc
                0x0024ba98                av_video_enc_params_create_side_data
 .text          0x0024bb68     0x2f58 C:/devkitPro/portlibs/3ds/lib\libavutil.a(avsscanf.o)
                0x0024bf58                av_sscanf
 .text          0x0024eac0     0x36e4 C:/devkitPro/portlibs/3ds/lib\libavutil.a(eval.o)
                0x0024fa9c                av_strtod
                0x0024fbdc                av_expr_free
                0x00251848                av_expr_parse
                0x00251ce0                av_expr_count_vars
                0x00251d84                av_expr_count_func
                0x00251e44                av_expr_eval
                0x00251e8c                av_expr_parse_and_eval
 .text          0x002521a4      0x1e8 C:/devkitPro/portlibs/3ds/lib\libavutil.a(file_open.o)
                0x002521a4                avpriv_open
                0x00252220                avpriv_tempfile
                0x002522e0                avpriv_fopen_utf8
                0x00252388                av_fopen_utf8
 .text          0x0025238c      0x20c C:/devkitPro/devkitARM/bin/../lib/gcc/arm-none-eabi/15.2.0/armv6k/fpu\libgcc.a(_udivsi3.o)
                0x0025238c                __aeabi_uidiv
                0x0025238c                __udivsi3
                0x00252578                __aeabi_uidivmod
 .text          0x00252598      0x240 C:/devkitPro/devkitARM/bin/../lib/gcc/arm-none-eabi/15.2.0/armv6k/fpu\libgcc.a(_divsi3.o)
                0x00252598                __divsi3
                0x00252598                __aeabi_idiv
                0x002527b8                __aeabi_idivmod
 .text          0x002527d8        0x4 C:/devkitPro/devkitARM/bin/../lib/gcc/arm-none-eabi/15.2.0/armv6k/fpu\libgcc.a(_dvmd_tls.o)
                0x002527d8                __aeabi_idiv0
                0x002527d8                __aeabi_ldiv0
 .text          0x002527dc      0x3c0 C:/devkitPro/devkitARM/bin/../lib/gcc/arm-none-eabi/15.2.0/armv6k/fpu\libgcc.a(_arm_addsubdf3.o)
                0x002527dc                __aeabi_drsub
                0x002527e4                __aeabi_dsub
                0x002527e4                __subdf3
                0x002527e8                __aeabi_dadd
                0x002527e8                __adddf3
                0x00252a94                __floatunsidf
                0x00252a94                __aeabi_ui2d
                0x00252ab8                __floatsidf
                0x00252ab8                __aeabi_i2d
                0x00252ae0                __aeabi_f2d
                0x00252ae0                __extendsfdf2
                0x00252b28                __floatundidf
                0x00252b28                __aeabi_ul2d
                0x00252b3c                __floatdidf
                0x00252b3c                __aeabi_l2d
 .text          0x00252b9c       0xd4 C:/devkitPro/devkitARM/bin/../lib/gcc/arm-none-eabi/15.2.0/armv6k/fpu\libgcc.a(_aeabi_ldivmod.o)
                0x00252b9c                __aeabi_ldivmod
 .text          0x00252c70       0x3c C:/devkitPro/devkitARM/bin/../lib/gcc/arm-none-eabi/15.2.0/armv6k/fpu\libgcc.a(_aeabi_uldivmod.o)
                0x00252c70                __aeabi_uldivmod
 *fill*         0x00252cac       0x14 
 .text          0x00252cc0      0x390 C:/devkitPro/devkitARM/bin/../lib/gcc/arm-none-eabi/15.2.0/../../../../arm-none-eabi/lib/armv6k/fpu\libg.a(libc_a-strcmp.o)
                0x00252cc8                strcmp
 *(.text.*)
 .text.__do_global_dtors_aux
                0x00253050       0x50 C:/devkitPro/devkitARM/bin/../lib/gcc/arm-none-eabi/15.2.0/armv6k/fpu/crtbegin.o
 .text.frame_dummy
                0x002530a0       0x2c C:/devkitPro/devkitARM/bin/../lib/gcc/arm-none-eabi/15.2.0/armv6k/fpu/crtbegin.o
 .text.apt_callback
                0x002530cc       0x60 main.o
 .text.locked_printf
                0x0025312c       0x80 main.o
 .text.shutdown_video_decoder
                0x002531ac       0xcc main.o
 .text.connect_tcp
                0x00253278       0x90 main.o
 .text.create_key_mask.part.0
                0x00253308       0x54 main.o
 .text.drain_decoded_frames
                0x0025335c      0x34c main.o
 .text.video_thread_main
                0x002536a8      0x734 main.o
 *fill*         0x00253ddc        0x4 
 .text.startup.main
                0x00253de0      0x530 main.o
                0x00253de0                main
 .text.consoleDrawChar
                0x00254310      0x1c8 C:/devkitPro/libctru-master/libctru/lib\libctru.a(console.o)
                0x00254310                consoleDrawChar
 .text.consolePrintChar
                0x002544d8      0x170 C:/devkitPro/libctru-master/libctru/lib\libctru.a(console.o)
                0x002544d8                consolePrintChar
 .text.con_write
                0x00254648      0xcc8 C:/devkitPro/libctru-master/libctru/lib\libctru.a(console.o)
                0x00254648                con_write
 .text.newRow   0x00255310       0xfc C:/devkitPro/libctru-master/libctru/lib\libctru.a(console.o)
 .text.consoleInit
                0x0025540c      0x180 C:/devkitPro/libctru-master/libctru/lib\libctru.a(console.o)
                0x0025540c                consoleInit
 .text.gfxPresentFramebuffer
                0x0025558c       0xcc C:/devkitPro/libctru-master/libctru/lib\libctru.a(gfx.o)
 .text.gfxIsWide
                0x00255658       0x1c C:/devkitPro/libctru-master/libctru/lib\libctru.a(gfx.o)
                0x00255658                gfxIsWide
 .text.gfxSetScreenFormat
                0x00255674       0xf8 C:/devkitPro/libctru-master/libctru/lib\libctru.a(gfx.o)
                0x00255674                gfxSetScreenFormat
 .text.gfxSetDoubleBuffering
                0x0025576c       0x10 C:/devkitPro/libctru-master/libctru/lib\libctru.a(gfx.o)
                0x0025576c                gfxSetDoubleBuffering
 .text.gfxInit  0x0025577c       0xd8 C:/devkitPro/libctru-master/libctru/lib\libctru.a(gfx.o)
                0x0025577c                gfxInit
 .text.gfxInitDefault
                0x00255854       0x10 C:/devkitPro/libctru-master/libctru/lib\libctru.a(gfx.o)
                0x00255854                gfxInitDefault
 .text.gfxExit  0x00255864       0xb8 C:/devkitPro/libctru-master/libctru/lib\libctru.a(gfx.o)
                0x00255864                gfxExit
 .text.gfxGetFramebuffer
                0x0025591c       0xa0 C:/devkitPro/libctru-master/libctru/lib\libctru.a(gfx.o)
                0x0025591c                gfxGetFramebuffer
 .text.gfxFlushBuffers
                0x002559bc      0x100 C:/devkitPro/libctru-master/libctru/lib\libctru.a(gfx.o)
                0x002559bc                gfxFlushBuffers
 .text.gfxSwapBuffers
                0x00255abc       0x50 C:/devkitPro/libctru-master/libctru/lib\libctru.a(gfx.o)
                0x00255abc                gfxSwapBuffers
 .text.gfxSwapBuffersGpu
                0x00255b0c       0x50 C:/devkitPro/libctru-master/libctru/lib\libctru.a(gfx.o)
                0x00255b0c                gfxSwapBuffersGpu
 .text.__sync_init
                0x00255b5c        0xc C:/devkitPro/libctru-master/libctru/lib\libctru.a(synchronization.o)
                0x00255b5c                __sync_init
 .text.__sync_fini
                0x00255b68       0x18 C:/devkitPro/libctru-master/libctru/lib\libctru.a(synchronization.o)
                0x00255b68                __sync_fini
 .text.syncArbitrateAddress
                0x00255b80       0x28 C:/devkitPro/libctru-master/libctru/lib\libctru.a(synchronization.o)
                0x00255b80                syncArbitrateAddress
 .text.LightLock_Init
                0x00255ba8       0x1c C:/devkitPro/libctru-master/libctru/lib\libctru.a(synchronization.o)
                0x00255ba8                LightLock_Init
 .text.LightLock_Lock
                0x00255bc4       0xac C:/devkitPro/libctru-master/libctru/lib\libctru.a(synchronization.o)
                0x00255bc4                LightLock_Lock
 .text.LightLock_Unlock
                0x00255c70       0x40 C:/devkitPro/libctru-master/libctru/lib\libctru.a(synchronization.o)
                0x00255c70                LightLock_Unlock
 .text.RecursiveLock_Lock
                0x00255cb0       0x54 C:/devkitPro/libctru-master/libctru/lib\libctru.a(synchronization.o)
                0x00255cb0                RecursiveLock_Lock
 .text.RecursiveLock_Unlock
                0x00255d04       0x54 C:/devkitPro/libctru-master/libctru/lib\libctru.a(synchronization.o)
                0x00255d04                RecursiveLock_Unlock
 .text.CondVar_WaitTimeout
                0x00255d58       0xec C:/devkitPro/libctru-master/libctru/lib\libctru.a(synchronization.o)
                0x00255d58                CondVar_WaitTimeout
 .text.CondVar_WakeUp
                0x00255e44      0x124 C:/devkitPro/libctru-master/libctru/lib\libctru.a(synchronization.o)
                0x00255e44                CondVar_WakeUp
 .text.LightEvent_Init
                0x00255f68       0x44 C:/devkitPro/libctru-master/libctru/lib\libctru.a(synchronization.o)
                0x00255f68                LightEvent_Init
 .text.LightEvent_Clear
                0x00255fac       0xb8 C:/devkitPro/libctru-master/libctru/lib\libctru.a(synchronization.o)
                0x00255fac                LightEvent_Clear
 .text.LightEvent_Signal
                0x00256064       0xdc C:/devkitPro/libctru-master/libctru/lib\libctru.a(synchronization.o)
                0x00256064                LightEvent_Signal
 .text.LightEvent_TryWait
                0x00256140       0x50 C:/devkitPro/libctru-master/libctru/lib\libctru.a(synchronization.o)
                0x00256140                LightEvent_TryWait
 .text.LightEvent_Wait
                0x00256190       0xac C:/devkitPro/libctru-master/libctru/lib\libctru.a(synchronization.o)
                0x00256190                LightEvent_Wait
 .text.threadCreate
                0x0025623c      0x1fc C:/devkitPro/libctru-master/libctru/lib\libctru.a(thread.o)
                0x0025623c                threadCreate
 .text.threadGetExitCode
                0x00256438       0x1c C:/devkitPro/libctru-master/libctru/lib\libctru.a(thread.o)
                0x00256438                threadGetExitCode
 .text.threadFree
                0x00256454       0x38 C:/devkitPro/libctru-master/libctru/lib\libctru.a(thread.o)
                0x00256454                threadFree
 .text.threadJoin
                0x0025648c       0x24 C:/devkitPro/libctru-master/libctru/lib\libctru.a(thread.o)
                0x0025648c                threadJoin
 .text.threadGetCurrent
                0x002564b0       0x30 C:/devkitPro/libctru-master/libctru/lib\libctru.a(thread.o)
                0x002564b0                threadGetCurrent
 .text.threadExit
                0x002564e0       0x40 C:/devkitPro/libctru-master/libctru/lib\libctru.a(thread.o)
                0x002564e0                threadExit
 .text._thread_begin
                0x00256520       0x20 C:/devkitPro/libctru-master/libctru/lib\libctru.a(thread.o)
 .text.aptConvertScreenForCapture
                0x00256540      0x180 C:/devkitPro/libctru-master/libctru/lib\libctru.a(apt.o)
 .text.aptDspSleep
                0x002566c0        0x8 C:/devkitPro/libctru-master/libctru/lib\libctru.a(apt.o)
                0x002566c0                aptDspSleep
 .text.aptDspWakeup
                0x002566c8        0x4 C:/devkitPro/libctru-master/libctru/lib\libctru.a(apt.o)
                0x002566c8                aptDspWakeup
 .text.aptDspCancel
                0x002566cc        0x4 C:/devkitPro/libctru-master/libctru/lib\libctru.a(apt.o)
                0x002566cc                aptDspCancel
 .text.aptSendCommand
                0x002566d0      0x138 C:/devkitPro/libctru-master/libctru/lib\libctru.a(apt.o)
                0x002566d0                aptSendCommand
 .text.aptExitProcess
                0x00256808       0x44 C:/devkitPro/libctru-master/libctru/lib\libctru.a(apt.o)
 .text.aptSetHomeAllowed
                0x0025684c       0x20 C:/devkitPro/libctru-master/libctru/lib\libctru.a(apt.o)
                0x0025684c                aptSetHomeAllowed
 .text.aptExit  0x0025686c      0x394 C:/devkitPro/libctru-master/libctru/lib\libctru.a(apt.o)
                0x0025686c                aptExit
 .text.aptHandleSleep
                0x00256c00       0xd8 C:/devkitPro/libctru-master/libctru/lib\libctru.a(apt.o)
                0x00256c00                aptHandleSleep
 .text.aptHook  0x00256cd8       0x34 C:/devkitPro/libctru-master/libctru/lib\libctru.a(apt.o)
                0x00256cd8                aptHook
 .text.aptUnhook
                0x00256d0c       0x30 C:/devkitPro/libctru-master/libctru/lib\libctru.a(apt.o)
                0x00256d0c                aptUnhook
 .text.aptSetMessageCallback
                0x00256d3c       0x1c C:/devkitPro/libctru-master/libctru/lib\libctru.a(apt.o)
                0x00256d3c                aptSetMessageCallback
 .text.APT_SleepIfShellClosed
                0x00256d58       0x84 C:/devkitPro/libctru-master/libctru/lib\libctru.a(apt.o)
                0x00256d58                APT_SleepIfShellClosed
 .text.aptSetSleepAllowed
                0x00256ddc       0x78 C:/devkitPro/libctru-master/libctru/lib\libctru.a(apt.o)
                0x00256ddc                aptSetSleepAllowed
 .text.APT_UnlockTransition
                0x00256e54       0x84 C:/devkitPro/libctru-master/libctru/lib\libctru.a(apt.o)
                0x00256e54                APT_UnlockTransition
 .text.aptEventHandler
                0x00256ed8      0x470 C:/devkitPro/libctru-master/libctru/lib\libctru.a(apt.o)
 .text.APT_ReceiveParameter
                0x00257348       0xbc C:/devkitPro/libctru-master/libctru/lib\libctru.a(apt.o)
                0x00257348                APT_ReceiveParameter
 .text.aptReceiveParameter.constprop.0
                0x00257404       0xb0 C:/devkitPro/libctru-master/libctru/lib\libctru.a(apt.o)
 *fill*         0x002574b4        0x4 
 .text.aptScreenTransfer
                0x002574b8      0x294 C:/devkitPro/libctru-master/libctru/lib\libctru.a(apt.o)
 .text.aptWaitForWakeUp.isra.0
                0x0025774c      0x2d0 C:/devkitPro/libctru-master/libctru/lib\libctru.a(apt.o)
 .text.aptLaunchLibraryApplet
                0x00257a1c      0x114 C:/devkitPro/libctru-master/libctru/lib\libctru.a(apt.o)
                0x00257a1c                aptLaunchLibraryApplet
 .text.aptJumpToHomeMenu
                0x00257b30       0xf4 C:/devkitPro/libctru-master/libctru/lib\libctru.a(apt.o)
                0x00257b30                aptJumpToHomeMenu
 .text.aptMainLoop
                0x00257c24       0x58 C:/devkitPro/libctru-master/libctru/lib\libctru.a(apt.o)
                0x00257c24                aptMainLoop
 .text.aptInit  0x00257c7c      0x240 C:/devkitPro/libctru-master/libctru/lib\libctru.a(apt.o)
                0x00257c7c                aptInit
 .text.APT_SendParameter
                0x00257ebc       0x5c C:/devkitPro/libctru-master/libctru/lib\libctru.a(apt.o)
                0x00257ebc                APT_SendParameter
 .text.APT_CheckNew3DS
                0x00257f18       0x90 C:/devkitPro/libctru-master/libctru/lib\libctru.a(apt.o)
                0x00257f18                APT_CheckNew3DS
 .text.gspHardwareInit
                0x00257fa8      0xc70 C:/devkitPro/libctru-master/libctru/lib\libctru.a(gspgpu.o)
 .text.gspInit  0x00258c18      0x288 C:/devkitPro/libctru-master/libctru/lib\libctru.a(gspgpu.o)
                0x00258c18                gspInit
 .text.gspExit  0x00258ea0      0x104 C:/devkitPro/libctru-master/libctru/lib\libctru.a(gspgpu.o)
                0x00258ea0                gspExit
 .text.gspHasGpuRight
                0x00258fa4       0x10 C:/devkitPro/libctru-master/libctru/lib\libctru.a(gspgpu.o)
                0x00258fa4                gspHasGpuRight
 .text.gspPresentBuffer
                0x00258fb4       0xa4 C:/devkitPro/libctru-master/libctru/lib\libctru.a(gspgpu.o)
                0x00258fb4                gspPresentBuffer
 .text.gspWaitForEvent
                0x00259058       0x50 C:/devkitPro/libctru-master/libctru/lib\libctru.a(gspgpu.o)
                0x00259058                gspWaitForEvent
 .text.gxCmdQueueInterrupt
                0x002590a8        0x4 C:/devkitPro/libctru-master/libctru/lib\libctru.a(gspgpu.o)
                0x002590a8                gxCmdQueueInterrupt
 .text.gspEventThreadMain
                0x002590ac      0x154 C:/devkitPro/libctru-master/libctru/lib\libctru.a(gspgpu.o)
 .text.GSPGPU_FlushDataCache
                0x00259200       0x50 C:/devkitPro/libctru-master/libctru/lib\libctru.a(gspgpu.o)
                0x00259200                GSPGPU_FlushDataCache
 .text.GSPGPU_SetLcdForceBlack
                0x00259250       0x34 C:/devkitPro/libctru-master/libctru/lib\libctru.a(gspgpu.o)
                0x00259250                GSPGPU_SetLcdForceBlack
 .text.GSPGPU_AcquireRight
                0x00259284       0x84 C:/devkitPro/libctru-master/libctru/lib\libctru.a(gspgpu.o)
                0x00259284                GSPGPU_AcquireRight
 .text.GSPGPU_ReleaseRight
                0x00259308       0x64 C:/devkitPro/libctru-master/libctru/lib\libctru.a(gspgpu.o)
                0x00259308                GSPGPU_ReleaseRight
 .text.GSPGPU_ImportDisplayCaptureInfo
                0x0025936c       0x7c C:/devkitPro/libctru-master/libctru/lib\libctru.a(gspgpu.o)
                0x0025936c                GSPGPU_ImportDisplayCaptureInfo
 .text.GSPGPU_SaveVramSysArea
                0x002593e8       0x2c C:/devkitPro/libctru-master/libctru/lib\libctru.a(gspgpu.o)
                0x002593e8                GSPGPU_SaveVramSysArea
 .text.GSPGPU_RestoreVramSysArea
                0x00259414       0x2c C:/devkitPro/libctru-master/libctru/lib\libctru.a(gspgpu.o)
                0x00259414                GSPGPU_RestoreVramSysArea
 .text.hidShouldUseIrrst
                0x00259440       0x24 C:/devkitPro/libctru-master/libctru/lib\libctru.a(hid.o)
                0x00259440                hidShouldUseIrrst
 .text.hidInit  0x00259464      0x1cc C:/devkitPro/libctru-master/libctru/lib\libctru.a(hid.o)
                0x00259464                hidInit
 .text.hidExit  0x00259630       0xe8 C:/devkitPro/libctru-master/libctru/lib\libctru.a(hid.o)
                0x00259630                hidExit
 .text.hidScanInput
                0x00259718      0x2a0 C:/devkitPro/libctru-master/libctru/lib\libctru.a(hid.o)
                0x00259718                hidScanInput
 .text.hidKeysHeld
                0x002599b8       0x10 C:/devkitPro/libctru-master/libctru/lib\libctru.a(hid.o)
                0x002599b8                hidKeysHeld
 .text.hidKeysDown
                0x002599c8       0x10 C:/devkitPro/libctru-master/libctru/lib\libctru.a(hid.o)
                0x002599c8                hidKeysDown
 .text.irrstInit
                0x002599d8      0x1a4 C:/devkitPro/libctru-master/libctru/lib\libctru.a(irrst.o)
                0x002599d8                irrstInit
 .text.irrstExit
                0x00259b7c       0xdc C:/devkitPro/libctru-master/libctru/lib\libctru.a(irrst.o)
                0x00259b7c                irrstExit
 .text.irrstScanInput
                0x00259c58       0xb4 C:/devkitPro/libctru-master/libctru/lib\libctru.a(irrst.o)
                0x00259c58                irrstScanInput
 .text.irrstKeysHeld
                0x00259d0c       0x24 C:/devkitPro/libctru-master/libctru/lib\libctru.a(irrst.o)
                0x00259d0c                irrstKeysHeld
 .text.connect  0x00259d30      0x174 C:/devkitPro/libctru-master/libctru/lib\libctru.a(soc_connect.o)
                0x00259d30                connect
 .text.inet_pton
                0x00259ea4       0x70 C:/devkitPro/libctru-master/libctru/lib\libctru.a(soc_inet_pton.o)
                0x00259ea4                inet_pton
 .text.soc_read
                0x00259f14       0x34 C:/devkitPro/libctru-master/libctru/lib\libctru.a(soc_init.o)
 .text.soc_write
                0x00259f48       0x34 C:/devkitPro/libctru-master/libctru/lib\libctru.a(soc_init.o)
 .text.soc_close
                0x00259f7c       0xb0 C:/devkitPro/libctru-master/libctru/lib\libctru.a(soc_init.o)
 .text.socInit  0x0025a02c      0x190 C:/devkitPro/libctru-master/libctru/lib\libctru.a(soc_init.o)
                0x0025a02c                socInit
 .text.socExit  0x0025a1bc       0x88 C:/devkitPro/libctru-master/libctru/lib\libctru.a(soc_init.o)
                0x0025a1bc                socExit
 .text.recv     0x0025a244       0x20 C:/devkitPro/libctru-master/libctru/lib\libctru.a(soc_recv.o)
                0x0025a244                recv
 .text.socuipc_cmd7
                0x0025a264      0x148 C:/devkitPro/libctru-master/libctru/lib\libctru.a(soc_recvfrom.o)
                0x0025a264                socuipc_cmd7
 .text.socuipc_cmd8
                0x0025a3ac      0x168 C:/devkitPro/libctru-master/libctru/lib\libctru.a(soc_recvfrom.o)
                0x0025a3ac                socuipc_cmd8
 .text.soc_recvfrom
                0x0025a514       0x10 C:/devkitPro/libctru-master/libctru/lib\libctru.a(soc_recvfrom.o)
                0x0025a514                soc_recvfrom
 .text.recvfrom
                0x0025a524       0xa4 C:/devkitPro/libctru-master/libctru/lib\libctru.a(soc_recvfrom.o)
                0x0025a524                recvfrom
 .text.send     0x0025a5c8       0x20 C:/devkitPro/libctru-master/libctru/lib\libctru.a(soc_send.o)
                0x0025a5c8                send
 .text.socuipc_cmd9
                0x0025a5e8      0x15c C:/devkitPro/libctru-master/libctru/lib\libctru.a(soc_sendto.o)
                0x0025a5e8                socuipc_cmd9
 .text.socuipc_cmda
                0x0025a744      0x160 C:/devkitPro/libctru-master/libctru/lib\libctru.a(soc_sendto.o)
                0x0025a744                socuipc_cmda
 .text.soc_sendto
                0x0025a8a4       0x10 C:/devkitPro/libctru-master/libctru/lib\libctru.a(soc_sendto.o)
                0x0025a8a4                soc_sendto
 .text.sendto   0x0025a8b4       0xa4 C:/devkitPro/libctru-master/libctru/lib\libctru.a(soc_sendto.o)
                0x0025a8b4                sendto
 .text.shutdown
                0x0025a958      0x108 C:/devkitPro/libctru-master/libctru/lib\libctru.a(soc_shutdown.o)
                0x0025a958                shutdown
 .text.socket   0x0025aa60      0x16c C:/devkitPro/libctru-master/libctru/lib\libctru.a(soc_socket.o)
                0x0025aa60                socket
 .text.swkbdMessageCallback
                0x0025abcc      0x190 C:/devkitPro/libctru-master/libctru/lib\libctru.a(swkbd.o)
 .text.swkbdInit
                0x0025ad5c       0x84 C:/devkitPro/libctru-master/libctru/lib\libctru.a(swkbd.o)
                0x0025ad5c                swkbdInit
 .text.swkbdSetHintText
                0x0025ade0       0x64 C:/devkitPro/libctru-master/libctru/lib\libctru.a(swkbd.o)
                0x0025ade0                swkbdSetHintText
 .text.swkbdSetButton
                0x0025ae44       0x88 C:/devkitPro/libctru-master/libctru/lib\libctru.a(swkbd.o)
                0x0025ae44                swkbdSetButton
 .text.swkbdInputText
                0x0025aecc      0x3a8 C:/devkitPro/libctru-master/libctru/lib\libctru.a(swkbd.o)
                0x0025aecc                swkbdInputText
 .text.utf16_to_utf8
                0x0025b274       0xe8 C:/devkitPro/libctru-master/libctru/lib\libctru.a(utf16_to_utf8.o)
                0x0025b274                utf16_to_utf8
 .text.utf8_to_utf16
                0x0025b35c       0xc0 C:/devkitPro/libctru-master/libctru/lib\libctru.a(utf8_to_utf16.o)
                0x0025b35c                utf8_to_utf16
 .text.__libctru_init
                0x0025b41c       0x38 C:/devkitPro/libctru-master/libctru/lib\libctru.a(ctru_init.o)
                0x0025b41c                __libctru_init
 .text.__system_initArgv
                0x0025b454      0x16c C:/devkitPro/libctru-master/libctru/lib\libctru.a(initArgv.o)
                0x0025b454                __system_initArgv
 .text.__syscall_getreent
                0x0025b5c0       0x30 C:/devkitPro/libctru-master/libctru/lib\libctru.a(syscalls.o)
                0x0025b5c0                __syscall_getreent
 .text.__syscall_clock_gettime
                0x0025b5f0       0xc4 C:/devkitPro/libctru-master/libctru/lib\libctru.a(syscalls.o)
                0x0025b5f0                __syscall_clock_gettime
 .text.__syscall_gettod_r
                0x0025b6b4       0x64 C:/devkitPro/libctru-master/libctru/lib\libctru.a(syscalls.o)
                0x0025b6b4                __syscall_gettod_r
 .text.__syscall_nanosleep
                0x0025b718       0x30 C:/devkitPro/libctru-master/libctru/lib\libctru.a(syscalls.o)
                0x0025b718                __syscall_nanosleep
 .text.__syscall_lock_acquire
                0x0025b748        0x4 C:/devkitPro/libctru-master/libctru/lib\libctru.a(syscalls.o)
                0x0025b748                __syscall_lock_acquire
 .text.__syscall_lock_release
                0x0025b74c        0x4 C:/devkitPro/libctru-master/libctru/lib\libctru.a(syscalls.o)
                0x0025b74c                __syscall_lock_release
 .text.__syscall_lock_acquire_recursive
                0x0025b750        0x4 C:/devkitPro/libctru-master/libctru/lib\libctru.a(syscalls.o)
                0x0025b750                __syscall_lock_acquire_recursive
 .text.__syscall_lock_release_recursive
                0x0025b754        0x4 C:/devkitPro/libctru-master/libctru/lib\libctru.a(syscalls.o)
                0x0025b754                __syscall_lock_release_recursive
 .text.__syscall_exit
                0x0025b758        0x4 C:/devkitPro/libctru-master/libctru/lib\libctru.a(syscalls.o)
                0x0025b758                __syscall_exit
 .text.__syscall_cond_signal
                0x0025b75c       0x14 C:/devkitPro/libctru-master/libctru/lib\libctru.a(syscalls.o)
                0x0025b75c                __syscall_cond_signal
 .text.__syscall_cond_broadcast
                0x0025b770       0x14 C:/devkitPro/libctru-master/libctru/lib\libctru.a(syscalls.o)
                0x0025b770                __syscall_cond_broadcast
 .text.__syscall_cond_wait
                0x0025b784       0x14 C:/devkitPro/libctru-master/libctru/lib\libctru.a(syscalls.o)
                0x0025b784                __syscall_cond_wait
 .text.__syscall_cond_wait_recursive
                0x0025b798       0x44 C:/devkitPro/libctru-master/libctru/lib\libctru.a(syscalls.o)
                0x0025b798                __syscall_cond_wait_recursive
 .text.__syscall_thread_create
                0x0025b7dc       0x58 C:/devkitPro/libctru-master/libctru/lib\libctru.a(syscalls.o)
                0x0025b7dc                __syscall_thread_create
 .text.__syscall_thread_join
                0x0025b834       0x30 C:/devkitPro/libctru-master/libctru/lib\libctru.a(syscalls.o)
                0x0025b834                __syscall_thread_join
 .text.initThreadVars
                0x0025b864       0x54 C:/devkitPro/libctru-master/libctru/lib\libctru.a(syscalls.o)
                0x0025b864                initThreadVars
 .text.__system_initSyscalls
                0x0025b8b8       0x80 C:/devkitPro/libctru-master/libctru/lib\libctru.a(syscalls.o)
                0x0025b8b8                __system_initSyscalls
 .text.svcControlMemory
                0x0025b938       0x20 C:/devkitPro/libctru-master/libctru/lib\libctru.a(svc.o)
                0x0025b938                svcControlMemory
 .text.svcQueryMemory
                0x0025b958       0x30 C:/devkitPro/libctru-master/libctru/lib\libctru.a(svc.o)
                0x0025b958                svcQueryMemory
 .text.svcExitProcess
                0x0025b988        0x8 C:/devkitPro/libctru-master/libctru/lib\libctru.a(svc.o)
                0x0025b988                svcExitProcess
 .text.svcCreateThread
                0x0025b990       0x20 C:/devkitPro/libctru-master/libctru/lib\libctru.a(svc.o)
                0x0025b990                svcCreateThread
 .text.svcExitThread
                0x0025b9b0        0x8 C:/devkitPro/libctru-master/libctru/lib\libctru.a(svc.o)
                0x0025b9b0                svcExitThread
 .text.svcSleepThread
                0x0025b9b8        0x8 C:/devkitPro/libctru-master/libctru/lib\libctru.a(svc.o)
                0x0025b9b8                svcSleepThread
 .text.svcReleaseMutex
                0x0025b9c0        0x8 C:/devkitPro/libctru-master/libctru/lib\libctru.a(svc.o)
                0x0025b9c0                svcReleaseMutex
 .text.svcCreateEvent
                0x0025b9c8       0x14 C:/devkitPro/libctru-master/libctru/lib\libctru.a(svc.o)
                0x0025b9c8                svcCreateEvent
 .text.svcSignalEvent
                0x0025b9dc        0x8 C:/devkitPro/libctru-master/libctru/lib\libctru.a(svc.o)
                0x0025b9dc                svcSignalEvent
 .text.svcClearEvent
                0x0025b9e4        0x8 C:/devkitPro/libctru-master/libctru/lib\libctru.a(svc.o)
                0x0025b9e4                svcClearEvent
 .text.svcCreateMemoryBlock
                0x0025b9ec       0x18 C:/devkitPro/libctru-master/libctru/lib\libctru.a(svc.o)
                0x0025b9ec                svcCreateMemoryBlock
 .text.svcMapMemoryBlock
                0x0025ba04        0x8 C:/devkitPro/libctru-master/libctru/lib\libctru.a(svc.o)
                0x0025ba04                svcMapMemoryBlock
 .text.svcUnmapMemoryBlock
                0x0025ba0c        0x8 C:/devkitPro/libctru-master/libctru/lib\libctru.a(svc.o)
                0x0025ba0c                svcUnmapMemoryBlock
 .text.svcCreateAddressArbiter
                0x0025ba14       0x14 C:/devkitPro/libctru-master/libctru/lib\libctru.a(svc.o)
                0x0025ba14                svcCreateAddressArbiter
 .text.svcArbitrateAddress
                0x0025ba28       0x18 C:/devkitPro/libctru-master/libctru/lib\libctru.a(svc.o)
                0x0025ba28                svcArbitrateAddress
 .text.svcArbitrateAddressNoTimeout
                0x0025ba40        0x8 C:/devkitPro/libctru-master/libctru/lib\libctru.a(svc.o)
                0x0025ba40                svcArbitrateAddressNoTimeout
 .text.svcCloseHandle
                0x0025ba48        0x8 C:/devkitPro/libctru-master/libctru/lib\libctru.a(svc.o)
                0x0025ba48                svcCloseHandle
 .text.svcWaitSynchronization
                0x0025ba50        0x8 C:/devkitPro/libctru-master/libctru/lib\libctru.a(svc.o)
                0x0025ba50                svcWaitSynchronization
 .text.svcWaitSynchronizationN
                0x0025ba58       0x28 C:/devkitPro/libctru-master/libctru/lib\libctru.a(svc.o)
                0x0025ba58                svcWaitSynchronizationN
 .text.svcDuplicateHandle
                0x0025ba80       0x14 C:/devkitPro/libctru-master/libctru/lib\libctru.a(svc.o)
                0x0025ba80                svcDuplicateHandle
 .text.svcGetSystemTick
                0x0025ba94        0x8 C:/devkitPro/libctru-master/libctru/lib\libctru.a(svc.o)
                0x0025ba94                svcGetSystemTick
 .text.svcConnectToPort
                0x0025ba9c       0x14 C:/devkitPro/libctru-master/libctru/lib\libctru.a(svc.o)
                0x0025ba9c                svcConnectToPort
 .text.svcSendSyncRequest
                0x0025bab0        0x8 C:/devkitPro/libctru-master/libctru/lib\libctru.a(svc.o)
                0x0025bab0                svcSendSyncRequest
 .text.svcGetResourceLimit
                0x0025bab8       0x14 C:/devkitPro/libctru-master/libctru/lib\libctru.a(svc.o)
                0x0025bab8                svcGetResourceLimit
 .text.svcGetResourceLimitLimitValues
                0x0025bacc        0x8 C:/devkitPro/libctru-master/libctru/lib\libctru.a(svc.o)
                0x0025bacc                svcGetResourceLimitLimitValues
 .text.svcGetResourceLimitCurrentValues
                0x0025bad4        0x8 C:/devkitPro/libctru-master/libctru/lib\libctru.a(svc.o)
                0x0025bad4                svcGetResourceLimitCurrentValues
 .text.svcBreak
                0x0025badc        0x8 C:/devkitPro/libctru-master/libctru/lib\libctru.a(svc.o)
                0x0025badc                svcBreak
 .text.initSystem
                0x0025bae4       0x50 C:/devkitPro/libctru-master/libctru/lib\libctru.a(stack_adjust.o)
                0x0025bae4                initSystem
 .text.__ctru_exit
                0x0025bb34       0x14 C:/devkitPro/libctru-master/libctru/lib\libctru.a(stack_adjust.o)
                0x0025bb34                __ctru_exit
 .text._ZL21addrMapNodeComparatorPK11rbtree_nodeS1_
                0x0025bb48       0x24 C:/devkitPro/libctru-master/libctru/lib\libctru.a(linear.o)
 .text._ZL21addrMapNodeDestructorP11rbtree_node
                0x0025bb6c        0x4 C:/devkitPro/libctru-master/libctru/lib\libctru.a(linear.o)
 .text.linearMemAlign
                0x0025bb70      0x12c C:/devkitPro/libctru-master/libctru/lib\libctru.a(linear.o)
                0x0025bb70                linearMemAlign
 .text.linearAlloc
                0x0025bc9c        0x8 C:/devkitPro/libctru-master/libctru/lib\libctru.a(linear.o)
                0x0025bc9c                linearAlloc
 .text.linearFree
                0x0025bca4       0x5c C:/devkitPro/libctru-master/libctru/lib\libctru.a(linear.o)
                0x0025bca4                linearFree
 .text._ZN7MemPool13CoalesceRightEP8MemBlock
                0x0025bd00       0x88 C:/devkitPro/libctru-master/libctru/lib\libctru.a(mem_pool.o)
                0x0025bd00                _ZN7MemPool13CoalesceRightEP8MemBlock
 .text._ZN7MemPool8AllocateER8MemChunkmi
                0x0025bd88      0x178 C:/devkitPro/libctru-master/libctru/lib\libctru.a(mem_pool.o)
                0x0025bd88                _ZN7MemPool8AllocateER8MemChunkmi
 .text._ZN7MemPool10DeallocateERK8MemChunk
                0x0025bf00      0x118 C:/devkitPro/libctru-master/libctru/lib\libctru.a(mem_pool.o)
                0x0025bf00                _ZN7MemPool10DeallocateERK8MemChunk
 .text._ZN7MemPool12GetFreeSpaceEv
                0x0025c018       0x30 C:/devkitPro/libctru-master/libctru/lib\libctru.a(mem_pool.o)
                0x0025c018                _ZN7MemPool12GetFreeSpaceEv
 .text._ZL21addrMapNodeComparatorPK11rbtree_nodeS1_
                0x0025c048       0x24 C:/devkitPro/libctru-master/libctru/lib\libctru.a(vram.o)
 .text._ZL21addrMapNodeDestructorP11rbtree_node
                0x0025c06c        0x4 C:/devkitPro/libctru-master/libctru/lib\libctru.a(vram.o)
 .text.vramMemAlignAt
                0x0025c070      0x248 C:/devkitPro/libctru-master/libctru/lib\libctru.a(vram.o)
                0x0025c070                vramMemAlignAt
 .text.vramAlloc
                0x0025c2b8        0xc C:/devkitPro/libctru-master/libctru/lib\libctru.a(vram.o)
                0x0025c2b8                vramAlloc
 .text.vramFree
                0x0025c2c4       0x94 C:/devkitPro/libctru-master/libctru/lib\libctru.a(vram.o)
                0x0025c2c4                vramFree
 .text.envGetHandle
                0x0025c358       0x8c C:/devkitPro/libctru-master/libctru/lib\libctru.a(env.o)
                0x0025c358                envGetHandle
 .text.envDestroyHandles
                0x0025c3e4       0x50 C:/devkitPro/libctru-master/libctru/lib\libctru.a(env.o)
                0x0025c3e4                envDestroyHandles
 .text.osGetTimeRef
                0x0025c434       0x54 C:/devkitPro/libctru-master/libctru/lib\libctru.a(os.o)
                0x0025c434                osGetTimeRef
 .text.osGetTime
                0x0025c488       0xec C:/devkitPro/libctru-master/libctru/lib\libctru.a(os.o)
                0x0025c488                osGetTime
 .text.__ctru_speedup_config
                0x0025c574       0x34 C:/devkitPro/libctru-master/libctru/lib\libctru.a(os.o)
                0x0025c574                __ctru_speedup_config
 .text.srvInit  0x0025c5a8      0x164 C:/devkitPro/libctru-master/libctru/lib\libctru.a(srv.o)
                0x0025c5a8                srvInit
 .text.srvExit  0x0025c70c       0x64 C:/devkitPro/libctru-master/libctru/lib\libctru.a(srv.o)
                0x0025c70c                srvExit
 .text.srvEnableNotification
                0x0025c770       0x60 C:/devkitPro/libctru-master/libctru/lib\libctru.a(srv.o)
                0x0025c770                srvEnableNotification
 .text.srvGetServiceHandleDirect
                0x0025c7d0       0xa0 C:/devkitPro/libctru-master/libctru/lib\libctru.a(srv.o)
                0x0025c7d0                srvGetServiceHandleDirect
 .text.srvGetServiceHandle
                0x0025c870       0x48 C:/devkitPro/libctru-master/libctru/lib\libctru.a(srv.o)
                0x0025c870                srvGetServiceHandle
 .text.srvSubscribe
                0x0025c8b8       0x34 C:/devkitPro/libctru-master/libctru/lib\libctru.a(srv.o)
                0x0025c8b8                srvSubscribe
 .text.srvReceiveNotification
                0x0025c8ec       0x60 C:/devkitPro/libctru-master/libctru/lib\libctru.a(srv.o)
                0x0025c8ec                srvReceiveNotification
 .text.srvPublishToSubscriber
                0x0025c94c       0x38 C:/devkitPro/libctru-master/libctru/lib\libctru.a(srv.o)
                0x0025c94c                srvPublishToSubscriber
 .text.mappableFindAddressWithin
                0x0025c984       0x90 C:/devkitPro/libctru-master/libctru/lib\libctru.a(mappable.o)
 .text.mappableInit
                0x0025ca14       0x28 C:/devkitPro/libctru-master/libctru/lib\libctru.a(mappable.o)
                0x0025ca14                mappableInit
 .text.mappableAlloc
                0x0025ca3c       0x7c C:/devkitPro/libctru-master/libctru/lib\libctru.a(mappable.o)
                0x0025ca3c                mappableAlloc
 .text.mappableFree
                0x0025cab8        0x4 C:/devkitPro/libctru-master/libctru/lib\libctru.a(mappable.o)
                0x0025cab8                mappableFree
 .text.ptmSysmInit
                0x0025cabc       0x78 C:/devkitPro/libctru-master/libctru/lib\libctru.a(ptmsysm.o)
                0x0025cabc                ptmSysmInit
 .text.ptmSysmExit
                0x0025cb34       0x3c C:/devkitPro/libctru-master/libctru/lib\libctru.a(ptmsysm.o)
                0x0025cb34                ptmSysmExit
 .text.PTMSYSM_ConfigureNew3DSCPU
                0x0025cb70       0x34 C:/devkitPro/libctru-master/libctru/lib\libctru.a(ptmsysm.o)
                0x0025cb70                PTMSYSM_ConfigureNew3DSCPU
 .text.srvPmGetSessionHandle
                0x0025cba4        0xc C:/devkitPro/libctru-master/libctru/lib\libctru.a(srvpm.o)
                0x0025cba4                srvPmGetSessionHandle
 .text._net_convert_error
                0x0025cbb0       0x3c C:/devkitPro/libctru-master/libctru/lib\libctru.a(soc_common.o)
                0x0025cbb0                _net_convert_error
 .text.rbtree_find
                0x0025cbec       0x74 C:/devkitPro/libctru-master/libctru/lib\libctru.a(rbtree_find.o)
                0x0025cbec                rbtree_find
 .text.rbtree_init
                0x0025cc60       0x10 C:/devkitPro/libctru-master/libctru/lib\libctru.a(rbtree_init.o)
                0x0025cc60                rbtree_init
 .text.do_insert
                0x0025cc70      0x198 C:/devkitPro/libctru-master/libctru/lib\libctru.a(rbtree_insert.o)
 .text.rbtree_insert
                0x0025ce08        0x8 C:/devkitPro/libctru-master/libctru/lib\libctru.a(rbtree_insert.o)
                0x0025ce08                rbtree_insert
 .text.rbtree_remove
                0x0025ce10      0x310 C:/devkitPro/libctru-master/libctru/lib\libctru.a(rbtree_remove.o)
                0x0025ce10                rbtree_remove
 .text.rbtree_rotate
                0x0025d120       0x90 C:/devkitPro/libctru-master/libctru/lib\libctru.a(rbtree_rotate.o)
                0x0025d120                rbtree_rotate
 .text.decode_utf16
                0x0025d1b0       0x54 C:/devkitPro/libctru-master/libctru/lib\libctru.a(decode_utf16.o)
                0x0025d1b0                decode_utf16
 .text.decode_utf8
                0x0025d204      0x140 C:/devkitPro/libctru-master/libctru/lib\libctru.a(decode_utf8.o)
                0x0025d204                decode_utf8
 .text.encode_utf16
                0x0025d344       0x54 C:/devkitPro/libctru-master/libctru/lib\libctru.a(encode_utf16.o)
                0x0025d344                encode_utf16
 .text.encode_utf8
                0x0025d398       0xe0 C:/devkitPro/libctru-master/libctru/lib\libctru.a(encode_utf8.o)
                0x0025d398                encode_utf8
 .text.__system_allocateHeaps
                0x0025d478      0x1e8 C:/devkitPro/libctru-master/libctru/lib\libctru.a(allocateHeaps.o)
                0x0025d478                __system_allocateHeaps
 .text.__appExit
                0x0025d660       0x30 C:/devkitPro/libctru-master/libctru/lib\libctru.a(appExit.o)
                0x0025d660                __appExit
 .text.__appInit
                0x0025d690       0x30 C:/devkitPro/libctru-master/libctru/lib\libctru.a(appInit.o)
                0x0025d690                __appInit
 .text.__libctru_exit
                0x0025d6c0       0x90 C:/devkitPro/libctru-master/libctru/lib\libctru.a(ctru_exit.o)
                0x0025d6c0                __libctru_exit
 .text.error_cmp
                0x0025d750       0x24 C:/devkitPro/libctru-master/libctru/lib\libctru.a(archive_dev.o)
 .text.archive_translate_error
                0x0025d774       0x50 C:/devkitPro/libctru-master/libctru/lib\libctru.a(archive_dev.o)
 .text.archive_seek
                0x0025d7c4       0xc0 C:/devkitPro/libctru-master/libctru/lib\libctru.a(archive_dev.o)
 .text._archiveInit.part.0
                0x0025d884       0x78 C:/devkitPro/libctru-master/libctru/lib\libctru.a(archive_dev.o)
 .text.archiveFindDevice.part.0
                0x0025d8fc      0x110 C:/devkitPro/libctru-master/libctru/lib\libctru.a(archive_dev.o)
 .text.archive_utf16path
                0x0025da0c      0x298 C:/devkitPro/libctru-master/libctru/lib\libctru.a(archive_dev.o)
 .text._archiveUnmountDeviceStruct.part.0
                0x0025dca4       0x98 C:/devkitPro/libctru-master/libctru/lib\libctru.a(archive_dev.o)
 .text._archiveMountDevice